Archive member included to satisfy reference by file (symbol)

/home/paulkim/work/sdk/citadel/driver_mpos_2.1.1/build/drivers/broadcom/pka/qlip/qlip.a(q_addsub.o)
                              /home/paulkim/work/sdk/citadel/driver_mpos_2.1.1/build/drivers/broadcom/pka/crypto_pka.o (q_ucmp)
/home/paulkim/work/sdk/citadel/driver_mpos_2.1.1/build/drivers/broadcom/pka/qlip/qlip.a(q_dh.o)
                              /home/paulkim/work/sdk/citadel/driver_mpos_2.1.1/build/drivers/broadcom/pka/crypto_pka.o (q_dh_pk)
/home/paulkim/work/sdk/citadel/driver_mpos_2.1.1/build/drivers/broadcom/pka/qlip/qlip.a(q_div.o)
                              /home/paulkim/work/sdk/citadel/driver_mpos_2.1.1/build/drivers/broadcom/pka/crypto_pka.o (q_div_2pn)
/home/paulkim/work/sdk/citadel/driver_mpos_2.1.1/build/drivers/broadcom/pka/qlip/qlip.a(q_dsa.o)
                              /home/paulkim/work/sdk/citadel/driver_mpos_2.1.1/build/drivers/broadcom/pka/crypto_pka.o (q_dsa_sign)
/home/paulkim/work/sdk/citadel/driver_mpos_2.1.1/build/drivers/broadcom/pka/qlip/qlip.a(q_ecdsa.o)
                              /home/paulkim/work/sdk/citadel/driver_mpos_2.1.1/build/drivers/broadcom/pka/crypto_pka.o (q_ecp_ecdsa_sign)
/home/paulkim/work/sdk/citadel/driver_mpos_2.1.1/build/drivers/broadcom/pka/qlip/qlip.a(q_ecp.o)
                              /home/paulkim/work/sdk/citadel/driver_mpos_2.1.1/build/drivers/broadcom/pka/qlip/qlip.a(q_ecdsa.o) (q_pt_copy)
/home/paulkim/work/sdk/citadel/driver_mpos_2.1.1/build/drivers/broadcom/pka/qlip/qlip.a(q_fdivrem.o)
                              /home/paulkim/work/sdk/citadel/driver_mpos_2.1.1/build/drivers/broadcom/pka/qlip/qlip.a(q_div.o) (q_fdivrem)
/home/paulkim/work/sdk/citadel/driver_mpos_2.1.1/build/drivers/broadcom/pka/qlip/qlip.a(q_inv.o)
                              /home/paulkim/work/sdk/citadel/driver_mpos_2.1.1/build/drivers/broadcom/pka/crypto_pka.o (q_modinv)
/home/paulkim/work/sdk/citadel/driver_mpos_2.1.1/build/drivers/broadcom/pka/qlip/qlip.a(q_lip_aux.o)
                              /home/paulkim/work/sdk/citadel/driver_mpos_2.1.1/build/drivers/broadcom/pka/crypto_pka_ushx.o (q_copy)
/home/paulkim/work/sdk/citadel/driver_mpos_2.1.1/build/drivers/broadcom/pka/qlip/qlip.a(q_lip_utils.o)
                              /home/paulkim/work/sdk/citadel/driver_mpos_2.1.1/build/drivers/broadcom/pka/crypto_pka.o (q_ctx_init)
/home/paulkim/work/sdk/citadel/driver_mpos_2.1.1/build/drivers/broadcom/pka/qlip/qlip.a(q_modexp.o)
                              /home/paulkim/work/sdk/citadel/driver_mpos_2.1.1/build/drivers/broadcom/pka/qlip/qlip.a(q_dh.o) (q_mont_init)
/home/paulkim/work/sdk/citadel/driver_mpos_2.1.1/build/drivers/broadcom/pka/qlip/qlip.a(q_mod.o)
                              /home/paulkim/work/sdk/citadel/driver_mpos_2.1.1/build/drivers/broadcom/pka/qlip/qlip.a(q_modexp.o) (q_mod_2pn)
/home/paulkim/work/sdk/citadel/driver_mpos_2.1.1/build/drivers/broadcom/pka/qlip/qlip.a(q_mulsqr.o)
                              /home/paulkim/work/sdk/citadel/driver_mpos_2.1.1/build/drivers/broadcom/pka/qlip/qlip.a(q_fdivrem.o) (q_mul_2pn)
/home/paulkim/work/sdk/citadel/driver_mpos_2.1.1/build/drivers/broadcom/pka/qlip/qlip.a(q_pka_hw.o)
                              /home/paulkim/work/sdk/citadel/driver_mpos_2.1.1/build/drivers/broadcom/pka/qlip/qlip.a(q_dh.o) (q_pka_sel_LIR)
/home/paulkim/work/sdk/citadel/driver_mpos_2.1.1/build/drivers/broadcom/pka/qlip/qlip.a(q_ppsel.o)
                              /home/paulkim/work/sdk/citadel/driver_mpos_2.1.1/build/drivers/broadcom/pka/crypto_pka.o (q_ppsel)
/home/paulkim/work/sdk/citadel/driver_mpos_2.1.1/build/drivers/broadcom/pka/qlip/qlip.a(q_rsa_4k.o)
                              /home/paulkim/work/sdk/citadel/driver_mpos_2.1.1/build/drivers/broadcom/pka/crypto_pka.o (q_modexp_mont_sw)
/home/paulkim/work/sdk/citadel/driver_mpos_2.1.1/build/drivers/broadcom/pka/qlip/qlip.a(q_rsa.o)
                              /home/paulkim/work/sdk/citadel/driver_mpos_2.1.1/build/drivers/broadcom/pka/crypto_pka.o (q_rsa_enc)
/home/paulkim/work/toolchains/gcc-arm-none-eabi-6-2017-q1-update/bin/../lib/gcc/arm-none-eabi/6.3.1/../../../../arm-none-eabi/lib/thumb/v7-ar/fpv3/hard/libc.a(lib_a-atoi.o)
                              /home/paulkim/work/sdk/citadel/driver_mpos_2.1.1/build/apps/ut/tests/test.o (atoi)
/home/paulkim/work/toolchains/gcc-arm-none-eabi-6-2017-q1-update/bin/../lib/gcc/arm-none-eabi/6.3.1/../../../../arm-none-eabi/lib/thumb/v7-ar/fpv3/hard/libc.a(lib_a-locale.o)
                              /home/paulkim/work/sdk/citadel/driver_mpos_2.1.1/build/drivers/console/uart_console.o (__locale_ctype_ptr)
/home/paulkim/work/toolchains/gcc-arm-none-eabi-6-2017-q1-update/bin/../lib/gcc/arm-none-eabi/6.3.1/../../../../arm-none-eabi/lib/thumb/v7-ar/fpv3/hard/libc.a(lib_a-mbtowc_r.o)
[...]
Memory Configuration

Name             Origin             Length             Attributes
FLASH            0x0000000063000400 0x0000000004000000 xr
RAM              0x0000000024010000 0x00000000000f0000 xrw
*default*        0x0000000000000000 0xffffffffffffffff

Linker script and memory map

LOAD /home/paulkim/work/sdk/citadel/driver_mpos_2.1.1/build/arch/arm/core/exc_manage.o
LOAD /home/paulkim/work/sdk/citadel/driver_mpos_2.1.1/build/arch/arm/core/exc_handler.o
LOAD /home/paulkim/work/sdk/citadel/driver_mpos_2.1.1/build/arch/arm/core/arm_core_cache.o
LOAD /home/paulkim/work/sdk/citadel/driver_mpos_2.1.1/build/arch/arm/core/fault.o
LOAD /home/paulkim/work/sdk/citadel/driver_mpos_2.1.1/build/arch/arm/core/arm_core_mmu.o
LOAD /home/paulkim/work/sdk/citadel/driver_mpos_2.1.1/build/arch/arm/soc/bcm_citadel/bcm5820x/soc_config.o
LOAD /home/paulkim/work/sdk/citadel/driver_mpos_2.1.1/build/osal/no_os/alloc.o
LOAD /home/paulkim/work/sdk/citadel/driver_mpos_2.1.1/build/osal/no_os/osal.o
LOAD /home/paulkim/work/sdk/citadel/driver_mpos_2.1.1/build/osal/common/printk.o
LOAD /home/paulkim/work/sdk/citadel/driver_mpos_2.1.1/build/osal/common/device.o
LOAD /home/paulkim/work/sdk/citadel/driver_mpos_2.1.1/build/osal/common/tick.o
LOAD /home/paulkim/work/sdk/citadel/driver_mpos_2.1.1/build/osal/common/util.o
LOAD /home/paulkim/work/sdk/citadel/driver_mpos_2.1.1/build/osal/common/irq_manage.o
LOAD /home/paulkim/work/sdk/citadel/driver_mpos_2.1.1/build/osal/common/atomic_c.o
LOAD /home/paulkim/work/sdk/citadel/driver_mpos_2.1.1/build/drivers/timer/arm_generic_timer.o
LOAD /home/paulkim/work/sdk/citadel/driver_mpos_2.1.1/build/drivers/timer/sys_clock_init.o
LOAD /home/paulkim/work/sdk/citadel/driver_mpos_2.1.1/build/drivers/broadcom/crypto/crypto_selftest.o
LOAD /home/paulkim/work/sdk/citadel/driver_mpos_2.1.1/build/drivers/broadcom/crypto/crypto_symmetric.o
LOAD /home/paulkim/work/sdk/citadel/driver_mpos_2.1.1/build/drivers/broadcom/crypto/gf8_func.o
LOAD /home/paulkim/work/sdk/citadel/driver_mpos_2.1.1/build/drivers/broadcom/crypto/crypto_rng.o
LOAD /home/paulkim/work/sdk/citadel/driver_mpos_2.1.1/build/drivers/broadcom/crypto/crypto_smau.o
LOAD /home/paulkim/work/sdk/citadel/driver_mpos_2.1.1/build/drivers/broadcom/spru/spru_bbl_access.o
LOAD /home/paulkim/work/sdk/citadel/driver_mpos_2.1.1/build/drivers/broadcom/timer/timer_bcm58202.o
LOAD /home/paulkim/work/sdk/citadel/driver_mpos_2.1.1/build/drivers/broadcom/sdio/sdio_bcm5820x.o
LOAD /home/paulkim/work/sdk/citadel/driver_mpos_2.1.1/build/drivers/broadcom/lcd/lcd_ili9341.o
LOAD /home/paulkim/work/sdk/citadel/driver_mpos_2.1.1/build/drivers/broadcom/spi/spi_bcm58202_legacy.o
LOAD /home/paulkim/work/sdk/citadel/driver_mpos_2.1.1/build/drivers/broadcom/spi/spi_bcm58202.o
LOAD /home/paulkim/work/sdk/citadel/driver_mpos_2.1.1/build/drivers/broadcom/unicam/unicam_bcm5820x_csi.o
LOAD /home/paulkim/work/sdk/citadel/driver_mpos_2.1.1/build/drivers/broadcom/unicam/li_v024m.o
LOAD /home/paulkim/work/sdk/citadel/driver_mpos_2.1.1/build/drivers/broadcom/sc/sc_cit_atrpriv.o
LOAD /home/paulkim/work/sdk/citadel/driver_mpos_2.1.1/build/drivers/broadcom/sc/sc_bcm58202_clk.o
LOAD /home/paulkim/work/sdk/citadel/driver_mpos_2.1.1/build/drivers/broadcom/sc/sc_cit_main.o
LOAD /home/paulkim/work/sdk/citadel/driver_mpos_2.1.1/build/drivers/broadcom/sc/sc_cit_priv.o
LOAD /home/paulkim/work/sdk/citadel/driver_mpos_2.1.1/build/drivers/broadcom/sc/sc_acos2.o
LOAD /home/paulkim/work/sdk/citadel/driver_mpos_2.1.1/build/drivers/broadcom/sc/sc_cit.o
LOAD /home/paulkim/work/sdk/citadel/driver_mpos_2.1.1/build/drivers/broadcom/smau/smau.o
LOAD /home/paulkim/work/sdk/citadel/driver_mpos_2.1.1/build/drivers/broadcom/bbl/bbl_bcm5820x.o
LOAD /home/paulkim/work/sdk/citadel/driver_mpos_2.1.1/build/drivers/broadcom/i2c/i2c_bcm58202.o
LOAD /home/paulkim/work/sdk/citadel/driver_mpos_2.1.1/build/drivers/broadcom/pm/mproc_pm.o
LOAD /home/paulkim/work/sdk/citadel/driver_mpos_2.1.1/build/drivers/broadcom/pm/save_restore.o
LOAD /home/paulkim/work/sdk/citadel/driver_mpos_2.1.1/build/drivers/broadcom/pm/smbus.o
LOAD /home/paulkim/work/sdk/citadel/driver_mpos_2.1.1/build/drivers/broadcom/clock_control/clocks_citadel_a7.o
LOAD /home/paulkim/work/sdk/citadel/driver_mpos_2.1.1/build/drivers/broadcom/clock_control/clocks_bcm58202.o
LOAD /home/paulkim/work/sdk/citadel/driver_mpos_2.1.1/build/drivers/broadcom/pka/crypto_pka_selftest.o
LOAD /home/paulkim/work/sdk/citadel/driver_mpos_2.1.1/build/drivers/broadcom/pka/crypto_pka.o
LOAD /home/paulkim/work/sdk/citadel/driver_mpos_2.1.1/build/drivers/broadcom/pka/crypto_pka_util.o
LOAD /home/paulkim/work/sdk/citadel/driver_mpos_2.1.1/build/drivers/broadcom/pka/crypto_pka_ushx.o
LOAD /home/paulkim/work/sdk/citadel/driver_mpos_2.1.1/build/drivers/broadcom/gpio/gpio_bcm58202.o
LOAD /home/paulkim/work/sdk/citadel/driver_mpos_2.1.1/build/drivers/broadcom/pwm/pwm_bcm58602.o
LOAD /home/paulkim/work/sdk/citadel/driver_mpos_2.1.1/build/drivers/broadcom/dma/dma_pl080.o
LOAD /home/paulkim/work/sdk/citadel/driver_mpos_2.1.1/build/drivers/broadcom/dmu/dmu_bcm58202.o
LOAD /home/paulkim/work/sdk/citadel/driver_mpos_2.1.1/build/drivers/broadcom/sotp/sotp.o
LOAD /home/paulkim/work/sdk/citadel/driver_mpos_2.1.1/build/drivers/broadcom/qspi_flash/qspi_bcm58202_macronix.o
LOAD /home/paulkim/work/sdk/citadel/driver_mpos_2.1.1/build/drivers/broadcom/qspi_flash/qspi_bcm58202_giga_device.o
LOAD /home/paulkim/work/sdk/citadel/driver_mpos_2.1.1/build/drivers/broadcom/qspi_flash/qspi_bcm58202_micron.o
LOAD /home/paulkim/work/sdk/citadel/driver_mpos_2.1.1/build/drivers/broadcom/qspi_flash/qspi_bcm58202_winbond.o
LOAD /home/paulkim/work/sdk/citadel/driver_mpos_2.1.1/build/drivers/broadcom/qspi_flash/qspi_bcm58202_xmc.o
LOAD /home/paulkim/work/sdk/citadel/driver_mpos_2.1.1/build/drivers/broadcom/qspi_flash/qspi_bcm58202_spansion.o
LOAD /home/paulkim/work/sdk/citadel/driver_mpos_2.1.1/build/drivers/broadcom/qspi_flash/qspi_bcm58202.o
LOAD /home/paulkim/work/sdk/citadel/driver_mpos_2.1.1/build/drivers/broadcom/qspi_flash/qspi_memcpy_src_unaligned.o
LOAD /home/paulkim/work/sdk/citadel/driver_mpos_2.1.1/build/drivers/broadcom/pinmux/iomux_bcm58202.o
LOAD /home/paulkim/work/sdk/citadel/driver_mpos_2.1.1/build/drivers/broadcom/rtc/rtc_bcm5820x.o
LOAD /home/paulkim/work/sdk/citadel/driver_mpos_2.1.1/build/drivers/console/uart_console.o
LOAD /home/paulkim/work/sdk/citadel/driver_mpos_2.1.1/build/drivers/serial/uart_ns16550.o
LOAD /home/paulkim/work/sdk/citadel/driver_mpos_2.1.1/build/drivers/interrupt_controller/gic.o
LOAD /home/paulkim/work/sdk/citadel/driver_mpos_2.1.1/build/os/no_os/main.o
LOAD /home/paulkim/work/sdk/citadel/driver_mpos_2.1.1/build/os/common/startup.o
LOAD /home/paulkim/work/sdk/citadel/driver_mpos_2.1.1/build/os/common/cstartup.o
LOAD /home/paulkim/work/sdk/citadel/driver_mpos_2.1.1/build/boards/serp_cp/lcd.o
LOAD /home/paulkim/work/sdk/citadel/driver_mpos_2.1.1/build/boards/serp_cp/board.o
LOAD /home/paulkim/work/sdk/citadel/driver_mpos_2.1.1/build/apps/ut/tests/cpu/cpu.o
LOAD /home/paulkim/work/sdk/citadel/driver_mpos_2.1.1/build/apps/ut/tests/test.o
LOAD /home/paulkim/work/sdk/citadel/driver_mpos_2.1.1/build/apps/ut/tests/drivers/crypto/test_crypto.o
LOAD /home/paulkim/work/sdk/citadel/driver_mpos_2.1.1/build/apps/ut/tests/drivers/crypto/pci_eval_test.o
LOAD /home/paulkim/work/sdk/citadel/driver_mpos_2.1.1/build/apps/ut/tests/drivers/timer/test_timer.o
LOAD /home/paulkim/work/sdk/citadel/driver_mpos_2.1.1/build/apps/ut/tests/drivers/sdio/sd_mem_card_test.o
LOAD /home/paulkim/work/sdk/citadel/driver_mpos_2.1.1/build/apps/ut/tests/drivers/sdio/test_sdio.o
LOAD /home/paulkim/work/sdk/citadel/driver_mpos_2.1.1/build/apps/ut/tests/drivers/lcd/test_lcd.o
LOAD /home/paulkim/work/sdk/citadel/driver_mpos_2.1.1/build/apps/ut/tests/drivers/spi/test_bcm58202_spi.o
LOAD /home/paulkim/work/sdk/citadel/driver_mpos_2.1.1/build/apps/ut/tests/drivers/spi/test_bcm58202_spi_legacy.o
LOAD /home/paulkim/work/sdk/citadel/driver_mpos_2.1.1/build/apps/ut/tests/drivers/unicam/test_unicam.o
LOAD /home/paulkim/work/sdk/citadel/driver_mpos_2.1.1/build/apps/ut/tests/drivers/sc/test_sc_states.o
LOAD /home/paulkim/work/sdk/citadel/driver_mpos_2.1.1/build/apps/ut/tests/drivers/sc/test_sc_card.o
LOAD /home/paulkim/work/sdk/citadel/driver_mpos_2.1.1/build/apps/ut/tests/drivers/sc/emv2000/test_emv2000_t1.o
LOAD /home/paulkim/work/sdk/citadel/driver_mpos_2.1.1/build/apps/ut/tests/drivers/sc/emv2000/test_emv2000_tests.o
LOAD /home/paulkim/work/sdk/citadel/driver_mpos_2.1.1/build/apps/ut/tests/drivers/sc/emv2000/test_emv2000_t0.o
LOAD /home/paulkim/work/sdk/citadel/driver_mpos_2.1.1/build/apps/ut/tests/drivers/sc/test_sc_infra.o
LOAD /home/paulkim/work/sdk/citadel/driver_mpos_2.1.1/build/apps/ut/tests/drivers/sc/test_sc_main.o
LOAD /home/paulkim/work/sdk/citadel/driver_mpos_2.1.1/build/apps/ut/tests/drivers/smau/test_smau.o
LOAD /home/paulkim/work/sdk/citadel/driver_mpos_2.1.1/build/apps/ut/tests/drivers/bbl/test_bbl.o
LOAD /home/paulkim/work/sdk/citadel/driver_mpos_2.1.1/build/apps/ut/tests/drivers/i2c/test_i2c.o
LOAD /home/paulkim/work/sdk/citadel/driver_mpos_2.1.1/build/apps/ut/tests/drivers/pm/test_pm.o
LOAD /home/paulkim/work/sdk/citadel/driver_mpos_2.1.1/build/apps/ut/tests/drivers/clock_control/test_clocks.o
LOAD /home/paulkim/work/sdk/citadel/driver_mpos_2.1.1/build/apps/ut/tests/drivers/pka/test_pka.o
LOAD /home/paulkim/work/sdk/citadel/driver_mpos_2.1.1/build/apps/ut/tests/drivers/pka/test_openssl_pka.o
LOAD /home/paulkim/work/sdk/citadel/driver_mpos_2.1.1/build/apps/ut/tests/drivers/pka/sha512.o
LOAD /home/paulkim/work/sdk/citadel/driver_mpos_2.1.1/build/apps/ut/tests/drivers/gpio/test_gpio.o
LOAD /home/paulkim/work/sdk/citadel/driver_mpos_2.1.1/build/apps/ut/tests/drivers/pwm/test_pwm.o
LOAD /home/paulkim/work/sdk/citadel/driver_mpos_2.1.1/build/apps/ut/tests/drivers/dma/test_dma.o
LOAD /home/paulkim/work/sdk/citadel/driver_mpos_2.1.1/build/apps/ut/tests/drivers/dmu/test_dmu.o
LOAD /home/paulkim/work/sdk/citadel/driver_mpos_2.1.1/build/apps/ut/tests/drivers/sotp/test_sotp.o
LOAD /home/paulkim/work/sdk/citadel/driver_mpos_2.1.1/build/apps/ut/tests/drivers/qspi_flash/test_bcm58202_qspi.o
LOAD /home/paulkim/work/sdk/citadel/driver_mpos_2.1.1/build/apps/ut/tests/drivers/rtc/test_rtc.o
LOAD /home/paulkim/work/sdk/citadel/driver_mpos_2.1.1/build/apps/ut/tests/fp_spi/test_fp_spi.o
LOAD /home/paulkim/work/sdk/citadel/driver_mpos_2.1.1/build/apps/ut/ztest/ztest.o
LOAD /home/paulkim/work/sdk/citadel/driver_mpos_2.1.1/build/apps/ut/app_main.o
LOAD /home/paulkim/work/sdk/citadel/driver_mpos_2.1.1/build/drivers/broadcom/pka/qlip/qlip.a
LOAD /home/paulkim/work/toolchains/gcc-arm-none-eabi-6-2017-q1-update/bin/../lib/gcc/arm-none-eabi/6.3.1/../../../../arm-none-eabi/lib/thumb/v7-ar/fpv3/hard/libc.a
LOAD /home/paulkim/work/toolchains/gcc-arm-none-eabi-6-2017-q1-update/bin/../lib/gcc/arm-none-eabi/6.3.1/thumb/v7-ar/fpv3/hard/libgcc.a
LOAD /home/paulkim/work/toolchains/gcc-arm-none-eabi-6-2017-q1-update/bin/../lib/gcc/arm-none-eabi/6.3.1/../../../../arm-none-eabi/lib/thumb/v7-ar/fpv3/hard/libnosys.a
                0x0000000000000800                SYS_STACK_SIZE = DEFINED (SYS_STACK_SIZE)?SYS_STACK_SIZE:0x800
                0x0000000000000400                EXP_STACK_SIZE = DEFINED (EXP_STACK_SIZE)?EXP_STACK_SIZE:0x400

.text           0x0000000063000400    0x49e5c
 *startup.o(.text.startup .text.startup.*)
 .text.startup  0x0000000063000400      0x134 /home/paulkim/work/sdk/citadel/driver_mpos_2.1.1/build/os/common/startup.o
                0x0000000063000400                __start
                0x0000000063000400                _start
 *(.text.startup .text.startup.*)
 .text.startup  0x0000000063000534       0x14 /home/paulkim/work/sdk/citadel/driver_mpos_2.1.1/build/os/no_os/main.o
                0x0000000063000534                main
 EXCLUDE_FILE(*test_smau.o *smau.o *qspi_bcm58202*.o) *(.text .text*)
 .text          0x0000000063000548      0x130 /home/paulkim/work/sdk/citadel/driver_mpos_2.1.1/build/arch/arm/core/exc_manage.o
                0x0000000063000548                sys_exc_esf_dump
 .text          0x0000000063000678        0x0 /home/paulkim/work/sdk/citadel/driver_mpos_2.1.1/build/arch/arm/core/exc_handler.o
 .text.exc_exit
                0x0000000063000678       0x14 /home/paulkim/work/sdk/citadel/driver_mpos_2.1.1/build/arch/arm/core/exc_handler.o
 .text._fault_exit
                0x000000006300068c       0x40 /home/paulkim/work/sdk/citadel/driver_mpos_2.1.1/build/arch/arm/core/exc_handler.o
 .text.__prefetch_abort
                0x00000000630006cc       0x1c /home/paulkim/work/sdk/citadel/driver_mpos_2.1.1/build/arch/arm/core/exc_handler.o
                0x00000000630006cc                __prefetch_abort
 .text.__data_abort
                0x00000000630006e8       0x1c /home/paulkim/work/sdk/citadel/driver_mpos_2.1.1/build/arch/arm/core/exc_handler.o
                0x00000000630006e8                __data_abort
 .text.__undef  0x0000000063000704       0x24 /home/paulkim/work/sdk/citadel/driver_mpos_2.1.1/build/arch/arm/core/exc_handler.o
                0x0000000063000704                __undef
 .text.irq_exc  0x0000000063000728       0x2c /home/paulkim/work/sdk/citadel/driver_mpos_2.1.1/build/arch/arm/core/exc_handler.o
                0x0000000063000728                __no_os_irq_handler
 .text          0x0000000063000754      0x210 /home/paulkim/work/sdk/citadel/driver_mpos_2.1.1/build/arch/arm/core/arm_core_cache.o
                0x00000000630007ec                invalidate_icache
                0x0000000063000800                invalidate_dcache
                0x0000000063000804                clean_dcache
                0x0000000063000808                clean_n_invalidate_dcache
                0x000000006300080c                enable_icache
                0x0000000063000834                enable_dcache
                0x0000000063000886                disable_icache
                0x00000000630008a0                disable_dcache
                0x00000000630008de                get_l1_dcache_line_size
                0x0000000063000904                invalidate_dcache_by_addr
                0x0000000063000924                clean_dcache_by_addr
                0x0000000063000944                clean_n_invalidate_dcache_by_addr
 .text          0x0000000063000964      0x128 /home/paulkim/work/sdk/citadel/driver_mpos_2.1.1/build/arch/arm/core/fault.o
                0x0000000063000964                _Fault
 .text.unlikely
                0x0000000063000a8c       0x24 /home/paulkim/work/sdk/citadel/driver_mpos_2.1.1/build/arch/arm/core/fault.o
 .text          0x0000000063000ab0      0x3c4 /home/paulkim/work/sdk/citadel/driver_mpos_2.1.1/build/arch/arm/core/arm_core_mmu.o
                0x0000000063000b4c                arm_core_mmu_init
 .text          0x0000000063000e74       0x20 /home/paulkim/work/sdk/citadel/driver_mpos_2.1.1/build/arch/arm/soc/bcm_citadel/bcm5820x/soc_config.o
 .text          0x0000000063000e94      0x148 /home/paulkim/work/sdk/citadel/driver_mpos_2.1.1/build/osal/no_os/alloc.o
                0x0000000063000ee0                k_malloc
                0x0000000063000f8c                k_free
 .text          0x0000000063000fdc       0x84 /home/paulkim/work/sdk/citadel/driver_mpos_2.1.1/build/osal/no_os/osal.o
                0x0000000063000fdc                k_busy_wait
                0x0000000063001004                k_uptime_get_32
                0x0000000063001018                k_sleep
                0x000000006300102e                k_fifo_init
                0x0000000063001030                k_fifo_put
                0x0000000063001032                k_fifo_get
                0x000000006300103e                k_sem_init
                0x0000000063001040                k_sem_take
                0x0000000063001044                k_sem_give
                0x0000000063001046                k_thread_create
                0x000000006300104a                k_current_get
                0x000000006300104e                sys_tick_handler
                0x0000000063001050                default_exc_handler
 .text          0x0000000063001060      0x3d4 /home/paulkim/work/sdk/citadel/driver_mpos_2.1.1/build/osal/common/printk.o
                0x000000006300114e                __printk_hook_install
                0x0000000063001158                __printk_get_hook
                0x0000000063001164                _vprintk
                0x0000000063001398                vprintk
                0x00000000630013b8                printk
                0x00000000630013d2                snprintk
                0x000000006300140c                vsnprintk
 .text          0x0000000063001434       0x9c /home/paulkim/work/sdk/citadel/driver_mpos_2.1.1/build/osal/common/device.o
                0x0000000063001434                _sys_device_do_config_level
                0x000000006300145c                device_get_binding
                0x000000006300148c                device_busy_set
                0x000000006300148e                device_busy_clear
                0x0000000063001490                osal_device_init
 .text          0x00000000630014d0        0x4 /home/paulkim/work/sdk/citadel/driver_mpos_2.1.1/build/osal/common/tick.o
                0x00000000630014d0                _nano_sys_clock_tick_announce
 .text          0x00000000630014d4       0x92 /home/paulkim/work/sdk/citadel/driver_mpos_2.1.1/build/osal/common/util.o
                0x00000000630014d4                powerof2align
                0x00000000630014e8                align256
                0x00000000630014f0                winsize_powerof2align
                0x0000000063001520                calc_aligned_win_base
                0x000000006300154e                k_is_in_isr
 .text          0x0000000063001566       0x12 /home/paulkim/work/sdk/citadel/driver_mpos_2.1.1/build/osal/common/irq_manage.o
                0x0000000063001566                _arch_irq_enable
                0x000000006300156a                _arch_irq_disable
                0x000000006300156e                _arch_irq_is_enabled
                0x0000000063001572                _irq_priority_set
                0x0000000063001576                _irq_spurious
 .text          0x0000000063001578      0x13e /home/paulkim/work/sdk/citadel/driver_mpos_2.1.1/build/osal/common/atomic_c.o
                0x0000000063001578                atomic_cas
                0x000000006300159a                atomic_add
                0x00000000630015b6                atomic_sub
                0x00000000630015d2                atomic_inc
                0x00000000630015ee                atomic_dec
                0x000000006300160a                atomic_get
                0x000000006300160e                atomic_set
                0x0000000063001628                atomic_clear
                0x0000000063001644                atomic_or
                0x0000000063001660                atomic_xor
                0x000000006300167c                atomic_and
                0x0000000063001698                atomic_nand
 *fill*         0x00000000630016b6        0x2 
 .text          0x00000000630016b8       0x88 /home/paulkim/work/sdk/citadel/driver_mpos_2.1.1/build/drivers/timer/arm_generic_timer.o
                0x00000000630016f0                _timer_cycle_get_32
                0x00000000630016fa                _sys_clock_driver_init
 .text          0x0000000063001740        0x0 /home/paulkim/work/sdk/citadel/driver_mpos_2.1.1/build/drivers/timer/sys_clock_init.o
 .text          0x0000000063001740      0xfe0 /home/paulkim/work/sdk/citadel/driver_mpos_2.1.1/build/drivers/broadcom/crypto/crypto_selftest.o
                0x0000000063001740                crypto_rng_selftest
                0x0000000063001a4c                crypto_selftest_sha1
                0x0000000063001aec                crypto_test_sha256_parts
                0x0000000063001bc8                crypto_selftest_sha256
                0x0000000063001c90                crypto_selftest_hmac_sha256
                0x0000000063001d7c                crypto_selftest_sha3_224
                0x0000000063001e44                crypto_selftest_sha3_256
                0x0000000063001f04                crypto_selftest_sha3_384
                0x0000000063001fc4                crypto_selftest_sha3_512
                0x0000000063002084                crypto_selftest_aes_cbc
                0x0000000063002180                crypto_selftest_aes_ctr
                0x0000000063002294                crypto_selftest_aes_128_ccm
                0x000000006300244c                crypto_selftest_aes_cbc_sha256_hmac
                0x00000000630024f0                crypto_selftest_des
                0x000000006300260c                crypto_selftest_3des
 .text          0x0000000063002720     0x1078 /home/paulkim/work/sdk/citadel/driver_mpos_2.1.1/build/drivers/broadcom/crypto/crypto_symmetric.o
                0x0000000063002d46                crypto_symmetric_hmac_sha1
                0x0000000063002dcc                crypto_symmetric_hmac_sha_init
                0x0000000063002dfe                crypto_symmetric_hmac_sha_update
                0x0000000063002e32                crypto_symmetric_hmac_sha_final
                0x0000000063002e66                crypto_symmetric_hmac_sha256
                0x0000000063002e82                crypto_symmetric_sha3
                0x0000000063002ef6                crypto_symmetric_fips_aes
                0x0000000063002f6e                crypto_symmetric_aes_ccm
                0x0000000063003030                crypto_symmetric_aes_gcm_encrypt
                0x00000000630030ce                crypto_symmetric_aes_gcm_decrypt
                0x000000006300317a                crypto_symmetric_aes_hmacsha256
                0x00000000630032ca                crypto_symmetric_cust_aes_crypto
                0x0000000063003368                crypto_symmetric_des_encrypt
                0x0000000063003438                crypto_symmetric_des_decrypt
                0x0000000063003508                dpa_set_policy
                0x000000006300351c                dpa_get_policy
                0x0000000063003530                dpa_set_ratio
                0x0000000063003544                dpa_get_ratio
                0x0000000063003558                bcm_rng_readwords
                0x00000000630035d4                aes_dpa_enable
                0x0000000063003678                crypto_swap_end
                0x0000000063003682                dpa_init
 .text.unlikely
                0x0000000063003798      0x310 /home/paulkim/work/sdk/citadel/driver_mpos_2.1.1/build/drivers/broadcom/crypto/crypto_symmetric.o
 .text          0x0000000063003aa8      0x6a2 /home/paulkim/work/sdk/citadel/driver_mpos_2.1.1/build/drivers/broadcom/crypto/gf8_func.o
                0x0000000063003aa8                gf8_mul
                0x0000000063003fbe                shuffle_invf_tbl
                0x0000000063004028                gf8_get_a_xor_x
 *fill*         0x000000006300414a        0x2 
 .text          0x000000006300414c      0x5bc /home/paulkim/work/sdk/citadel/driver_mpos_2.1.1/build/drivers/broadcom/crypto/crypto_rng.o
                0x000000006300423a                crypto_rng_raw_generate
                0x00000000630042d8                crypto_rng_init
                0x000000006300442c                crypto_rng_reseed
                0x0000000063004516                crypto_rng_generate
 .text          0x0000000063004708      0x33c /home/paulkim/work/sdk/citadel/driver_mpos_2.1.1/build/drivers/broadcom/spru/spru_bbl_access.o
                0x000000006300473c                spru_interface_reset
                0x0000000063004760                bbl_write_reg
                0x00000000630047e8                bbl_read_reg
                0x0000000063004870                bbl_write_mem
                0x00000000630048f8                bbl_read_mem
                0x0000000063004980                bbl_access_enable
                0x0000000063004a30                spru_get_rtc_time_at_startup
 *fill*         0x0000000063004a44        0x4 
 .text          0x0000000063004a48      0x2e0 /home/paulkim/work/sdk/citadel/driver_mpos_2.1.1/build/drivers/broadcom/timer/timer_bcm58202.o
 .text          0x0000000063004d28      0x618 /home/paulkim/work/sdk/citadel/driver_mpos_2.1.1/build/drivers/broadcom/sdio/sdio_bcm5820x.o
 .text          0x0000000063005340      0x9d8 /home/paulkim/work/sdk/citadel/driver_mpos_2.1.1/build/drivers/broadcom/lcd/lcd_ili9341.o
 .text          0x0000000063005d18      0x408 /home/paulkim/work/sdk/citadel/driver_mpos_2.1.1/build/drivers/broadcom/spi/spi_bcm58202_legacy.o
 .text          0x0000000063006120        0x0 /home/paulkim/work/sdk/citadel/driver_mpos_2.1.1/build/drivers/broadcom/spi/spi_bcm58202.o
 .text          0x0000000063006120     0x1214 /home/paulkim/work/sdk/citadel/driver_mpos_2.1.1/build/drivers/broadcom/unicam/unicam_bcm5820x_csi.o
                0x0000000063006d04                configure_packet_capture
                0x0000000063006d14                unicam_soft_reset
                0x0000000063006d64                unicam_dump_regs
                0x00000000630070d0                unicam_log_error_status
                0x00000000630072ec                unicam_log_status
                0x0000000063007318                unicam_set_lane_timer_values
 .text          0x0000000063007334      0x470 /home/paulkim/work/sdk/citadel/driver_mpos_2.1.1/build/drivers/broadcom/unicam/li_v024m.o
                0x00000000630073aa                v024m_write
                0x00000000630073d8                tc358746_read_32
                0x000000006300742e                tc358746_write_16
                0x0000000063007462                tc358746_write_32
                0x00000000630074a2                li_v024m_init
                0x000000006300753e                li_v024m_configure
                0x0000000063007718                li_v024m_start_stream
                0x0000000063007768                li_v024m_stop_stream
                0x0000000063007794                li_v024m_max_width
                0x000000006300779a                li_v024m_max_height
                0x00000000630077a0                li_v024m_max_fps
 .text          0x00000000630077a4      0xe2c /home/paulkim/work/sdk/citadel/driver_mpos_2.1.1/build/drivers/broadcom/sc/sc_cit_atrpriv.o
                0x00000000630077b2                cit_iso_atr_read_next_byte
                0x00000000630077d4                cit_iso_atr_receive_decode
                0x0000000063007c40                cit_channel_atr_byte_read
                0x0000000063007ce4                cit_emv_atr_rd_next_byte
                0x0000000063007d50                cit_channel_emv_check_additional_atr_bytes
                0x0000000063007d80                cit_emv_validate_tb3
                0x0000000063007e84                cit_emv_atr_receive_decode
 .text          0x00000000630085d0       0x50 /home/paulkim/work/sdk/citadel/driver_mpos_2.1.1/build/drivers/broadcom/sc/sc_bcm58202_clk.o
                0x00000000630085d0                cit_get_clkdiv
                0x00000000630085e4                cit_get_etu_clkdiv
                0x00000000630085f8                cit_get_prescale
                0x000000006300860c                cit_get_bauddiv
 .text          0x0000000063008620     0x1758 /home/paulkim/work/sdk/citadel/driver_mpos_2.1.1/build/drivers/broadcom/sc/sc_cit_main.o
                0x000000006300863c                cit_channel_bwt_ext_set
                0x0000000063008644                cit_channel_enable_interrupts
                0x0000000063008664                cit_get_default_channel_settings
                0x000000006300867c                cit_channel_detect_card
                0x0000000063008704                cit_channel_set_parameters
                0x00000000630088f0                cit_channel_get_parameters
                0x0000000063008906                cit_channel_get_nego_parameters
                0x000000006300891c                cit_channel_deactivate
                0x0000000063008964                cit_channel_close
                0x000000006300897c                cit_channel_card_power_down
                0x0000000063008990                cit_channel_set_vcclevel
                0x00000000630089ca                cit_channel_open
                0x0000000063008a50                cit_channel_card_power_up
                0x0000000063008a6e                cit_channel_card_reset
                0x0000000063008ae4                cit_channel_get_status
                0x0000000063008af2                cit_ch_transmit
                0x0000000063008b34                cit_channel_receive_atr
                0x0000000063008b62                cit_timer_enable_status
                0x0000000063008b7a                cit_ch_interrupt_enable
                0x0000000063008bea                cit_channel_detect_cb_set
                0x0000000063008c00                cit_ch_interrupt_disable
                0x0000000063008c3e                cit_config_timer
                0x0000000063008dac                cit_timer_isr_control
                0x0000000063008e34                cit_ch_receive
                0x0000000063008eb4                cit_tpdu_transceive
                0x0000000063009338                cit_channel_pps
                0x000000006300947c                cit_channel_reset_ifd
                0x00000000630095b4                cit_channel_reset_bwt
                0x00000000630095ec                cit_channel_set_bwt_integer
                0x000000006300965c                cit_set_card_type
                0x0000000063009664                cit_channel_set_card_type_character
                0x00000000630096ec                cit_channel_apdu_commands
                0x0000000063009814                cit_channel_apdu_set_objects
                0x00000000630098cc                cit_channel_apdu_get_objects
                0x000000006300992c                sc_ush_self_test
                0x000000006300996c                cit_get_card_type
                0x0000000063009976                cit_apdu_transceive_t1
                0x0000000063009c6c                cit_apdu_transceive_t0
                0x0000000063009d50                cit_apdu_transceive
 .text          0x0000000063009d78     0x1900 /home/paulkim/work/sdk/citadel/driver_mpos_2.1.1/build/drivers/broadcom/sc/sc_cit_priv.o
                0x0000000063009d78                cit_ch_cardinsert_cb
                0x0000000063009d7e                cit_ch_cardremove_cb
                0x0000000063009d8a                cit_ch_atr_cb
                0x0000000063009d90                cit_ch_bgt_cb
                0x0000000063009d98                cit_ch_rready_cb
                0x0000000063009d9e                cit_ch_tdone_cb
                0x0000000063009dc0                cit_ch_rcv_cb
                0x0000000063009dc6                cit_ch_retry_cb
                0x0000000063009dce                cit_ch_rparity_cb
                0x0000000063009dd4                cit_ch_tparity_cb
                0x0000000063009dda                cit_ch_cwt_cb
                0x0000000063009de0                cit_ch_rlen_cb
                0x0000000063009de6                cit_adjust_wwt
                0x0000000063009e28                cit_program_clocks
                0x0000000063009ec0                sc_f_d_adjust
                0x0000000063009f0e                sc_f_d_adjust_without_update
                0x0000000063009f8c                cit_ch_wait_cb
                0x0000000063009f94                cit_ch_timer_cb
                0x0000000063009f9e                cit_ch_event1_cb
                0x0000000063009fa6                cit_ch_event2_cb
                0x0000000063009fae                cit_channel_byte_read
                0x000000006300a050                cit_channel_receive_and_decode
                0x000000006300a076                cit_channel_sync_read_data
                0x000000006300a07a                cit_channel_handler_isr
                0x000000006300a454                cit_channel_sync_transmit
                0x000000006300a458                cit_channel_enable_intrs
                0x000000006300a548                cit_channel_set_standard
                0x000000006300a590                cit_channel_set_frequency
                0x000000006300a710                cit_channel_set_wait_time
                0x000000006300a7c8                cit_channel_set_guard_time
                0x000000006300a86c                cit_channel_set_transaction_time
                0x000000006300a8c0                cit_channel_set_edc_parity
                0x000000006300a8ea                cit_wait_for_event
                0x000000006300a928                cit_ch_wait_cardinsertion
                0x000000006300a968                cit_ch_wait_cardremove
                0x000000006300a9ca                cit_wait_timer_event
                0x000000006300aa94                cit_wait_atr_start
                0x000000006300ab64                cit_channel_activating
                0x000000006300ad74                cit_wait_tdone
                0x000000006300aeb4                cit_channel_t0t1_transmit
                0x000000006300b008                cit_channel_t14_irdeto_transmit
                0x000000006300b0e4                cit_wait_rcv
                0x000000006300b294                cit_channel_t0_read_data
                0x000000006300b3e8                cit_wait_rready
                0x000000006300b554                cit_channel_t1_read_data
                0x000000006300b674                channel_dump_param
                0x000000006300b676                cit_channel_dump_registers
 .text          0x000000006300b678      0x4e8 /home/paulkim/work/sdk/citadel/driver_mpos_2.1.1/build/drivers/broadcom/sc/sc_acos2.o
                0x000000006300b89e                cit_acos2_submit_code
                0x000000006300b930                cit_acos_get_user_file_info
                0x000000006300b982                cit_acos_create_user_file
                0x000000006300ba38                cit_acos2_read_file
                0x000000006300ba78                cit_acos2_write_file
                0x000000006300bab8                cit_acos_get_card_info
 .text          0x000000006300bb60      0x3e8 /home/paulkim/work/sdk/citadel/driver_mpos_2.1.1/build/drivers/broadcom/sc/sc_cit.o
 .text          0x000000006300bf48      0xcfc /home/paulkim/work/sdk/citadel/driver_mpos_2.1.1/build/drivers/broadcom/bbl/bbl_bcm5820x.o
                0x000000006300cc1c                bbl_adc_to_temp
 .text          0x000000006300cc44      0x548 /home/paulkim/work/sdk/citadel/driver_mpos_2.1.1/build/drivers/broadcom/i2c/i2c_bcm58202.o
                0x000000006300cec4                i2c_slave_set_address
                0x000000006300cf1c                i2c_slave_get_address
                0x000000006300cfec                i2c_slave_poll
                0x000000006300d0dc                i2c_register_handlers
                0x000000006300d0e4                i2c_slave_read_handler
 .text          0x000000006300d18c     0x3208 /home/paulkim/work/sdk/citadel/driver_mpos_2.1.1/build/drivers/broadcom/pm/mproc_pm.o
                0x000000006300d18c                MCU_M0_BIN_START
                0x000000006300ef74                MCU_M0_BIN_END
                0x000000006300f130                mproc_get_current_pm_state
                0x000000006300f13c                mproc_get_pm_state_desc
                0x000000006300f150                bcm5820x_get_rtc_wakeup_time
                0x000000006300f7b4                dmu_get_soc_revision
                0x000000006300f868                dmu_get_soc_revision_desc
                0x000000006300f88c                dmu_get_soc_state
                0x000000006300f960                dmu_get_soc_state_desc
                0x000000006300f980                dmu_clear_mcu_interrupt
                0x000000006300f9a0                dmu_set_mcu_interrupt
                0x000000006300f9c0                dmu_clear_mcu_event
                0x000000006300f9d4                dmu_set_mcu_event
                0x000000006300f9f4                dmu_send_mbox_msg_to_mcu
                0x000000006300fa00                dmu_set_mcu_access_permission
                0x000000006300fa0c                bcm_sync
                0x000000006300fbe4                bcm5820x_pm_init
                0x0000000063010390                citadel_pm_get_bbl_access
 .text          0x0000000063010394      0x92c /home/paulkim/work/sdk/citadel/driver_mpos_2.1.1/build/drivers/broadcom/pm/save_restore.o
                0x00000000630103b2                save_fault_status
                0x00000000630103e8                restore_fault_status
                0x000000006301041e                stop_generic_timer
                0x0000000063010430                save_vfp
                0x0000000063010498                restore_vfp
                0x00000000630104de                save_mmu
                0x0000000063010542                restore_mmu
                0x00000000630105a6                save_cp15
                0x00000000630105be                restore_cp15
                0x00000000630105d6                save_control_registers
                0x0000000063010660                restore_control_registers
                0x00000000630106ea                save_banked_registers
                0x0000000063010762                restore_banked_registers
                0x00000000630107d8                save_gic_interface
                0x00000000630107fa                save_gic_distributor_private
                0x000000006301085a                save_gic_distributor_shared
                0x00000000630108c0                restore_gic_interface
                0x00000000630108e2                restore_gic_distributor_private
                0x0000000063010944                restore_gic_distributor_shared
                0x0000000063010b50                platform_save_context
                0x0000000063010bdc                platform_restore_context
                0x0000000063010c84                cpu_wakeup
                0x0000000063010cac                cpu_power_down
 .text          0x0000000063010cc0       0x30 /home/paulkim/work/sdk/citadel/driver_mpos_2.1.1/build/drivers/broadcom/pm/smbus.o
                0x0000000063010cc0                smbus_init
                0x0000000063010ce4                get_latest_ec_cmd
 .text          0x0000000063010cf0      0x5f8 /home/paulkim/work/sdk/citadel/driver_mpos_2.1.1/build/drivers/broadcom/clock_control/clocks_citadel_a7.o
                0x0000000063010cf4                get_effective_parameters
                0x0000000063010eaa                compare_parameters
                0x00000000630110f8                apply_parameters
                0x0000000063011220                citadel_a7_clock_control_set_subsys_rate
 .text          0x00000000630112e8      0x1d8 /home/paulkim/work/sdk/citadel/driver_mpos_2.1.1/build/drivers/broadcom/clock_control/clocks_bcm58202.o
 .text          0x00000000630114c0     0x133c /home/paulkim/work/sdk/citadel/driver_mpos_2.1.1/build/drivers/broadcom/pka/crypto_pka_selftest.o
                0x00000000630114c0                crypto_pka_selftest_modexp
                0x000000006301152c                crypto_pka_selftest_modinv
                0x0000000063011584                crypto_pka_selftest_rsa_keygen
                0x00000000630116dc                crypto_pka_selftest_rsa_enc
                0x0000000063011854                crypto_pka_selftest_rsa_dec
                0x0000000063011858                crypto_pka_selftest_dsa_sign
                0x00000000630118ec                crypto_pka_selftest_dsa_verify
                0x0000000063011954                crypto_pka_selftest_dsa2048_sign_verify
                0x0000000063011b80                crypto_pka_selftest_dh
                0x0000000063011d30                crypto_pka_selftest_ecdh
                0x0000000063011f78                crypto_pka_fips_test_ecdh_key
                0x0000000063012154                crypto_pka_fips_selftest_ecdh
                0x000000006301226c                crypto_pka_selftest_ecdsa_sign_verify
                0x0000000063012498                crypto_pka_cust_selftest_ecdsa_p256_sign_verify
                0x0000000063012540                crypto_pka_cust_selftest_ecp_diffie_hellman_shared_secret
                0x00000000630125d4                crypto_pka_cust_selftest_ecdsa_p256_key_generate
                0x0000000063012624                crypto_pka_cust_selftest_ec_point_verify
                0x0000000063012688                crypto_pka_selftest_pkcs1_rsassa_v15_sig
                0x0000000063012798                crypto_pka_selftest_pkcs1_rsassa_v15_verify
 .text          0x00000000630127fc     0x3428 /home/paulkim/work/sdk/citadel/driver_mpos_2.1.1/build/drivers/broadcom/pka/crypto_pka.o
                0x00000000630127fc                YieldHandler
                0x000000006301296a                crypto_pka_math_accelerate
                0x0000000063012f96                crypto_pka_mont_math_accelerate
                0x00000000630131f0                crypto_pka_rsa_mod_exp
                0x00000000630134ac                crypto_pka_rsa_mod_exp_crt
                0x0000000063013640                crypto_pka_rsa_key_generate
                0x0000000063013cd0                crypto_pka_rsassa_pkcs1_v15_verify
                0x0000000063013e78                crypto_pka_dsa_key_generate
                0x0000000063013ece                crypto_pka_dsa_sign
                0x0000000063014088                crypto_pka_dsa_verify
                0x0000000063014208                crypto_pka_dsa_sign_2048
                0x000000006301454a                crypto_pka_dsa_verify_2048
                0x00000000630147ce                crypto_pka_diffie_hellman_generate
                0x0000000063014988                crypto_pka_diffie_hellman_shared_secret
                0x0000000063014ab0                crypto_pka_ecp_diffie_hellman_generate
                0x0000000063014dd8                crypto_pka_ecp_diffie_hellman_shared_secret
                0x0000000063015000                crypto_pka_ecp_ecdsa_key_generate
                0x000000006301500a                crypto_pka_ecp_ecdsa_sign
                0x000000006301536c                crypto_pka_ecp_ecdsa_verify
                0x0000000063015714                crypto_pka_emsa_pkcs1_v15_encode_hash
                0x0000000063015780                crypto_pka_fips_rsa_key_regenerate
                0x0000000063015a08                crypto_pka_rsassa_pkcs1_v15_sign_hash
                0x0000000063015ad8                crypto_pka_rsassa_pkcs1_v15_verify_hash
 .text          0x0000000063015c24      0x1dc /home/paulkim/work/sdk/citadel/driver_mpos_2.1.1/build/drivers/broadcom/pka/crypto_pka_util.o
                0x0000000063015cae                secure_memclr
                0x0000000063015cbe                secure_memcpy
                0x0000000063015cd0                secure_memmove
                0x0000000063015cf2                secure_memeql
                0x0000000063015d10                secure_memrev
                0x0000000063015d32                bcm_swap_words
                0x0000000063015d3c                bcm_swap_endian
                0x0000000063015d56                bcm_int2bignum
                0x0000000063015d76                set_param_bn
                0x0000000063015d96                bcm_soft_add_byte2byte_plusX
                0x0000000063015de8                fips_error
 .text          0x0000000063015e00      0x61c /home/paulkim/work/sdk/citadel/driver_mpos_2.1.1/build/drivers/broadcom/pka/crypto_pka_ushx.o
                0x0000000063015e00                crypto_pka_cust_ecdsa_p256_key_generate
                0x0000000063015eb0                crypto_pka_cust_ecp_ecdsa_key_generate_publickeyonly
                0x0000000063015f64                crypto_pka_cust_ecdsa_p256_sign
                0x0000000063016064                crypto_pka_cust_ecdsa_p256_verify
                0x0000000063016174                crypto_pka_cust_ecp_diffie_hellman_shared_secret
                0x0000000063016208                crypto_pka_cust_ec_point_verify
 .text          0x000000006301641c      0x764 /home/paulkim/work/sdk/citadel/driver_mpos_2.1.1/build/drivers/broadcom/gpio/gpio_bcm58202.o
 .text          0x0000000063016b80      0x30c /home/paulkim/work/sdk/citadel/driver_mpos_2.1.1/build/drivers/broadcom/pwm/pwm_bcm58602.o
                0x0000000063016bd0                pwm_bcm58202_init
 .text          0x0000000063016e8c      0x6c8 /home/paulkim/work/sdk/citadel/driver_mpos_2.1.1/build/drivers/broadcom/dma/dma_pl080.o
                0x0000000063017480                invalidate_dma_dest_buffers
 .text          0x0000000063017554      0x12c /home/paulkim/work/sdk/citadel/driver_mpos_2.1.1/build/drivers/broadcom/dmu/dmu_bcm58202.o
 .text          0x0000000063017680      0xd80 /home/paulkim/work/sdk/citadel/driver_mpos_2.1.1/build/drivers/broadcom/sotp/sotp.o
                0x0000000063017748                sotp_mem_read
                0x0000000063017864                sotp_fuse_normal_read
                0x000000006301786a                sotp_fuse_verify_read
                0x0000000063017870                sotp_mem_write
                0x0000000063017d18                sotp_is_fastauth_enabled
                0x0000000063017d78                sotp_is_sotp_erased
                0x0000000063017da8                sotp_read_fips_mode
                0x0000000063017dc4                sotp_read_dev_config
                0x0000000063017e10                sotp_read_customer_id
                0x0000000063017e38                sotp_read_customer_config
                0x0000000063017eec                sotp_read_key
                0x0000000063017f3c                sotp_is_ABProd
                0x0000000063017f80                sotp_is_ABDev
                0x0000000063017fc4                sotp_read_sbl_config
                0x000000006301801c                sotp_is_unassigned
                0x0000000063018060                sotp_is_nonAB
                0x000000006301808e                read_crmu_otp_max_vco
                0x00000000630180f4                read_bvc_from_chip_otp
                0x000000006301815c                sotp_read_chip_id
                0x00000000630181d0                calc_crc32
                0x000000006301838c                sotp_set_key
 .text          0x0000000063018400        0x0 /home/paulkim/work/sdk/citadel/driver_mpos_2.1.1/build/drivers/broadcom/qspi_flash/qspi_memcpy_src_unaligned.o
 .text          0x0000000063018400       0xb4 /home/paulkim/work/sdk/citadel/driver_mpos_2.1.1/build/drivers/broadcom/pinmux/iomux_bcm58202.o
 .text          0x00000000630184b4      0x3d4 /home/paulkim/work/sdk/citadel/driver_mpos_2.1.1/build/drivers/broadcom/rtc/rtc_bcm5820x.o
 .text          0x0000000063018888      0x44c /home/paulkim/work/sdk/citadel/driver_mpos_2.1.1/build/drivers/console/uart_console.o
                0x0000000063018930                uart_console_isr
                0x0000000063018c30                uart_console_in_debug_hook_install
                0x0000000063018c3c                uart_console_out_debug_hook_install
                0x0000000063018c48                uart_register_input
                0x0000000063018cac                uart_console_hook_install
 .text          0x0000000063018cd4      0x214 /home/paulkim/work/sdk/citadel/driver_mpos_2.1.1/build/drivers/serial/uart_ns16550.o
                0x0000000063018d0c                uart_ns16550_init
                0x0000000063018d76                uart_ns16550_poll_out
 .text          0x0000000063018ee8      0x210 /home/paulkim/work/sdk/citadel/driver_mpos_2.1.1/build/drivers/interrupt_controller/gic.o
                0x0000000063018f48                gic400_irq_enable
                0x0000000063018fb8                gic400_irq_disable
                0x0000000063018fd4                gic400_irq_set_pend
                0x0000000063018ff0                gic400_irq_clear_pend
                0x000000006301900c                gic400_irq_is_enabled
                0x0000000063019030                gic400_set_priority
                0x000000006301905c                gic400_install_isr
                0x000000006301907c                gic400_call_isr
                0x0000000063019098                vApplicationFPUSafeIRQHandler
 .text          0x00000000630190f8        0xc /home/paulkim/work/sdk/citadel/driver_mpos_2.1.1/build/os/no_os/main.o
                0x00000000630190f8                default_app_main
 .text          0x0000000063019104        0x0 /home/paulkim/work/sdk/citadel/driver_mpos_2.1.1/build/os/common/startup.o
 .text          0x0000000063019104       0x80 /home/paulkim/work/sdk/citadel/driver_mpos_2.1.1/build/os/common/cstartup.o
                0x0000000063019104                start_scheduler
 .text          0x0000000063019184      0x148 /home/paulkim/work/sdk/citadel/driver_mpos_2.1.1/build/boards/serp_cp/lcd.o
                0x0000000063019184                lcd_board_configure
 .text          0x00000000630192cc       0xa8 /home/paulkim/work/sdk/citadel/driver_mpos_2.1.1/build/boards/serp_cp/board.o
 .text          0x0000000063019374      0x2a4 /home/paulkim/work/sdk/citadel/driver_mpos_2.1.1/build/apps/ut/tests/cpu/cpu.o
                0x00000000630195c4                test_cpu
 .text          0x0000000063019618      0x12c /home/paulkim/work/sdk/citadel/driver_mpos_2.1.1/build/apps/ut/tests/test.o
                0x0000000063019618                uart_in_hook
                0x000000006301962c                test_printer
                0x000000006301962c                test_mbedtls
                0x000000006301962c                test_ft_msrr
                0x000000006301962c                test_spi_ind
                0x000000006301962c                test_usbh
                0x000000006301962c                test_smc
                0x000000006301962c                test_spi
                0x000000006301962c                test_keypad
                0x000000006301962c                test_adc_msrr
                0x000000006301962c                test_zbar
                0x000000006301962c                test_spl
                0x000000006301962c                test_wdt
                0x000000006301962c                test_adc
                0x000000006301962c                test_usbd_cdc_acm
                0x0000000063019710                test_main
                0x0000000063019712                getch
 .text          0x0000000063019744      0x798 /home/paulkim/work/sdk/citadel/driver_mpos_2.1.1/build/apps/ut/tests/drivers/crypto/test_crypto.o
                0x0000000063019a18                hex_dump_array
                0x0000000063019a38                brcm_gcm_self_test_01
                0x0000000063019bac                brcm_gcm_self_test_02
                0x0000000063019d7c                test_crypto
 .text          0x0000000063019edc      0x938 /home/paulkim/work/sdk/citadel/driver_mpos_2.1.1/build/apps/ut/tests/drivers/crypto/pci_eval_test.o
                0x000000006301a1ec                pci_eval_test
 .text          0x000000006301a814      0x528 /home/paulkim/work/sdk/citadel/driver_mpos_2.1.1/build/apps/ut/tests/drivers/timer/test_timer.o
                0x000000006301acfc                test_timer
 .text          0x000000006301ad3c      0xc40 /home/paulkim/work/sdk/citadel/driver_mpos_2.1.1/build/apps/ut/tests/drivers/sdio/sd_mem_card_test.o
                0x000000006301ad60                sd_mem_card_test_init
                0x000000006301b63c                sd_mem_card_read_blocks
                0x000000006301b718                sd_mem_card_erase_blocks
                0x000000006301b884                sd_mem_card_write_blocks
                0x000000006301b964                sd_mem_card_get_sector_size
                0x000000006301b970                sd_mem_card_get_num_blocks
 .text          0x000000006301b97c      0x2c4 /home/paulkim/work/sdk/citadel/driver_mpos_2.1.1/build/apps/ut/tests/drivers/sdio/test_sdio.o
                0x000000006301b9d8                sdio_init_fs_test
                0x000000006301bb14                configure_sdio_sel
                0x000000006301bbfc                test_sdio
 .text          0x000000006301bc40      0x294 /home/paulkim/work/sdk/citadel/driver_mpos_2.1.1/build/apps/ut/tests/drivers/lcd/test_lcd.o
                0x000000006301bc48                test_lcd_driver
                0x000000006301be30                test_lcd
 .text          0x000000006301bed4        0x0 /home/paulkim/work/sdk/citadel/driver_mpos_2.1.1/build/apps/ut/tests/drivers/spi/test_bcm58202_spi.o
 .text          0x000000006301bed4      0xa48 /home/paulkim/work/sdk/citadel/driver_mpos_2.1.1/build/apps/ut/tests/drivers/spi/test_bcm58202_spi_legacy.o
                0x000000006301bf48                test_spi_legacyfunc_transceive
                0x000000006301c0bc                test_spi_legacyfunc_write
                0x000000006301c1a8                test_spi_legacyfunc_read
                0x000000006301c314                test_spi_legacyfunc_slave_select
                0x000000006301c3ac                test_spi_legacyfunc_configure
                0x000000006301c418                test_spi_legacyapi_transceive
                0x000000006301c580                test_spi_legacyapi_write
                0x000000006301c62c                test_spi_legacyapi_read
                0x000000006301c6d4                test_spi_legacyapi_slave_select
                0x000000006301c72c                test_spi_legacyapi_configure
                0x000000006301c78c                test_spi_legacy
 .text          0x000000006301c91c      0x97c /home/paulkim/work/sdk/citadel/driver_mpos_2.1.1/build/apps/ut/tests/drivers/unicam/test_unicam.o
                0x000000006301c9e0                lcd_spi_read
                0x000000006301ca4c                display_image_segment
                0x000000006301cb78                test_unicam_driver
                0x000000006301d218                test_unicam
 .text          0x000000006301d298      0x42c /home/paulkim/work/sdk/citadel/driver_mpos_2.1.1/build/apps/ut/tests/drivers/sc/test_sc_states.o
                0x000000006301d298                sc_cli_get_event_string
                0x000000006301d37c                sc_cli_get_state_string
                0x000000006301d418                sc_cli_transit_state
                0x000000006301d4ec                sc_cli_activating_state
                0x000000006301d594                sc_cli_receive_decode_atr_state
                0x000000006301d61c                sc_cli_transmitting_state
                0x000000006301d684                sc_cli_receiving_state
 .text          0x000000006301d6c4      0xd40 /home/paulkim/work/sdk/citadel/driver_mpos_2.1.1/build/apps/ut/tests/drivers/sc/test_sc_card.o
                0x000000006301e080                apdu_init_ctx
                0x000000006301e096                apdu_select_file_id
                0x000000006301e1c8                sc_cli_debit_card_test
 .text          0x000000006301e404      0x42c /home/paulkim/work/sdk/citadel/driver_mpos_2.1.1/build/apps/ut/tests/drivers/sc/emv2000/test_emv2000_t1.o
                0x000000006301e404                cli_emv_t1_pcb_s_block
                0x000000006301e464                cli_emv_t1_validate_r_blk_seqnum
                0x000000006301e492                cli_emv_t1_create_r_blk_error_free
                0x000000006301e4a2                cli_emv_t1_create_r_blk_edc_error
                0x000000006301e4b2                cli_emv_t1_create_r_blk_error_other
                0x000000006301e4c2                sc_cli_emv_t1_receive
                0x000000006301e4f4                sc_cli_emv_t1_get_next_cmd
                0x000000006301e774                cli_emv_t1_update_seq_num
                0x000000006301e7a2                sc_cli_emv_t1_i_block
                0x000000006301e818                cli_emv_t1_pcb_r_block
 .text          0x000000006301e830      0x7f0 /home/paulkim/work/sdk/citadel/driver_mpos_2.1.1/build/apps/ut/tests/drivers/sc/emv2000/test_emv2000_tests.o
                0x000000006301e830                sc_cli_emv_set_channel_settings
                0x000000006301e8e6                sc_cli_emv_determine_next_t0_cmd
                0x000000006301e8fc                sc_cli_emv_t0_test_routine
                0x000000006301ea0c                sc_cli_emv_t1_end_of_test
                0x000000006301ea58                sc_cli_emv_t1_create_first_t1_test_command
                0x000000006301eaa2                sc_cli_emv_t1_test_routine
                0x000000006301ee8c                sc_cli_emv_transport_test
                0x000000006301ef18                sc_cli_emv_automated_transport_test
                0x000000006301efa8                sc_cli_emv_test_menu
 .text          0x000000006301f020      0x574 /home/paulkim/work/sdk/citadel/driver_mpos_2.1.1/build/apps/ut/tests/drivers/sc/emv2000/test_emv2000_t0.o
                0x000000006301f020                cli_emv_t0_receive
                0x000000006301f188                cli_emv_get_response
                0x000000006301f2ce                sc_cli_emv_t0_case_1or2_cmd
                0x000000006301f414                sc_cli_emv_t0_case_3or4_cmd
 .text          0x000000006301f594      0x490 /home/paulkim/work/sdk/citadel/driver_mpos_2.1.1/build/apps/ut/tests/drivers/sc/test_sc_infra.o
                0x000000006301f5ae                sc_cli_get_channel_default_settings
                0x000000006301f5c6                sc_cli_open_channel
                0x000000006301f5dc                sc_cli_close_channel
                0x000000006301f5ea                sc_cli_set_channel_settings
                0x000000006301f610                sc_cli_reset_ifd
                0x000000006301f628                sc_cli_activating
                0x000000006301f642                sc_cli_atr_receive_decode
                0x000000006301f648                sc_cli_post_atr_receive
                0x000000006301f676                sc_cli_send_cmd
                0x000000006301f696                sc_cli_read_cmd
                0x000000006301f6be                sc_cli_read_atr
                0x000000006301f6ea                sc_cli_get_status
                0x000000006301f702                sc_cli_detect_card
                0x000000006301f70c                sc_cli_deactivate
                0x000000006301f71a                sc_cli_disable_work_wait_timer
                0x000000006301f738                sc_cli_reset_block_wait_timer
                0x000000006301f75c                sc_cli_set_block_wait_time_ext
                0x000000006301f77c                sc_cli_get_channel_parameters
                0x000000006301f794                sc_cli_reset
                0x000000006301f7a0                sc_cli_detect
                0x000000006301f7de                sc_cli_atr_receive
                0x000000006301f7e4                sc_cli_transmit
                0x000000006301f7ea                sc_cli_receive
                0x000000006301f7f0                sc_cli_hex_dump
                0x000000006301f834                prompt
                0x000000006301f894                sc_cli_atr_t0_test
                0x000000006301f900                sc_cli_acos2_t0_test
 .text          0x000000006301fa24      0x2d0 /home/paulkim/work/sdk/citadel/driver_mpos_2.1.1/build/apps/ut/tests/drivers/sc/test_sc_main.o
                0x000000006301fa24                sc_cli_open_channel_menu
                0x000000006301fac8                sc_test_menu
                0x000000006301fcd4                sc_cli_top_menu
                0x000000006301fce8                test_sc
 .text          0x000000006301fcf4     0x16f0 /home/paulkim/work/sdk/citadel/driver_mpos_2.1.1/build/apps/ut/tests/drivers/bbl/test_bbl.o
                0x0000000063021100                bbl_dump_regs
                0x000000006302114c                test_bbl
 .text          0x00000000630213e4      0x1e4 /home/paulkim/work/sdk/citadel/driver_mpos_2.1.1/build/apps/ut/tests/drivers/i2c/test_i2c.o
                0x0000000063021574                test_i2c
 .text          0x00000000630215c8      0x4a0 /home/paulkim/work/sdk/citadel/driver_mpos_2.1.1/build/apps/ut/tests/drivers/pm/test_pm.o
                0x00000000630216e0                test_pm_lprun
                0x0000000063021754                test_pm_wfi
                0x00000000630217ec                test_pm_drips
                0x00000000630219c4                test_pm_deepsleep
 .text          0x0000000063021a68      0x81c /home/paulkim/work/sdk/citadel/driver_mpos_2.1.1/build/apps/ut/tests/drivers/clock_control/test_clocks.o
                0x0000000063021d48                test_clocks
                0x0000000063021d88                test_cpu_speed
 .text          0x0000000063022284        0x0 /home/paulkim/work/sdk/citadel/driver_mpos_2.1.1/build/apps/ut/tests/drivers/pka/test_pka.o
 .text.unit_test_noop
                0x0000000063022284        0x2 /home/paulkim/work/sdk/citadel/driver_mpos_2.1.1/build/apps/ut/tests/drivers/pka/test_pka.o
 *fill*         0x0000000063022286        0x2 
 .text._zassert.constprop.1
                0x0000000063022288       0x30 /home/paulkim/work/sdk/citadel/driver_mpos_2.1.1/build/apps/ut/tests/drivers/pka/test_pka.o
 .text.crypto_pka_selftest_modexp_s
                0x00000000630222b8       0x64 /home/paulkim/work/sdk/citadel/driver_mpos_2.1.1/build/apps/ut/tests/drivers/pka/test_pka.o
 .text.crypto_pka_selftest_modinv_s
                0x000000006302231c       0x28 /home/paulkim/work/sdk/citadel/driver_mpos_2.1.1/build/apps/ut/tests/drivers/pka/test_pka.o
 .text.crypto_pka_selftest_rsa_keygen_s
                0x0000000063022344       0x28 /home/paulkim/work/sdk/citadel/driver_mpos_2.1.1/build/apps/ut/tests/drivers/pka/test_pka.o
 .text.crypto_pka_selftest_rsa_enc_s
                0x000000006302236c       0x28 /home/paulkim/work/sdk/citadel/driver_mpos_2.1.1/build/apps/ut/tests/drivers/pka/test_pka.o
 .text.crypto_pka_selftest_pkcs1_rsassa_v15_sig_s
                0x0000000063022394       0x28 /home/paulkim/work/sdk/citadel/driver_mpos_2.1.1/build/apps/ut/tests/drivers/pka/test_pka.o
 .text.crypto_pka_selftest_pkcs1_rsassa_v15_verify_s
                0x00000000630223bc       0x28 /home/paulkim/work/sdk/citadel/driver_mpos_2.1.1/build/apps/ut/tests/drivers/pka/test_pka.o
 .text.crypto_pka_selftest_dsa_sign_s
                0x00000000630223e4       0x28 /home/paulkim/work/sdk/citadel/driver_mpos_2.1.1/build/apps/ut/tests/drivers/pka/test_pka.o
 .text.crypto_pka_selftest_dsa_verify_s
                0x000000006302240c       0x28 /home/paulkim/work/sdk/citadel/driver_mpos_2.1.1/build/apps/ut/tests/drivers/pka/test_pka.o
 .text.crypto_pka_selftest_dsa2048_sign_verify_s
                0x0000000063022434       0x28 /home/paulkim/work/sdk/citadel/driver_mpos_2.1.1/build/apps/ut/tests/drivers/pka/test_pka.o
 .text.crypto_pka_selftest_dh_s
                0x000000006302245c       0x28 /home/paulkim/work/sdk/citadel/driver_mpos_2.1.1/build/apps/ut/tests/drivers/pka/test_pka.o
 .text.crypto_pka_selftest_ecdh_s
                0x0000000063022484       0x28 /home/paulkim/work/sdk/citadel/driver_mpos_2.1.1/build/apps/ut/tests/drivers/pka/test_pka.o
 .text.crypto_pka_fips_selftest_ecdh_s
                0x00000000630224ac       0x28 /home/paulkim/work/sdk/citadel/driver_mpos_2.1.1/build/apps/ut/tests/drivers/pka/test_pka.o
 .text.crypto_pka_selftest_ecdsa_sign_verify_s
                0x00000000630224d4       0x28 /home/paulkim/work/sdk/citadel/driver_mpos_2.1.1/build/apps/ut/tests/drivers/pka/test_pka.o
 .text.crypto_pka_cust_selftest_ecdsa_p256_sign_verify_s
                0x00000000630224fc       0x28 /home/paulkim/work/sdk/citadel/driver_mpos_2.1.1/build/apps/ut/tests/drivers/pka/test_pka.o
 .text.crypto_pka_cust_selftest_ecp_diffie_hellman_shared_secret_s
                0x0000000063022524       0x28 /home/paulkim/work/sdk/citadel/driver_mpos_2.1.1/build/apps/ut/tests/drivers/pka/test_pka.o
 .text.crypto_pka_cust_selftest_ecdsa_p256_key_generate_s
                0x000000006302254c       0x28 /home/paulkim/work/sdk/citadel/driver_mpos_2.1.1/build/apps/ut/tests/drivers/pka/test_pka.o
 .text.crypto_pka_cust_selftest_ec_point_verify_s
                0x0000000063022574       0x28 /home/paulkim/work/sdk/citadel/driver_mpos_2.1.1/build/apps/ut/tests/drivers/pka/test_pka.o
 .text.test_pka
                0x000000006302259c      0x180 /home/paulkim/work/sdk/citadel/driver_mpos_2.1.1/build/apps/ut/tests/drivers/pka/test_pka.o
                0x000000006302259c                test_pka
 .text          0x000000006302271c     0x1144 /home/paulkim/work/sdk/citadel/driver_mpos_2.1.1/build/apps/ut/tests/drivers/pka/test_openssl_pka.o
 .text.unit_test_noop
                0x0000000063023860        0x2 /home/paulkim/work/sdk/citadel/driver_mpos_2.1.1/build/apps/ut/tests/drivers/pka/test_openssl_pka.o
 .text.memrev_word
                0x0000000063023862       0x28 /home/paulkim/work/sdk/citadel/driver_mpos_2.1.1/build/apps/ut/tests/drivers/pka/test_openssl_pka.o
 *fill*         0x000000006302388a        0x2 
 .text.get_ec_p384_params
                0x000000006302388c      0x1ec /home/paulkim/work/sdk/citadel/driver_mpos_2.1.1/build/apps/ut/tests/drivers/pka/test_openssl_pka.o
 .text.dump_array
                0x0000000063023a78       0x74 /home/paulkim/work/sdk/citadel/driver_mpos_2.1.1/build/apps/ut/tests/drivers/pka/test_openssl_pka.o
 .text.cache_line_aligned_alloc
                0x0000000063023aec       0x4a /home/paulkim/work/sdk/citadel/driver_mpos_2.1.1/build/apps/ut/tests/drivers/pka/test_openssl_pka.o
 .text.cache_line_aligned_free
                0x0000000063023b36        0xc /home/paulkim/work/sdk/citadel/driver_mpos_2.1.1/build/apps/ut/tests/drivers/pka/test_openssl_pka.o
 *fill*         0x0000000063023b42        0x2 
 .text._zassert.constprop.4
                0x0000000063023b44       0x2c /home/paulkim/work/sdk/citadel/driver_mpos_2.1.1/build/apps/ut/tests/drivers/pka/test_openssl_pka.o
 .text.rsa_4k_key_gen
                0x0000000063023b70      0x2fc /home/paulkim/work/sdk/citadel/driver_mpos_2.1.1/build/apps/ut/tests/drivers/pka/test_openssl_pka.o
 .text.init_crypto
                0x0000000063023e6c       0x58 /home/paulkim/work/sdk/citadel/driver_mpos_2.1.1/build/apps/ut/tests/drivers/pka/test_openssl_pka.o
 .text.ecdh_p384_match_shared_secret
                0x0000000063023ec4      0x2f0 /home/paulkim/work/sdk/citadel/driver_mpos_2.1.1/build/apps/ut/tests/drivers/pka/test_openssl_pka.o
                0x0000000063023ec4                ecdh_p384_match_shared_secret
 .text.ecdsa_p384_brcm_sign_openssl_verify
                0x00000000630241b4      0x460 /home/paulkim/work/sdk/citadel/driver_mpos_2.1.1/build/apps/ut/tests/drivers/pka/test_openssl_pka.o
 .text.ecdsa_p384_openssl_sign_brcm_verify
                0x0000000063024614      0x1fc /home/paulkim/work/sdk/citadel/driver_mpos_2.1.1/build/apps/ut/tests/drivers/pka/test_openssl_pka.o
 .text.ecdsa_p521_brcm_sign_openssl_verify
                0x0000000063024810      0x728 /home/paulkim/work/sdk/citadel/driver_mpos_2.1.1/build/apps/ut/tests/drivers/pka/test_openssl_pka.o
 .text.ecdsa_p256_brcm_sign_openssl_verify
                0x0000000063024f38      0x5ec /home/paulkim/work/sdk/citadel/driver_mpos_2.1.1/build/apps/ut/tests/drivers/pka/test_openssl_pka.o
 .text.rsa_2k_brcm_sign_openssl_verify
                0x0000000063025524      0x304 /home/paulkim/work/sdk/citadel/driver_mpos_2.1.1/build/apps/ut/tests/drivers/pka/test_openssl_pka.o
 .text.rsa_2k_openssl_sign_brcm_verify
                0x0000000063025828      0x2e4 /home/paulkim/work/sdk/citadel/driver_mpos_2.1.1/build/apps/ut/tests/drivers/pka/test_openssl_pka.o
 .text.ecdsa_p256_openssl_sign_brcm_verify
                0x0000000063025b0c      0x31c /home/paulkim/work/sdk/citadel/driver_mpos_2.1.1/build/apps/ut/tests/drivers/pka/test_openssl_pka.o
 .text.ecdsa_p521_openssl_sign_brcm_verify
                0x0000000063025e28      0x480 /home/paulkim/work/sdk/citadel/driver_mpos_2.1.1/build/apps/ut/tests/drivers/pka/test_openssl_pka.o
 .text.test_openssl_pka
                0x00000000630262a8      0x150 /home/paulkim/work/sdk/citadel/driver_mpos_2.1.1/build/apps/ut/tests/drivers/pka/test_openssl_pka.o
                0x00000000630262a8                test_openssl_pka
 .text          0x00000000630263f8        0x0 /home/paulkim/work/sdk/citadel/driver_mpos_2.1.1/build/apps/ut/tests/drivers/pka/sha512.o
 .text.sha512_block_data_order
                0x00000000630263f8     0x4690 /home/paulkim/work/sdk/citadel/driver_mpos_2.1.1/build/apps/ut/tests/drivers/pka/sha512.o
 .text.SHA384_Init
                0x000000006302aa88       0xb0 /home/paulkim/work/sdk/citadel/driver_mpos_2.1.1/build/apps/ut/tests/drivers/pka/sha512.o
                0x000000006302aa88                SHA384_Init
 .text.SHA512_Init
                0x000000006302ab38       0xb0 /home/paulkim/work/sdk/citadel/driver_mpos_2.1.1/build/apps/ut/tests/drivers/pka/sha512.o
                0x000000006302ab38                SHA512_Init
 .text.SHA512_Final
                0x000000006302abe8      0x21e /home/paulkim/work/sdk/citadel/driver_mpos_2.1.1/build/apps/ut/tests/drivers/pka/sha512.o
                0x000000006302abe8                SHA512_Final
 .text.SHA384_Final
                0x000000006302ae06        0x4 /home/paulkim/work/sdk/citadel/driver_mpos_2.1.1/build/apps/ut/tests/drivers/pka/sha512.o
                0x000000006302ae06                SHA384_Final
 .text.SHA512_Update
                0x000000006302ae0a       0xf2 /home/paulkim/work/sdk/citadel/driver_mpos_2.1.1/build/apps/ut/tests/drivers/pka/sha512.o
                0x000000006302ae0a                SHA512_Update
 .text.SHA384_Update
                0x000000006302aefc        0x4 /home/paulkim/work/sdk/citadel/driver_mpos_2.1.1/build/apps/ut/tests/drivers/pka/sha512.o
                0x000000006302aefc                SHA384_Update
 .text.SHA512_Transform
                0x000000006302af00       0x22 /home/paulkim/work/sdk/citadel/driver_mpos_2.1.1/build/apps/ut/tests/drivers/pka/sha512.o
                0x000000006302af00                SHA512_Transform
 *fill*         0x000000006302af22        0x2 
 .text.SHA384   0x000000006302af24       0x30 /home/paulkim/work/sdk/citadel/driver_mpos_2.1.1/build/apps/ut/tests/drivers/pka/sha512.o
                0x000000006302af24                SHA384
 .text.SHA512   0x000000006302af54       0x30 /home/paulkim/work/sdk/citadel/driver_mpos_2.1.1/build/apps/ut/tests/drivers/pka/sha512.o
                0x000000006302af54                SHA512
 .text          0x000000006302af84      0x27c /home/paulkim/work/sdk/citadel/driver_mpos_2.1.1/build/apps/ut/tests/drivers/gpio/test_gpio.o
                0x000000006302b1c0                test_gpio
 .text          0x000000006302b200      0x2b4 /home/paulkim/work/sdk/citadel/driver_mpos_2.1.1/build/apps/ut/tests/drivers/pwm/test_pwm.o
                0x000000006302b460                test_pwm
 .text          0x000000006302b4b4      0x6fc /home/paulkim/work/sdk/citadel/driver_mpos_2.1.1/build/apps/ut/tests/drivers/dma/test_dma.o
                0x000000006302bb70                test_dma
 .text          0x000000006302bbb0      0x270 /home/paulkim/work/sdk/citadel/driver_mpos_2.1.1/build/apps/ut/tests/drivers/dmu/test_dmu.o
                0x000000006302bbb8                dmu_test
                0x000000006302bde0                test_dmu
 .text          0x000000006302be20      0x420 /home/paulkim/work/sdk/citadel/driver_mpos_2.1.1/build/apps/ut/tests/drivers/sotp/test_sotp.o
                0x000000006302c18c                test_sotp_main
 .text          0x000000006302c240     0x1a1c /home/paulkim/work/sdk/citadel/driver_mpos_2.1.1/build/apps/ut/tests/drivers/qspi_flash/test_bcm58202_qspi.o
                0x000000006302d8cc                test_qspi_flash_main
 .text          0x000000006302dc5c      0x598 /home/paulkim/work/sdk/citadel/driver_mpos_2.1.1/build/apps/ut/tests/drivers/rtc/test_rtc.o
                0x000000006302e150                test_rtc
 .text          0x000000006302e1f4       0x68 /home/paulkim/work/sdk/citadel/driver_mpos_2.1.1/build/apps/ut/tests/fp_spi/test_fp_spi.o
                0x000000006302e1f6                test_spi_func_fp_sensor_enumerate
                0x000000006302e21c                test_fp_spi
 .text          0x000000006302e25c      0x19c /home/paulkim/work/sdk/citadel/driver_mpos_2.1.1/build/apps/ut/ztest/ztest.o
                0x000000006302e36c                ztest_test_fail
                0x000000006302e372                ztest_test_pass
                0x000000006302e380                _ztest_run_test_suite
 .text          0x000000006302e3f8       0xa0 /home/paulkim/work/sdk/citadel/driver_mpos_2.1.1/build/apps/ut/app_main.o
                0x000000006302e3f8                run_tests
                0x000000006302e484                app_main
 .text          0x000000006302e498      0x3e8 /home/paulkim/work/sdk/citadel/driver_mpos_2.1.1/build/drivers/broadcom/pka/qlip/qlip.a(q_addsub.o)
                0x000000006302e498                q_uadd
                0x000000006302e548                q_usub
                0x000000006302e5f4                q_ucmp
                0x000000006302e622                q_add
                0x000000006302e662                q_sub
                0x000000006302e6b4                q_cmp
                0x000000006302e708                q_modadd
                0x000000006302e7c4                q_modsub
 .text          0x000000006302e880      0x2f2 /home/paulkim/work/sdk/citadel/driver_mpos_2.1.1/build/drivers/broadcom/pka/qlip/qlip.a(q_dh.o)
                0x000000006302e880                q_dh_pk
                0x000000006302e9f8                q_dh_ss
 .text          0x000000006302eb72      0x152 /home/paulkim/work/sdk/citadel/driver_mpos_2.1.1/build/drivers/broadcom/pka/qlip/qlip.a(q_div.o)
                0x000000006302eb72                q_div
                0x000000006302ebe0                q_div_2pn
                0x000000006302ec6e                q_mod_div2
 .text          0x000000006302ecc4      0x620 /home/paulkim/work/sdk/citadel/driver_mpos_2.1.1/build/drivers/broadcom/pka/qlip/qlip.a(q_dsa.o)
                0x000000006302ecc4                q_dsa_sign
                0x000000006302efac                q_dsa_verify
 .text          0x000000006302f2e4      0xbf8 /home/paulkim/work/sdk/citadel/driver_mpos_2.1.1/build/drivers/broadcom/pka/qlip/qlip.a(q_ecdsa.o)
                0x000000006302f2e4                q_ecp_ecdsa_sign
                0x000000006302f5b4                q_ecp_ecdsa_verify
 .text          0x000000006302fedc     0x155c /home/paulkim/work/sdk/citadel/driver_mpos_2.1.1/build/drivers/broadcom/pka/qlip/qlip.a(q_ecp.o)
                0x000000006302fedc                q_pt_copy
                0x000000006302ff0c                q_pt_IsAffine
                0x000000006302ff2c                q_ecp_prj_2_affine
                0x00000000630300ac                q_ecp_prj_pka_init
                0x0000000063030188                q_ecp_prj_pka_get_result
                0x000000006303022a                q_ecp_pt_dbl_prj_pka
                0x000000006303033c                q_ecp_pt_dbl_prj
                0x00000000630303a0                q_ecp_pt_add_prj_pka
                0x0000000063030530                q_ecp_pt_mul_prj
                0x00000000630306cc                q_ecp_pt_mul
                0x0000000063030a60                q_ecp_pt_add_prj
                0x0000000063030ac8                q_ecp_pt_dbl
                0x0000000063030d80                q_ecp_pt_add
                0x00000000630310d0                q_ecp_pt_sub
 .text          0x0000000063031438      0x28c /home/paulkim/work/sdk/citadel/driver_mpos_2.1.1/build/drivers/broadcom/pka/qlip/qlip.a(q_fdivrem.o)
                0x0000000063031438                get_digit
                0x0000000063031450                set_digit
                0x000000006303147c                q_fdivrem
 .text          0x00000000630316c4      0x620 /home/paulkim/work/sdk/citadel/driver_mpos_2.1.1/build/drivers/broadcom/pka/qlip/qlip.a(q_inv.o)
                0x00000000630316c4                q_modpinv
                0x0000000063031814                q_gcd
                0x0000000063031886                q_euclid
                0x0000000063031aa8                q_modinv
                0x0000000063031b2a                q_euclid_sw
                0x0000000063031c60                q_modinv_sw
 .text          0x0000000063031ce4      0x150 /home/paulkim/work/sdk/citadel/driver_mpos_2.1.1/build/drivers/broadcom/pka/qlip/qlip.a(q_lip_aux.o)
                0x0000000063031ce4                q_copy
                0x0000000063031d16                q_malloc
                0x0000000063031d34                q_init
                0x0000000063031d66                q_free
                0x0000000063031d8a                q_IsZero
                0x0000000063031da8                q_IsOne
                0x0000000063031dc2                q_SetZero
                0x0000000063031dde                q_SetOne
                0x0000000063031dfe                q_IsOdd
                0x0000000063031e08                q_LeadingOne
 .text          0x0000000063031e34      0x198 /home/paulkim/work/sdk/citadel/driver_mpos_2.1.1/build/drivers/broadcom/pka/qlip/qlip.a(q_lip_utils.o)
                0x0000000063031e34                q_yield_default
                0x0000000063031e38                q_ctx_init
                0x0000000063031e64                q_import
                0x0000000063031f3a                q_export
 .text          0x0000000063031fcc      0x774 /home/paulkim/work/sdk/citadel/driver_mpos_2.1.1/build/drivers/broadcom/pka/qlip/qlip.a(q_modexp.o)
                0x0000000063031fcc                q_mont_init
                0x000000006303225c                q_modexp
                0x0000000063032530                q_mont_mul
                0x0000000063032658                q_modexp_mont
 .text          0x0000000063032740      0x154 /home/paulkim/work/sdk/citadel/driver_mpos_2.1.1/build/drivers/broadcom/pka/qlip/qlip.a(q_mod.o)
                0x0000000063032740                q_mod_2pn
                0x000000006303279e                q_mod_partial
                0x00000000630327d8                q_mod
                0x0000000063032874                q_mod_sw
 .text          0x0000000063032894      0x6d0 /home/paulkim/work/sdk/citadel/driver_mpos_2.1.1/build/drivers/broadcom/pka/qlip/qlip.a(q_mulsqr.o)
                0x0000000063032894                q_mul_2pn
                0x0000000063032926                q_sqr
                0x00000000630329fc                q_modsqr
                0x0000000063032aac                q_mul
                0x0000000063032bd0                q_modmul_pb
                0x0000000063032cb0                q_modsqr_pb
                0x0000000063032d8e                q_mul_sw
                0x0000000063032e9a                q_modmul
 .text          0x0000000063032f64      0x230 /home/paulkim/work/sdk/citadel/driver_mpos_2.1.1/build/drivers/broadcom/pka/qlip/qlip.a(q_pka_hw.o)
                0x0000000063032f64                q_pka_sel_LIR
                0x0000000063032ff8                q_pka_LIR_size
                0x0000000063033094                q_pka_hw_rst
                0x00000000630330a8                q_pka_hw_rd_status
                0x00000000630330c0                q_pka_hw_wr_status
                0x00000000630330cc                q_pka_hw_write_sequence
                0x0000000063033104                q_pka_zeroize_mem
                0x0000000063033178                q_pka_hw_read_LIR
 .text          0x0000000063033194       0xb8 /home/paulkim/work/sdk/citadel/driver_mpos_2.1.1/build/drivers/broadcom/pka/qlip/qlip.a(q_ppsel.o)
                0x0000000063033194                q_ppsel
 .text          0x000000006303324c      0x8c0 /home/paulkim/work/sdk/citadel/driver_mpos_2.1.1/build/drivers/broadcom/pka/qlip/qlip.a(q_rsa_4k.o)
                0x000000006303324c                q_mont_init_sw
                0x0000000063033352                q_mont_mul_sw
                0x000000006303347a                q_modexp_mont_sw
                0x00000000630335e4                q_modexp_sw
                0x0000000063033656                q_rsa_crt_4k
 .text          0x0000000063033b0c      0x4f8 /home/paulkim/work/sdk/citadel/driver_mpos_2.1.1/build/drivers/broadcom/pka/qlip/qlip.a(q_rsa.o)
                0x0000000063033b0c                q_rsa_enc
                0x0000000063033c76                q_rsa_crt
 .text          0x0000000063034004        0x0 /home/paulkim/work/toolchains/gcc-arm-none-eabi-6-2017-q1-update/bin/../lib/gcc/arm-none-eabi/6.3.1/../../../../arm-none-eabi/lib/thumb/v7-ar/fpv3/hard/libc.a(lib_a-atoi.o)
 .text.atoi     0x0000000063034004        0x8 /home/paulkim/work/toolchains/gcc-arm-none-eabi-6-2017-q1-update/bin/../lib/gcc/arm-none-eabi/6.3.1/../../../../arm-none-eabi/lib/thumb/v7-ar/fpv3/hard/libc.a(lib_a-atoi.o)
                0x0000000063034004                atoi
 .text._atoi_r  0x000000006303400c        0x8 /home/paulkim/work/toolchains/gcc-arm-none-eabi-6-2017-q1-update/bin/../lib/gcc/arm-none-eabi/6.3.1/../../../../arm-none-eabi/lib/thumb/v7-ar/fpv3/hard/libc.a(lib_a-atoi.o)
                0x000000006303400c                _atoi_r
 .text          0x0000000063034014        0x0 /home/paulkim/work/toolchains/gcc-arm-none-eabi-6-2017-q1-update/bin/../lib/gcc/arm-none-eabi/6.3.1/../../../../arm-none-eabi/lib/thumb/v7-ar/fpv3/hard/libc.a(lib_a-locale.o)
 .text._setlocale_r
                0x0000000063034014       0x54 /home/paulkim/work/toolchains/gcc-arm-none-eabi-6-2017-q1-update/bin/../lib/gcc/arm-none-eabi/6.3.1/../../../../arm-none-eabi/lib/thumb/v7-ar/fpv3/hard/libc.a(lib_a-locale.o)
                0x0000000063034014                _setlocale_r
 .text.__locale_mb_cur_max
                0x0000000063034068       0x20 /home/paulkim/work/toolchains/gcc-arm-none-eabi-6-2017-q1-update/bin/../lib/gcc/arm-none-eabi/6.3.1/../../../../arm-none-eabi/lib/thumb/v7-ar/fpv3/hard/libc.a(lib_a-locale.o)
                0x0000000063034068                __locale_mb_cur_max
 .text.__locale_ctype_ptr_l
                0x0000000063034088        0x8 /home/paulkim/work/toolchains/gcc-arm-none-eabi-6-2017-q1-update/bin/../lib/gcc/arm-none-eabi/6.3.1/../../../../arm-none-eabi/lib/thumb/v7-ar/fpv3/hard/libc.a(lib_a-locale.o)
                0x0000000063034088                __locale_ctype_ptr_l
 .text.__locale_ctype_ptr
                0x0000000063034090       0x20 /home/paulkim/work/toolchains/gcc-arm-none-eabi-6-2017-q1-update/bin/../lib/gcc/arm-none-eabi/6.3.1/../../../../arm-none-eabi/lib/thumb/v7-ar/fpv3/hard/libc.a(lib_a-locale.o)
                0x0000000063034090                __locale_ctype_ptr
 .text.setlocale
                0x00000000630340b0       0x14 /home/paulkim/work/toolchains/gcc-arm-none-eabi-6-2017-q1-update/bin/../lib/gcc/arm-none-eabi/6.3.1/../../../../arm-none-eabi/lib/thumb/v7-ar/fpv3/hard/libc.a(lib_a-locale.o)
                0x00000000630340b0                setlocale
 .text          0x00000000630340c4        0x0 /home/paulkim/work/toolchains/gcc-arm-none-eabi-6-2017-q1-update/bin/../lib/gcc/arm-none-eabi/6.3.1/../../../../arm-none-eabi/lib/thumb/v7-ar/fpv3/hard/libc.a(lib_a-mbtowc_r.o)
 .text._mbtowc_r
                0x00000000630340c4       0x28 /home/paulkim/work/toolchains/gcc-arm-none-eabi-6-2017-q1-update/bin/../lib/gcc/arm-none-eabi/6.3.1/../../../../arm-none-eabi/lib/thumb/v7-ar/fpv3/hard/libc.a(lib_a-mbtowc_r.o)
                0x00000000630340c4                _mbtowc_r
 .text.__ascii_mbtowc
                0x00000000630340ec       0x2c /home/paulkim/work/toolchains/gcc-arm-none-eabi-6-2017-q1-update/bin/../lib/gcc/arm-none-eabi/6.3.1/../../../../arm-none-eabi/lib/thumb/v7-ar/fpv3/hard/libc.a(lib_a-mbtowc_r.o)
                0x00000000630340ec                __ascii_mbtowc
 .text          0x0000000063034118        0x0 /home/paulkim/work/toolchains/gcc-arm-none-eabi-6-2017-q1-update/bin/../lib/gcc/arm-none-eabi/6.3.1/../../../../arm-none-eabi/lib/thumb/v7-ar/fpv3/hard/libc.a(lib_a-memcmp.o)
 .text.memcmp   0x0000000063034118       0x5c /home/paulkim/work/toolchains/gcc-arm-none-eabi-6-2017-q1-update/bin/../lib/gcc/arm-none-eabi/6.3.1/../../../../arm-none-eabi/lib/thumb/v7-ar/fpv3/hard/libc.a(lib_a-memcmp.o)
                0x0000000063034118                memcmp
 .text          0x0000000063034174       0xec /home/paulkim/work/toolchains/gcc-arm-none-eabi-6-2017-q1-update/bin/../lib/gcc/arm-none-eabi/6.3.1/../../../../arm-none-eabi/lib/thumb/v7-ar/fpv3/hard/libc.a(lib_a-memcpy.o)
                0x0000000063034174                memcpy
 .text          0x0000000063034260        0x0 /home/paulkim/work/toolchains/gcc-arm-none-eabi-6-2017-q1-update/bin/../lib/gcc/arm-none-eabi/6.3.1/../../../../arm-none-eabi/lib/thumb/v7-ar/fpv3/hard/libc.a(lib_a-memset.o)
 .text.memset   0x0000000063034260       0xa4 /home/paulkim/work/toolchains/gcc-arm-none-eabi-6-2017-q1-update/bin/../lib/gcc/arm-none-eabi/6.3.1/../../../../arm-none-eabi/lib/thumb/v7-ar/fpv3/hard/libc.a(lib_a-memset.o)
                0x0000000063034260                memset
 .text          0x0000000063034304       0x1c /home/paulkim/work/toolchains/gcc-arm-none-eabi-6-2017-q1-update/bin/../lib/gcc/arm-none-eabi/6.3.1/../../../../arm-none-eabi/lib/thumb/v7-ar/fpv3/hard/libc.a(lib_a-setjmp.o)
                0x0000000063034304                setjmp
                0x0000000063034310                longjmp
 .text          0x0000000063034320        0x0 /home/paulkim/work/toolchains/gcc-arm-none-eabi-6-2017-q1-update/bin/../lib/gcc/arm-none-eabi/6.3.1/../../../../arm-none-eabi/lib/thumb/v7-ar/fpv3/hard/libc.a(lib_a-signal.o)
 .text._init_signal_r.part.0
                0x0000000063034320       0x28 /home/paulkim/work/toolchains/gcc-arm-none-eabi-6-2017-q1-update/bin/../lib/gcc/arm-none-eabi/6.3.1/../../../../arm-none-eabi/lib/thumb/v7-ar/fpv3/hard/libc.a(lib_a-signal.o)
 .text._init_signal_r
                0x0000000063034348       0x10 /home/paulkim/work/toolchains/gcc-arm-none-eabi-6-2017-q1-update/bin/../lib/gcc/arm-none-eabi/6.3.1/../../../../arm-none-eabi/lib/thumb/v7-ar/fpv3/hard/libc.a(lib_a-signal.o)
                0x0000000063034348                _init_signal_r
 .text._signal_r
                0x0000000063034358       0x44 /home/paulkim/work/toolchains/gcc-arm-none-eabi-6-2017-q1-update/bin/../lib/gcc/arm-none-eabi/6.3.1/../../../../arm-none-eabi/lib/thumb/v7-ar/fpv3/hard/libc.a(lib_a-signal.o)
                0x0000000063034358                _signal_r
 .text._raise_r
                0x000000006303439c       0x60 /home/paulkim/work/toolchains/gcc-arm-none-eabi-6-2017-q1-update/bin/../lib/gcc/arm-none-eabi/6.3.1/../../../../arm-none-eabi/lib/thumb/v7-ar/fpv3/hard/libc.a(lib_a-signal.o)
                0x000000006303439c                _raise_r
 .text.__sigtramp_r
                0x00000000630343fc       0x58 /home/paulkim/work/toolchains/gcc-arm-none-eabi-6-2017-q1-update/bin/../lib/gcc/arm-none-eabi/6.3.1/../../../../arm-none-eabi/lib/thumb/v7-ar/fpv3/hard/libc.a(lib_a-signal.o)
                0x00000000630343fc                __sigtramp_r
 .text.raise    0x0000000063034454       0x10 /home/paulkim/work/toolchains/gcc-arm-none-eabi-6-2017-q1-update/bin/../lib/gcc/arm-none-eabi/6.3.1/../../../../arm-none-eabi/lib/thumb/v7-ar/fpv3/hard/libc.a(lib_a-signal.o)
                0x0000000063034454                raise
 .text.signal   0x0000000063034464       0x14 /home/paulkim/work/toolchains/gcc-arm-none-eabi-6-2017-q1-update/bin/../lib/gcc/arm-none-eabi/6.3.1/../../../../arm-none-eabi/lib/thumb/v7-ar/fpv3/hard/libc.a(lib_a-signal.o)
                0x0000000063034464                signal
 .text._init_signal
                0x0000000063034478       0x18 /home/paulkim/work/toolchains/gcc-arm-none-eabi-6-2017-q1-update/bin/../lib/gcc/arm-none-eabi/6.3.1/../../../../arm-none-eabi/lib/thumb/v7-ar/fpv3/hard/libc.a(lib_a-signal.o)
                0x0000000063034478                _init_signal
 .text.__sigtramp
                0x0000000063034490       0x10 /home/paulkim/work/toolchains/gcc-arm-none-eabi-6-2017-q1-update/bin/../lib/gcc/arm-none-eabi/6.3.1/../../../../arm-none-eabi/lib/thumb/v7-ar/fpv3/hard/libc.a(lib_a-signal.o)
                0x0000000063034490                __sigtramp
 .text          0x00000000630344a0        0x0 /home/paulkim/work/toolchains/gcc-arm-none-eabi-6-2017-q1-update/bin/../lib/gcc/arm-none-eabi/6.3.1/../../../../arm-none-eabi/lib/thumb/v7-ar/fpv3/hard/libc.a(lib_a-signalr.o)
 .text._kill_r  0x00000000630344a0       0x2c /home/paulkim/work/toolchains/gcc-arm-none-eabi-6-2017-q1-update/bin/../lib/gcc/arm-none-eabi/6.3.1/../../../../arm-none-eabi/lib/thumb/v7-ar/fpv3/hard/libc.a(lib_a-signalr.o)
                0x00000000630344a0                _kill_r
 .text._getpid_r
                0x00000000630344cc        0x4 /home/paulkim/work/toolchains/gcc-arm-none-eabi-6-2017-q1-update/bin/../lib/gcc/arm-none-eabi/6.3.1/../../../../arm-none-eabi/lib/thumb/v7-ar/fpv3/hard/libc.a(lib_a-signalr.o)
                0x00000000630344cc                _getpid_r
 .text          0x00000000630344d0      0x1bc /home/paulkim/work/toolchains/gcc-arm-none-eabi-6-2017-q1-update/bin/../lib/gcc/arm-none-eabi/6.3.1/../../../../arm-none-eabi/lib/thumb/v7-ar/fpv3/hard/libc.a(lib_a-strcmp.o)
                0x00000000630344d0                strcmp
 .text          0x000000006303468c        0x0 /home/paulkim/work/toolchains/gcc-arm-none-eabi-6-2017-q1-update/bin/../lib/gcc/arm-none-eabi/6.3.1/../../../../arm-none-eabi/lib/thumb/v7-ar/fpv3/hard/libc.a(lib_a-strlen-stub.o)
 .text.strlen   0x000000006303468c       0x5c /home/paulkim/work/toolchains/gcc-arm-none-eabi-6-2017-q1-update/bin/../lib/gcc/arm-none-eabi/6.3.1/../../../../arm-none-eabi/lib/thumb/v7-ar/fpv3/hard/libc.a(lib_a-strlen-stub.o)
                0x000000006303468c                strlen
 .text          0x00000000630346e8        0x0 /home/paulkim/work/toolchains/gcc-arm-none-eabi-6-2017-q1-update/bin/../lib/gcc/arm-none-eabi/6.3.1/../../../../arm-none-eabi/lib/thumb/v7-ar/fpv3/hard/libc.a(lib_a-strncmp.o)
 .text.strncmp  0x00000000630346e8       0x9c /home/paulkim/work/toolchains/gcc-arm-none-eabi-6-2017-q1-update/bin/../lib/gcc/arm-none-eabi/6.3.1/../../../../arm-none-eabi/lib/thumb/v7-ar/fpv3/hard/libc.a(lib_a-strncmp.o)
                0x00000000630346e8                strncmp
 .text          0x0000000063034784        0x0 /home/paulkim/work/toolchains/gcc-arm-none-eabi-6-2017-q1-update/bin/../lib/gcc/arm-none-eabi/6.3.1/../../../../arm-none-eabi/lib/thumb/v7-ar/fpv3/hard/libc.a(lib_a-strsignal.o)
 .text.strsignal
                0x0000000063034784      0x17c /home/paulkim/work/toolchains/gcc-arm-none-eabi-6-2017-q1-update/bin/../lib/gcc/arm-none-eabi/6.3.1/../../../../arm-none-eabi/lib/thumb/v7-ar/fpv3/hard/libc.a(lib_a-strsignal.o)
                0x0000000063034784                strsignal
 .text          0x0000000063034900        0x0 /home/paulkim/work/toolchains/gcc-arm-none-eabi-6-2017-q1-update/bin/../lib/gcc/arm-none-eabi/6.3.1/../../../../arm-none-eabi/lib/thumb/v7-ar/fpv3/hard/libc.a(lib_a-strtol.o)
 .text._strtol_l.isra.0
                0x0000000063034900      0x16c /home/paulkim/work/toolchains/gcc-arm-none-eabi-6-2017-q1-update/bin/../lib/gcc/arm-none-eabi/6.3.1/../../../../arm-none-eabi/lib/thumb/v7-ar/fpv3/hard/libc.a(lib_a-strtol.o)
 .text._strtol_r
                0x0000000063034a6c       0x28 /home/paulkim/work/toolchains/gcc-arm-none-eabi-6-2017-q1-update/bin/../lib/gcc/arm-none-eabi/6.3.1/../../../../arm-none-eabi/lib/thumb/v7-ar/fpv3/hard/libc.a(lib_a-strtol.o)
                0x0000000063034a6c                _strtol_r
 .text.strtol_l
                0x0000000063034a94       0x20 /home/paulkim/work/toolchains/gcc-arm-none-eabi-6-2017-q1-update/bin/../lib/gcc/arm-none-eabi/6.3.1/../../../../arm-none-eabi/lib/thumb/v7-ar/fpv3/hard/libc.a(lib_a-strtol.o)
                0x0000000063034a94                strtol_l
 .text.strtol   0x0000000063034ab4       0x30 /home/paulkim/work/toolchains/gcc-arm-none-eabi-6-2017-q1-update/bin/../lib/gcc/arm-none-eabi/6.3.1/../../../../arm-none-eabi/lib/thumb/v7-ar/fpv3/hard/libc.a(lib_a-strtol.o)
                0x0000000063034ab4                strtol
 .text          0x0000000063034ae4        0x0 /home/paulkim/work/toolchains/gcc-arm-none-eabi-6-2017-q1-update/bin/../lib/gcc/arm-none-eabi/6.3.1/../../../../arm-none-eabi/lib/thumb/v7-ar/fpv3/hard/libc.a(lib_a-strtoul.o)
 .text._strtoul_l.isra.0
                0x0000000063034ae4      0x13c /home/paulkim/work/toolchains/gcc-arm-none-eabi-6-2017-q1-update/bin/../lib/gcc/arm-none-eabi/6.3.1/../../../../arm-none-eabi/lib/thumb/v7-ar/fpv3/hard/libc.a(lib_a-strtoul.o)
 .text._strtoul_r
                0x0000000063034c20       0x28 /home/paulkim/work/toolchains/gcc-arm-none-eabi-6-2017-q1-update/bin/../lib/gcc/arm-none-eabi/6.3.1/../../../../arm-none-eabi/lib/thumb/v7-ar/fpv3/hard/libc.a(lib_a-strtoul.o)
                0x0000000063034c20                _strtoul_r
 .text.strtoul_l
                0x0000000063034c48       0x20 /home/paulkim/work/toolchains/gcc-arm-none-eabi-6-2017-q1-update/bin/../lib/gcc/arm-none-eabi/6.3.1/../../../../arm-none-eabi/lib/thumb/v7-ar/fpv3/hard/libc.a(lib_a-strtoul.o)
                0x0000000063034c48                strtoul_l
 .text.strtoul  0x0000000063034c68       0x30 /home/paulkim/work/toolchains/gcc-arm-none-eabi-6-2017-q1-update/bin/../lib/gcc/arm-none-eabi/6.3.1/../../../../arm-none-eabi/lib/thumb/v7-ar/fpv3/hard/libc.a(lib_a-strtoul.o)
                0x0000000063034c68                strtoul
 .text          0x0000000063034c98        0x0 /home/paulkim/work/toolchains/gcc-arm-none-eabi-6-2017-q1-update/bin/../lib/gcc/arm-none-eabi/6.3.1/../../../../arm-none-eabi/lib/thumb/v7-ar/fpv3/hard/libc.a(lib_a-wctomb_r.o)
 .text._wctomb_r