Archive member included to satisfy reference by file (symbol)

../app/libapp.a(test.c.obj)   (--whole-archive)
../app/libapp.a(test_clocks.c.obj)
                              (--whole-archive)
../app/libapp.a(test_adc.c.obj)
                              (--whole-archive)
../app/libapp.a(test_bbl.c.obj)
                              (--whole-archive)
../app/libapp.a(test_crypto.c.obj)
                              (--whole-archive)
../app/libapp.a(pci_eval_test.c.obj)
                              (--whole-archive)
../app/libapp.a(test_pka.c.obj)
                              (--whole-archive)
../app/libapp.a(test_openssl_pka.c.obj)
                              (--whole-archive)
../app/libapp.a(sha512.c.obj)
                              (--whole-archive)
../app/libapp.a(test_dma.c.obj)
                              (--whole-archive)
../app/libapp.a(test_dmu.c.obj)
                              (--whole-archive)
../app/libapp.a(test_ft.c.obj)
                              (--whole-archive)
../app/libapp.a(test_gpio.c.obj)
                              (--whole-archive)
../app/libapp.a(test_i2c.c.obj)
                              (--whole-archive)
../app/libapp.a(test_pm.c.obj)
                              (--whole-archive)
../app/libapp.a(test_pwm.c.obj)
                              (--whole-archive)
../app/libapp.a(test_bcm58202_qspi.c.obj)
                              (--whole-archive)
../app/libapp.a(test_rtc.c.obj)
                              (--whole-archive)
../app/libapp.a(test_sc_main.c.obj)
                              (--whole-archive)
../app/libapp.a(test_sc_infra.c.obj)
                              (--whole-archive)
../app/libapp.a(test_sc_states.c.obj)
                              (--whole-archive)
../app/libapp.a(test_emv2000_t0.c.obj)
                              (--whole-archive)
../app/libapp.a(test_emv2000_t1.c.obj)
                              (--whole-archive)
../app/libapp.a(test_emv2000_tests.c.obj)
                              (--whole-archive)
../app/libapp.a(test_sc_card.c.obj)
                              (--whole-archive)
../app/libapp.a(test_sdio.c.obj)
                              (--whole-archive)
../app/libapp.a(sd_mem_card_test.c.obj)
                              (--whole-archive)
../app/libapp.a(test_sotp.c.obj)
                              (--whole-archive)
../app/libapp.a(test_bcm58202_spi_legacy.c.obj)
                              (--whole-archive)
../app/libapp.a(test_bcm58202_spi.c.obj)
                              (--whole-archive)
../app/libapp.a(test_timer.c.obj)
                              (--whole-archive)
../app/libapp.a(test_unicam.c.obj)
                              (--whole-archive)
../app/libapp.a(test_lcd.c.obj)
                              (--whole-archive)
../app/libapp.a(test_wdt.c.obj)
                              (--whole-archive)
../app/libapp.a(test_usbd_cdc_acm.c.obj)
                              (--whole-archive)
../app/libapp.a(test_usbh_zephyr.c.obj)
                              (--whole-archive)
../app/libapp.a(cpu.c.obj)    (--whole-archive)
../app/libapp.a(test_fp_spi.c.obj)
                              (--whole-archive)
libzephyr.a(isr_tables.c.obj)
                              (--whole-archive)
libzephyr.a(sw_isr_common.c.obj)
                              (--whole-archive)
libzephyr.a(crc32_sw.c.obj)   (--whole-archive)
libzephyr.a(crc16_sw.c.obj)   (--whole-archive)
libzephyr.a(crc8_sw.c.obj)    (--whole-archive)
libzephyr.a(crc7_sw.c.obj)    (--whole-archive)
libzephyr.a(fdtable.c.obj)    (--whole-archive)
libzephyr.a(mempool.c.obj)    (--whole-archive)
libzephyr.a(rb.c.obj)         (--whole-archive)
libzephyr.a(thread_entry.c.obj)
                              (--whole-archive)
libzephyr.a(work_q.c.obj)     (--whole-archive)
libzephyr.a(printk.c.obj)     (--whole-archive)
libzephyr.a(ring_buffer.c.obj)
                              (--whole-archive)
libzephyr.a(assert.c.obj)     (--whole-archive)
libzephyr.a(configs.c.obj)    (--whole-archive)
libzephyr.a(soc.c.obj)        (--whole-archive)
libzephyr.a(fnmatch.c.obj)    (--whole-archive)
libzephyr.a(log_list.c.obj)   (--whole-archive)
libzephyr.a(log_core.c.obj)   (--whole-archive)
libzephyr.a(log_msg.c.obj)    (--whole-archive)
libzephyr.a(log_output.c.obj)
                              (--whole-archive)
libzephyr.a(log_cmds.c.obj)   (--whole-archive)
libzephyr.a(line_fifo.c.obj)  (--whole-archive)
libzephyr.a(tty.c.obj)        (--whole-archive)
libzephyr.a(getchar.c.obj)    (--whole-archive)
libzephyr.a(kernel_service.c.obj)
                              (--whole-archive)
libzephyr.a(shell.c.obj)      (--whole-archive)
libzephyr.a(shell_fprintf.c.obj)
                              (--whole-archive)
libzephyr.a(shell_utils.c.obj)
                              (--whole-archive)
libzephyr.a(shell_ops.c.obj)  (--whole-archive)
libzephyr.a(shell_uart.c.obj)
                              (--whole-archive)
libzephyr.a(shell_help.c.obj)
[...]
Memory Configuration

Name             Origin             Length             Attributes
FLASH            0x0000000063000400 0x00000000007ffc00 xr
SRAM             0x0000000024010000 0x00000000000f0000 xw
IDT_LIST         0x0000000024100000 0x0000000000000800 xw
*default*        0x0000000000000000 0xffffffffffffffff

Linker script and memory map

LOAD CMakeFiles/kernel_elf.dir/misc/empty_file.c.obj
LOAD CMakeFiles/kernel_elf.dir/isr_tables.c.obj
LOAD ../app/libapp.a
LOAD libzephyr.a
LOAD arch/arch/arm/core/cortex_a/libarch__arm__core__cortex_a.a
LOAD lib/libc/minimal/liblib__libc__minimal.a
LOAD boards/arm/citadel_svk_58201/libboards__arm__citadel_svk_58201.a
LOAD subsys/testsuite/ztest/libsubsys__testsuite__ztest.a
LOAD subsys/zbar-0.10/libsubsys__zbar-0.10.a
LOAD drivers/serial/libdrivers__serial.a
LOAD drivers/broadcom/pka/libdrivers__broadcom__pka.a
LOAD drivers/broadcom/qspi_flash/libdrivers__broadcom__qspi_flash.a
LOAD drivers/broadcom/smau/libdrivers__broadcom__smau.a
LOAD kernel/libkernel.a
LOAD CMakeFiles/offsets.dir/arch/arm/core/offsets/offsets.c.obj
LOAD /home/paulkim/work/toolchains/gcc-arm-none-eabi-6-2017-q1-update/bin/../lib/gcc/arm-none-eabi/6.3.1/thumb/v7-ar/fpv3/hard/libgcc.a
LOAD ../src/drivers/smau/libsamples__testing__broadcom__src__drivers__smau.a
LOAD /home/paulkim/work/sdk/citadel/samples/testing/broadcom/build/zephyr/libqlip.a

.rel.plt        0x0000000063000400        0x0
 *(SORT(.rel.plt))
                [!provide]                        PROVIDE (__rel_iplt_start, .)
 *(SORT(.rel.iplt))
 .rel.iplt      0x0000000063000400        0x0 CMakeFiles/kernel_elf.dir/misc/empty_file.c.obj
                [!provide]                        PROVIDE (__rel_iplt_end, .)

.rela.plt       0x0000000000000000        0x0
 *(SORT(.rela.plt))
                [!provide]                        PROVIDE (__rela_iplt_start, .)
 *(SORT(.rela.iplt))
                [!provide]                        PROVIDE (__rela_iplt_end, .)

.rel.dyn
 *(SORT(.rel.*))

.rela.dyn
 *(SORT(.rela.*))

/DISCARD/
 *(SORT(.plt))
 *(SORT(.iplt))
 *(SORT(.got.plt))
 *(SORT(.igot.plt))
 *(SORT(.got))
 *(SORT(.igot))
 *(SORT(.irq_info))
 *(SORT(.intList))
 *(SORT(.ramfunc.debug*))
 *(SORT(.ramfunc.comment*))
 *(SORT(.ramfunc.ARM.*))
                0x0000000063000400                _image_rom_start = 0x63000400

text            0x0000000063000400    0x4cbf0
                0x0000000063000400                _image_text_start = .
                0x0000000000000000                . = 0x0
 *(SORT(.text._startup) SORT(.text._startup.*))
 .text._startup
                0x0000000063000400       0x60 arch/arch/arm/core/cortex_a/libarch__arm__core__cortex_a.a(reset.S.obj)
                0x0000000063000420                __start
 *(SORT(.text))
 .text          0x0000000063000460       0xa0 /home/paulkim/work/toolchains/gcc-arm-none-eabi-6-2017-q1-update/bin/../lib/gcc/arm-none-eabi/6.3.1/thumb/v7-ar/fpv3/hard/libgcc.a(_aeabi_ldivmod.o)
                0x0000000063000460                __aeabi_ldivmod
 .text          0x0000000063000500       0x30 /home/paulkim/work/toolchains/gcc-arm-none-eabi-6-2017-q1-update/bin/../lib/gcc/arm-none-eabi/6.3.1/thumb/v7-ar/fpv3/hard/libgcc.a(_aeabi_uldivmod.o)
                0x0000000063000500                __aeabi_uldivmod
 .text          0x0000000063000530      0x114 /home/paulkim/work/toolchains/gcc-arm-none-eabi-6-2017-q1-update/bin/../lib/gcc/arm-none-eabi/6.3.1/thumb/v7-ar/fpv3/hard/libgcc.a(_udivmoddi4.o)
                0x0000000063000530                __udivmoddi4
 .text          0x0000000063000644        0x4 /home/paulkim/work/toolchains/gcc-arm-none-eabi-6-2017-q1-update/bin/../lib/gcc/arm-none-eabi/6.3.1/thumb/v7-ar/fpv3/hard/libgcc.a(_dvmd_tls.o)
                0x0000000063000644                __aeabi_ldiv0
                0x0000000063000644                __aeabi_idiv0
 .text          0x0000000063000648     0x1dec libzephyr.a(mproc_pm.c.obj)
                0x0000000063000648                MCU_M0_BIN_START
                0x0000000063002430                MCU_M0_BIN_END
 .text          0x0000000063002434     0x1144 ../app/libapp.a(test_openssl_pka.c.obj)
 *(SORT(.text.*))
 .text.sha512_block_data_order
                0x0000000063003578     0x4690 ../app/libapp.a(sha512.c.obj)
 .text.SHA384_Init
                0x0000000063007c08       0xb0 ../app/libapp.a(sha512.c.obj)
                0x0000000063007c08                SHA384_Init
 .text.SHA512_Init
                0x0000000063007cb8       0xb0 ../app/libapp.a(sha512.c.obj)
                0x0000000063007cb8                SHA512_Init
 .text.test_sotp_write
                0x0000000063007d68       0x9c ../app/libapp.a(test_sotp.c.obj)
 *fill*         0x0000000063007e04        0x4 
 .text.bcm58202_start_timer
                0x0000000063007e08      0x1a4 libzephyr.a(timer_bcm58202.c.obj)
 *fill*         0x0000000063007fac        0x4 
 .text.sotp_mem_write
                0x0000000063007fb0      0x4a8 libzephyr.a(sotp.c.obj)
                0x0000000063007fb0                sotp_mem_write
 .text.sotp_set_key_helper
                0x0000000063008458      0x14c libzephyr.a(sotp.c.obj)
 .text.test_not_available
                0x00000000630085a4       0x30 ../app/libapp.a(test.c.obj)
                0x00000000630085a4                test_printer
                0x00000000630085a4                test_mbedtls
                0x00000000630085a4                test_spi_ind
                0x00000000630085a4                test_smc
                0x00000000630085a4                test_spi
                0x00000000630085a4                test_keypad
                0x00000000630085a4                test_zbar
                0x00000000630085a4                test_spl
 .text.test_all
                0x00000000630085d4       0x44 ../app/libapp.a(test.c.obj)
 .text.test_loop
                0x0000000063008618       0x78 ../app/libapp.a(test.c.obj)
 .text.getch    0x0000000063008690       0xa0 ../app/libapp.a(test.c.obj)
                0x0000000063008690                getch
 .text.print_line
                0x0000000063008730       0x24 ../app/libapp.a(test_clocks.c.obj)
 .text.clock_control_get_rate
                0x0000000063008754       0x54 ../app/libapp.a(test_clocks.c.obj)
 .text.z_zassert.constprop.0
                0x00000000630087a8       0x3c ../app/libapp.a(test_clocks.c.obj)
 .text.query_clocks
                0x00000000630087e4      0x26c ../app/libapp.a(test_clocks.c.obj)
 .text.test_clocks
                0x0000000063008a50       0x18 ../app/libapp.a(test_clocks.c.obj)
                0x0000000063008a50                test_clocks
 .text.test_cpu_speed
                0x0000000063008a68      0x4d8 ../app/libapp.a(test_clocks.c.obj)
                0x0000000063008a68                test_cpu_speed
 .text.adc_test_cb
                0x0000000063008f40       0x58 ../app/libapp.a(test_adc.c.obj)
                0x0000000063008f40                adc_test_cb
 .text.z_zassert.constprop.2
                0x0000000063008f98       0x3c ../app/libapp.a(test_adc.c.obj)
 .text.adc_test_snapshot
                0x0000000063008fd4       0x60 ../app/libapp.a(test_adc.c.obj)
                0x0000000063008fd4                adc_test_snapshot
 .text.adc_test_tdm_polling_definit
                0x0000000063009034       0xdc ../app/libapp.a(test_adc.c.obj)
                0x0000000063009034                adc_test_tdm_polling_definit
 .text.adc_test_tdm_polling_infinit
                0x0000000063009110       0xd8 ../app/libapp.a(test_adc.c.obj)
                0x0000000063009110                adc_test_tdm_polling_infinit
 .text.adc_test_tdm_intr
                0x00000000630091e8       0xd8 ../app/libapp.a(test_adc.c.obj)
                0x00000000630091e8                adc_test_tdm_intr
 .text.adc_test
                0x00000000630092c0       0x94 ../app/libapp.a(test_adc.c.obj)
 .text.adc_test_battery
                0x0000000063009354       0xb4 ../app/libapp.a(test_adc.c.obj)
 .text.test_adc
                0x0000000063009408       0x18 ../app/libapp.a(test_adc.c.obj)
                0x0000000063009408                test_adc
 .text.adc_test_msrr
                0x0000000063009420       0x48 ../app/libapp.a(test_adc.c.obj)
                0x0000000063009420                adc_test_msrr
 .text.adc_test_msrr_battery
                0x0000000063009468       0x94 ../app/libapp.a(test_adc.c.obj)
 .text.test_adc_msrr
                0x00000000630094fc       0x18 ../app/libapp.a(test_adc.c.obj)
                0x00000000630094fc                test_adc_msrr
 .text.tamper_detected
                0x0000000063009514       0x18 ../app/libapp.a(test_bbl.c.obj)
 .text.z_zassert.constprop.0
                0x000000006300952c       0x3c ../app/libapp.a(test_bbl.c.obj)
 .text.test_bbram_read
                0x0000000063009568      0x160 ../app/libapp.a(test_bbl.c.obj)
 .text.test_bbl_set_lfsr_params
                0x00000000630096c8       0x80 ../app/libapp.a(test_bbl.c.obj)
 .text.test_bbl_fmon_tamper_test
                0x0000000063009748      0x138 ../app/libapp.a(test_bbl.c.obj)
 .text.test_bbl_vmon_tamper_test
                0x0000000063009880      0x10c ../app/libapp.a(test_bbl.c.obj)
 .text.test_bbram_config
                0x000000006300998c       0xbc ../app/libapp.a(test_bbl.c.obj)
 .text.test_bbram_write
                0x0000000063009a48      0x254 ../app/libapp.a(test_bbl.c.obj)
 .text.test_bbram_set_access
                0x0000000063009c9c      0x1f8 ../app/libapp.a(test_bbl.c.obj)
 .text.test_bbl_api_set_lfsr_params
                0x0000000063009e94       0x6c ../app/libapp.a(test_bbl.c.obj)
 .text.test_bbl_api_td_configure
                0x0000000063009f00       0x9c ../app/libapp.a(test_bbl.c.obj)
 .text.test_bbram_api_read
                0x0000000063009f9c      0x104 ../app/libapp.a(test_bbl.c.obj)
 .text.test_bbram_api_write
                0x000000006300a0a0      0x10c ../app/libapp.a(test_bbl.c.obj)
 .text.test_bbram_api_config
                0x000000006300a1ac       0x6c ../app/libapp.a(test_bbl.c.obj)
 .text.test_bbl_int_mesh_tamper_test
                0x000000006300a218      0x1ac ../app/libapp.a(test_bbl.c.obj)
 .text.test_bbl_tmon_tamper_test
                0x000000006300a3c4      0x1b4 ../app/libapp.a(test_bbl.c.obj)
 .text.test_bbl_get_tamper_pin_state
                0x000000006300a578       0xb8 ../app/libapp.a(test_bbl.c.obj)
 .text.test_bbl_api_get_tamper_pin_state
                0x000000006300a630       0x9c ../app/libapp.a(test_bbl.c.obj)
 .text.test_bbram_clear
                0x000000006300a6cc       0xc4 ../app/libapp.a(test_bbl.c.obj)
 .text.test_bbl_ext_mesh_tamper_test
                0x000000006300a790      0x2dc ../app/libapp.a(test_bbl.c.obj)
 .text.test_bbl
                0x000000006300aa6c      0x108 ../app/libapp.a(test_bbl.c.obj)
                0x000000006300aa6c                test_bbl
 .text.z_zassert.constprop.0
                0x000000006300ab74       0x40 ../app/libapp.a(test_crypto.c.obj)
 .text.crypto_rng_selftest_s
                0x000000006300abb4       0x48 ../app/libapp.a(test_crypto.c.obj)
 .text.crypto_selftest_sha1_s
                0x000000006300abfc       0x40 ../app/libapp.a(test_crypto.c.obj)
 .text.crypto_selftest_sha256_s
                0x000000006300ac3c       0x40 ../app/libapp.a(test_crypto.c.obj)
 .text.crypto_selftest_hmac_sha256_s
                0x000000006300ac7c       0x40 ../app/libapp.a(test_crypto.c.obj)
 .text.crypto_selftest_sha3_224_s
                0x000000006300acbc       0x40 ../app/libapp.a(test_crypto.c.obj)
 .text.crypto_selftest_sha3_256_s
                0x000000006300acfc       0x40 ../app/libapp.a(test_crypto.c.obj)
 .text.crypto_selftest_sha3_384_s
                0x000000006300ad3c       0x40 ../app/libapp.a(test_crypto.c.obj)
 .text.crypto_selftest_sha3_512_s
                0x000000006300ad7c       0x40 ../app/libapp.a(test_crypto.c.obj)
 .text.crypto_selftest_des_s
                0x000000006300adbc       0x40 ../app/libapp.a(test_crypto.c.obj)
 .text.crypto_selftest_3des_s
                0x000000006300adfc       0x40 ../app/libapp.a(test_crypto.c.obj)
 .text.crypto_selftest_aes_cbc_s
                0x000000006300ae3c       0x40 ../app/libapp.a(test_crypto.c.obj)
 .text.crypto_selftest_aes_ctr_s
                0x000000006300ae7c       0x40 ../app/libapp.a(test_crypto.c.obj)
 .text.crypto_selftest_aes_128_ccm_s
                0x000000006300aebc       0x40 ../app/libapp.a(test_crypto.c.obj)
 .text.crypto_selftest_aes_cbc_sha256_hmac_s
                0x000000006300aefc       0x40 ../app/libapp.a(test_crypto.c.obj)
 .text.hex_dump_array
                0x000000006300af3c       0x20 ../app/libapp.a(test_crypto.c.obj)
                0x000000006300af3c                hex_dump_array
 .text.brcm_gcm_self_test_01
                0x000000006300af5c      0x174 ../app/libapp.a(test_crypto.c.obj)
                0x000000006300af5c                brcm_gcm_self_test_01
 .text.brcm_gcm_self_test_02
                0x000000006300b0d0      0x17c ../app/libapp.a(test_crypto.c.obj)
                0x000000006300b0d0                brcm_gcm_self_test_02
 .text.crypto_selftest_aes_gcm_s
                0x000000006300b24c       0x6c ../app/libapp.a(test_crypto.c.obj)
 .text.test_crypto
                0x000000006300b2b8       0x24 ../app/libapp.a(test_crypto.c.obj)
                0x000000006300b2b8                test_crypto
 .text.print_enc_text
                0x000000006300b2dc       0x64 ../app/libapp.a(pci_eval_test.c.obj)
 .text.print_plain_text
                0x000000006300b340       0x64 ../app/libapp.a(pci_eval_test.c.obj)
 .text.set_text
                0x000000006300b3a4       0xd8 ../app/libapp.a(pci_eval_test.c.obj)
 .text.z_zassert.constprop.0
                0x000000006300b47c       0x3c ../app/libapp.a(pci_eval_test.c.obj)
 .text.set_gpio
                0x000000006300b4b8       0x70 ../app/libapp.a(pci_eval_test.c.obj)
 .text.encrypt_aes
                0x000000006300b528       0xa0 ../app/libapp.a(pci_eval_test.c.obj)
 .text.decrypt_aes
                0x000000006300b5c8       0xa0 ../app/libapp.a(pci_eval_test.c.obj)
 .text.pci_eval_test
                0x000000006300b668      0x640 ../app/libapp.a(pci_eval_test.c.obj)
                0x000000006300b668                pci_eval_test
 .text.z_zassert.constprop.0
                0x000000006300bca8       0x40 ../app/libapp.a(test_pka.c.obj)
 .text.crypto_pka_selftest_modexp_s
                0x000000006300bce8       0x7c ../app/libapp.a(test_pka.c.obj)
 .text.crypto_pka_selftest_modinv_s
                0x000000006300bd64       0x3c ../app/libapp.a(test_pka.c.obj)
 .text.crypto_pka_selftest_rsa_keygen_s
                0x000000006300bda0       0x3c ../app/libapp.a(test_pka.c.obj)
 .text.crypto_pka_selftest_rsa_enc_s
                0x000000006300bddc       0x3c ../app/libapp.a(test_pka.c.obj)
 .text.crypto_pka_selftest_pkcs1_rsassa_v15_sig_s
                0x000000006300be18       0x3c ../app/libapp.a(test_pka.c.obj)
 .text.crypto_pka_selftest_pkcs1_rsassa_v15_verify_s
                0x000000006300be54       0x3c ../app/libapp.a(test_pka.c.obj)
 .text.crypto_pka_selftest_dsa_sign_s
                0x000000006300be90       0x3c ../app/libapp.a(test_pka.c.obj)
 .text.crypto_pka_selftest_dsa_verify_s
                0x000000006300becc       0x3c ../app/libapp.a(test_pka.c.obj)
 .text.crypto_pka_selftest_dsa2048_sign_verify_s
                0x000000006300bf08       0x3c ../app/libapp.a(test_pka.c.obj)
 .text.crypto_pka_selftest_dh_s
                0x000000006300bf44       0x3c ../app/libapp.a(test_pka.c.obj)
 .text.crypto_pka_selftest_ecdh_s
                0x000000006300bf80       0x3c ../app/libapp.a(test_pka.c.obj)
 .text.crypto_pka_fips_selftest_ecdh_s
                0x000000006300bfbc       0x3c ../app/libapp.a(test_pka.c.obj)
 .text.crypto_pka_selftest_ecdsa_sign_verify_s
                0x000000006300bff8       0x3c ../app/libapp.a(test_pka.c.obj)
 .text.crypto_pka_cust_selftest_ecdsa_p256_sign_verify_s
                0x000000006300c034       0x3c ../app/libapp.a(test_pka.c.obj)
 .text.crypto_pka_cust_selftest_ecp_diffie_hellman_shared_secret_s
                0x000000006300c070       0x3c ../app/libapp.a(test_pka.c.obj)
 .text.crypto_pka_cust_selftest_ecdsa_p256_key_generate_s
                0x000000006300c0ac       0x3c ../app/libapp.a(test_pka.c.obj)
 .text.crypto_pka_cust_selftest_ec_point_verify_s
                0x000000006300c0e8       0x3c ../app/libapp.a(test_pka.c.obj)
 .text.test_pka
                0x000000006300c124       0x18 ../app/libapp.a(test_pka.c.obj)
                0x000000006300c124                test_pka
 .text.get_ec_p384_params
                0x000000006300c13c      0x1ec ../app/libapp.a(test_openssl_pka.c.obj)
 .text.dump_array
                0x000000006300c328       0x74 ../app/libapp.a(test_openssl_pka.c.obj)
 .text.z_zassert.constprop.4
                0x000000006300c39c       0x3c ../app/libapp.a(test_openssl_pka.c.obj)
 .text.rsa_4k_key_gen
                0x000000006300c3d8      0x304 ../app/libapp.a(test_openssl_pka.c.obj)
 .text.init_crypto
                0x000000006300c6dc       0x64 ../app/libapp.a(test_openssl_pka.c.obj)
 .text.ecdsa_p384_openssl_sign_brcm_verify
                0x000000006300c740      0x1f8 ../app/libapp.a(test_openssl_pka.c.obj)
 .text.ecdsa_p521_brcm_sign_openssl_verify
                0x000000006300c938      0x73c ../app/libapp.a(test_openssl_pka.c.obj)
 .text.rsa_2k_openssl_sign_brcm_verify
                0x000000006300d074      0x310 ../app/libapp.a(test_openssl_pka.c.obj)
 .text.ecdh_p384_match_shared_secret
                0x000000006300d384      0x2fc ../app/libapp.a(test_openssl_pka.c.obj)
                0x000000006300d384                ecdh_p384_match_shared_secret
 .text.rsa_2k_brcm_sign_openssl_verify
                0x000000006300d680      0x318 ../app/libapp.a(test_openssl_pka.c.obj)
 .text.ecdsa_p256_brcm_sign_openssl_verify
                0x000000006300d998      0x600 ../app/libapp.a(test_openssl_pka.c.obj)
 .text.ecdsa_p384_brcm_sign_openssl_verify
                0x000000006300df98      0x468 ../app/libapp.a(test_openssl_pka.c.obj)
 .text.ecdsa_p256_openssl_sign_brcm_verify
                0x000000006300e400      0x328 ../app/libapp.a(test_openssl_pka.c.obj)
 .text.ecdsa_p521_openssl_sign_brcm_verify
                0x000000006300e728      0x490 ../app/libapp.a(test_openssl_pka.c.obj)
 .text.test_openssl_pka
                0x000000006300ebb8       0x98 ../app/libapp.a(test_openssl_pka.c.obj)
                0x000000006300ebb8                test_openssl_pka
 .text.SHA384   0x000000006300ec50       0x3c ../app/libapp.a(sha512.c.obj)
                0x000000006300ec50                SHA384
 .text.SHA512   0x000000006300ec8c       0x3c ../app/libapp.a(sha512.c.obj)
                0x000000006300ec8c                SHA512
 .text.test_task
                0x000000006300ecc8      0x3ec ../app/libapp.a(test_dma.c.obj)
 .text.test_done
                0x000000006300f0b4       0x40 ../app/libapp.a(test_dma.c.obj)
 .text.z_zassert.constprop.1
                0x000000006300f0f4       0x40 ../app/libapp.a(test_dma.c.obj)
 .text.dma_test_battery
                0x000000006300f134      0x220 ../app/libapp.a(test_dma.c.obj)
 .text.test_dma
                0x000000006300f354       0x18 ../app/libapp.a(test_dma.c.obj)
                0x000000006300f354                test_dma
 .text.z_zassert.constprop.0
                0x000000006300f36c       0x3c ../app/libapp.a(test_dmu.c.obj)
 .text.dmu_test
                0x000000006300f3a8      0x220 ../app/libapp.a(test_dmu.c.obj)
                0x000000006300f3a8                dmu_test
 .text.test_dmu
                0x000000006300f5c8       0x18 ../app/libapp.a(test_dmu.c.obj)
                0x000000006300f5c8                test_dmu
 .text.z_zassert.constprop.3
                0x000000006300f5e0       0x3c ../app/libapp.a(test_ft.c.obj)
 .text.ft_test  0x000000006300f61c      0x2b8 ../app/libapp.a(test_ft.c.obj)
                0x000000006300f61c                ft_test
 .text.test_ft_msrr
                0x000000006300f8d4       0x44 ../app/libapp.a(test_ft.c.obj)
                0x000000006300f8d4                test_ft_msrr
 .text.gpio_handler
                0x000000006300f918        0xc ../app/libapp.a(test_gpio.c.obj)
 .text.z_zassert.constprop.0
                0x000000006300f924       0x48 ../app/libapp.a(test_gpio.c.obj)
 .text.test_task
                0x000000006300f96c      0x138 ../app/libapp.a(test_gpio.c.obj)
 .text.test_all_gpio
                0x000000006300faa4       0xb0 ../app/libapp.a(test_gpio.c.obj)
 .text.test_gpio
                0x000000006300fb54       0x18 ../app/libapp.a(test_gpio.c.obj)
                0x000000006300fb54                test_gpio
 .text.z_zassert.constprop.0
                0x000000006300fb6c       0x3c ../app/libapp.a(test_i2c.c.obj)
 .text.test_i2c_slave
                0x000000006300fba8       0x2c ../app/libapp.a(test_i2c.c.obj)
 .text.test_i2c_bus_walking
                0x000000006300fbd4      0x190 ../app/libapp.a(test_i2c.c.obj)
 .text.test_i2c
                0x000000006300fd64       0x18 ../app/libapp.a(test_i2c.c.obj)
                0x000000006300fd64                test_i2c
 .text.wakeup_from_sleep_isr
                0x000000006300fd7c        0xc ../app/libapp.a(test_pm.c.obj)
 .text.wakeup_from_drips_isr
                0x000000006300fd88        0xc ../app/libapp.a(test_pm.c.obj)
 .text.z_zassert.constprop.0
                0x000000006300fd94       0x3c ../app/libapp.a(test_pm.c.obj)
 .text.configure_ext_mesh_tamper
                0x000000006300fdd0       0xbc ../app/libapp.a(test_pm.c.obj)
 .text.test_pm_lprun
                0x000000006300fe8c       0x74 ../app/libapp.a(test_pm.c.obj)
                0x000000006300fe8c                test_pm_lprun
 .text.test_pm_wfi
                0x000000006300ff00       0x98 ../app/libapp.a(test_pm.c.obj)
                0x000000006300ff00                test_pm_wfi
 .text.test_pm_drips
                0x000000006300ff98      0x1c8 ../app/libapp.a(test_pm.c.obj)
                0x000000006300ff98                test_pm_drips
 .text.test_pm_deepsleep
                0x0000000063010160       0xa0 ../app/libapp.a(test_pm.c.obj)
                0x0000000063010160                test_pm_deepsleep
 .text.pwm_pin_set_usec.constprop.0
                0x0000000063010200       0x8c ../app/libapp.a(test_pwm.c.obj)
 .text.z_zassert.constprop.1
                0x000000006301028c       0x3c ../app/libapp.a(test_pwm.c.obj)
 .text.test_pwm_train
                0x00000000630102c8      0x128 ../app/libapp.a(test_pwm.c.obj)
 .text.test_one_pulse_pwm
                0x00000000630103f0       0x8c ../app/libapp.a(test_pwm.c.obj)
 .text.test_pwm
                0x000000006301047c       0x18 ../app/libapp.a(test_pwm.c.obj)
                0x000000006301047c                test_pwm
 .text.z_zassert.constprop.3
                0x0000000063010494       0x3c ../app/libapp.a(test_bcm58202_qspi.c.obj)
 .text.measure_qspi_read_time
                0x00000000630104d0       0xd0 ../app/libapp.a(test_bcm58202_qspi.c.obj)
 .text.test_profile_qspi_read_lane
                0x00000000630105a0      0x108 ../app/libapp.a(test_bcm58202_qspi.c.obj)
 .text.test_profile_qspi_read
                0x00000000630106a8       0x38 ../app/libapp.a(test_bcm58202_qspi.c.obj)
 .text.measure_qspi_write_time
                0x00000000630106e0       0xc8 ../app/libapp.a(test_bcm58202_qspi.c.obj)
 .text.test_profile_qspi_write_lane
                0x00000000630107a8      0x108 ../app/libapp.a(test_bcm58202_qspi.c.obj)
 .text.test_profile_qspi_write
                0x00000000630108b0       0x38 ../app/libapp.a(test_bcm58202_qspi.c.obj)
 .text.test_stress_qspi_read
                0x00000000630108e8      0x154 ../app/libapp.a(test_bcm58202_qspi.c.obj)
 .text.test_stress_qspi_write
                0x0000000063010a3c      0x254 ../app/libapp.a(test_bcm58202_qspi.c.obj)
 .text.test_profile_qspi_sector_erase
                0x0000000063010c90       0xa0 ../app/libapp.a(test_bcm58202_qspi.c.obj)
 .text.test_qspi_config
                0x0000000063010d30      0x218 ../app/libapp.a(test_bcm58202_qspi.c.obj)
 .text.test_stress_qspi_erase
                0x0000000063010f48      0x120 ../app/libapp.a(test_bcm58202_qspi.c.obj)
 .text.test_qspi_getinfo
                0x0000000063011068       0xa8 ../app/libapp.a(test_bcm58202_qspi.c.obj)
 .text.test_qspi_read
                0x0000000063011110      0x1d0 ../app/libapp.a(test_bcm58202_qspi.c.obj)
 .text.test_qspi_quad_lane_read
                0x00000000630112e0       0x28 ../app/libapp.a(test_bcm58202_qspi.c.obj)
 .text.test_qspi_dual_lane_read
                0x0000000063011308       0x28 ../app/libapp.a(test_bcm58202_qspi.c.obj)
 .text.test_qspi_single_lane_read
                0x0000000063011330       0x28 ../app/libapp.a(test_bcm58202_qspi.c.obj)
 .text.test_qspi_sector_erase
                0x0000000063011358      0x1c4 ../app/libapp.a(test_bcm58202_qspi.c.obj)
 .text.test_qspi_write
                0x000000006301151c      0x1e0 ../app/libapp.a(test_bcm58202_qspi.c.obj)
 .text.test_qspi_quad_lane_write
                0x00000000630116fc       0x28 ../app/libapp.a(test_bcm58202_qspi.c.obj)
 .text.test_qspi_dual_lane_write
                0x0000000063011724       0x28 ../app/libapp.a(test_bcm58202_qspi.c.obj)
 .text.test_qspi_single_lane_write
                0x000000006301174c       0x28 ../app/libapp.a(test_bcm58202_qspi.c.obj)
 .text.test_qspi_chip_erase
                0x0000000063011774      0x128 ../app/libapp.a(test_bcm58202_qspi.c.obj)
 .text.test_qspi_api_configure
                0x000000006301189c       0x44 ../app/libapp.a(test_bcm58202_qspi.c.obj)
 .text.test_qspi_api_getinfo
                0x00000000630118e0       0x44 ../app/libapp.a(test_bcm58202_qspi.c.obj)
 .text.test_qspi_api_read
                0x0000000063011924      0x118 ../app/libapp.a(test_bcm58202_qspi.c.obj)
 .text.test_qspi_api_write
                0x0000000063011a3c      0x118 ../app/libapp.a(test_bcm58202_qspi.c.obj)
 .text.test_qspi_api_erase
                0x0000000063011b54      0x118 ../app/libapp.a(test_bcm58202_qspi.c.obj)
 .text.test_profile_qspi_chip_erase
                0x0000000063011c6c       0x98 ../app/libapp.a(test_bcm58202_qspi.c.obj)
 .text.test_qspi_flash_main
                0x0000000063011d04      0x1a8 ../app/libapp.a(test_bcm58202_qspi.c.obj)
                0x0000000063011d04                test_qspi_flash_main
 .text.rtc_callback
                0x0000000063011eac       0x10 ../app/libapp.a(test_rtc.c.obj)
 .text.z_zassert.constprop.0
                0x0000000063011ebc       0x3c ../app/libapp.a(test_rtc.c.obj)
 .text.test_rtc_read
                0x0000000063011ef8       0xb4 ../app/libapp.a(test_rtc.c.obj)
 .text.test_rtc_api_set_config
                0x0000000063011fac       0x6c ../app/libapp.a(test_rtc.c.obj)
 .text.test_rtc_set_config
                0x0000000063012018      0x174 ../app/libapp.a(test_rtc.c.obj)
 .text.test_rtc_enable_disable
                0x000000006301218c      0x108 ../app/libapp.a(test_rtc.c.obj)
 .text.test_rtc_set_alarm
                0x0000000063012294      0x15c ../app/libapp.a(test_rtc.c.obj)
 .text.test_rtc
                0x00000000630123f0       0x28 ../app/libapp.a(test_rtc.c.obj)
                0x00000000630123f0                test_rtc
 .text.sc_cli_open_channel_menu
                0x0000000063012418       0xa4 ../app/libapp.a(test_sc_main.c.obj)
                0x0000000063012418                sc_cli_open_channel_menu
 .text.sc_test_menu
                0x00000000630124bc      0x20c ../app/libapp.a(test_sc_main.c.obj)
                0x00000000630124bc                sc_test_menu
 .text.sc_cli_top_menu
                0x00000000630126c8       0x14 ../app/libapp.a(test_sc_main.c.obj)
                0x00000000630126c8                sc_cli_top_menu
 .text.sc_cli_hex_dump
                0x00000000630126dc       0x4c ../app/libapp.a(test_sc_infra.c.obj)
                0x00000000630126dc                sc_cli_hex_dump
 .text.prompt   0x0000000063012728       0x60 ../app/libapp.a(test_sc_infra.c.obj)
                0x0000000063012728                prompt
 .text.sc_cli_atr_t0_test
                0x0000000063012788       0x6c ../app/libapp.a(test_sc_infra.c.obj)
                0x0000000063012788                sc_cli_atr_t0_test
 .text.sc_cli_acos2_t0_test
                0x00000000630127f4      0x124 ../app/libapp.a(test_sc_infra.c.obj)
                0x00000000630127f4                sc_cli_acos2_t0_test
 .text.sc_cli_transit_state
                0x0000000063012918       0xd0 ../app/libapp.a(test_sc_states.c.obj)
                0x0000000063012918                sc_cli_transit_state
 .text.sc_cli_activating_state
                0x00000000630129e8       0xa8 ../app/libapp.a(test_sc_states.c.obj)
                0x00000000630129e8                sc_cli_activating_state
 .text.sc_cli_receive_decode_atr_state
                0x0000000063012a90       0x88 ../app/libapp.a(test_sc_states.c.obj)
                0x0000000063012a90                sc_cli_receive_decode_atr_state
 .text.sc_cli_transmitting_state
                0x0000000063012b18       0x68 ../app/libapp.a(test_sc_states.c.obj)
                0x0000000063012b18                sc_cli_transmitting_state
 .text.sc_cli_emv_t0_case_1or2_cmd
                0x0000000063012b80      0x13c ../app/libapp.a(test_emv2000_t0.c.obj)
                0x0000000063012b80                sc_cli_emv_t0_case_1or2_cmd
 .text.sc_cli_emv_t0_case_3or4_cmd
                0x0000000063012cbc      0x184 ../app/libapp.a(test_emv2000_t0.c.obj)
                0x0000000063012cbc                sc_cli_emv_t0_case_3or4_cmd
 .text.sc_cli_emv_t1_get_next_cmd
                0x0000000063012e40      0x280 ../app/libapp.a(test_emv2000_t1.c.obj)
                0x0000000063012e40                sc_cli_emv_t1_get_next_cmd
 .text.sc_cli_emv_t0_test_routine
                0x00000000630130c0      0x100 ../app/libapp.a(test_emv2000_tests.c.obj)
                0x00000000630130c0                sc_cli_emv_t0_test_routine
 .text.sc_cli_emv_t1_test_routine
                0x00000000630131c0      0x3ec ../app/libapp.a(test_emv2000_tests.c.obj)
                0x00000000630131c0                sc_cli_emv_t1_test_routine
 .text.sc_cli_emv_automated_transport_test
                0x00000000630135ac       0x90 ../app/libapp.a(test_emv2000_tests.c.obj)
                0x00000000630135ac                sc_cli_emv_automated_transport_test
 .text.sc_cli_emv_test_menu
                0x000000006301363c       0x78 ../app/libapp.a(test_emv2000_tests.c.obj)
                0x000000006301363c                sc_cli_emv_test_menu
 .text.apdu_debug_char
                0x00000000630136b4       0x48 ../app/libapp.a(test_sc_card.c.obj)
 .text.apdu_debug_hex
                0x00000000630136fc       0x48 ../app/libapp.a(test_sc_card.c.obj)
 .text.apdu_get_format
                0x0000000063013744      0x100 ../app/libapp.a(test_sc_card.c.obj)
 .text.apdu_get_response.isra.0
                0x0000000063013844       0x78 ../app/libapp.a(test_sc_card.c.obj)
 .text.apdu_decode_file.isra.2
                0x00000000630138bc      0x170 ../app/libapp.a(test_sc_card.c.obj)
 .text.apdu_get_balance
                0x0000000063013a2c      0x140 ../app/libapp.a(test_sc_card.c.obj)
 .text.apdu_decode_record.isra.3
                0x0000000063013b6c      0x15c ../app/libapp.a(test_sc_card.c.obj)
 .text.apdu_read_record
                0x0000000063013cc8      0x3a0 ../app/libapp.a(test_sc_card.c.obj)
 .text.sc_cli_debit_card_test
                0x0000000063014068      0x224 ../app/libapp.a(test_sc_card.c.obj)
                0x0000000063014068                sc_cli_debit_card_test
 .text.z_zassert.constprop.1
                0x000000006301428c       0x3c ../app/libapp.a(test_sdio.c.obj)
 .text.sdio_init_fs_test
                0x00000000630142c8      0x120 ../app/libapp.a(test_sdio.c.obj)
                0x00000000630142c8                sdio_init_fs_test
 .text.configure_sdio_sel
                0x00000000630143e8       0xfc ../app/libapp.a(test_sdio.c.obj)
                0x00000000630143e8                configure_sdio_sel
 .text.test_sdio
                0x00000000630144e4       0x1c ../app/libapp.a(test_sdio.c.obj)
                0x00000000630144e4                test_sdio
 .text.card_detect_cb
                0x0000000063014500       0x1c ../app/libapp.a(sd_mem_card_test.c.obj)
 .text.sd_mem_card_test_init
                0x000000006301451c      0x93c ../app/libapp.a(sd_mem_card_test.c.obj)
                0x000000006301451c                sd_mem_card_test_init
 .text.sd_mem_card_read_blocks
                0x0000000063014e58       0xdc ../app/libapp.a(sd_mem_card_test.c.obj)
                0x0000000063014e58                sd_mem_card_read_blocks
 .text.test_sotp_read
                0x0000000063014f34       0x4c ../app/libapp.a(test_sotp.c.obj)
 .text.z_zassert.constprop.0
                0x0000000063014f80       0x3c ../app/libapp.a(test_sotp.c.obj)
 .text.test_sotp_set_key
                0x0000000063014fbc       0xa8 ../app/libapp.a(test_sotp.c.obj)
 .text.test_sotp_read_config
                0x0000000063015064       0xe8 ../app/libapp.a(test_sotp.c.obj)
 .text.test_sotp_read_keys
                0x000000006301514c      0x154 ../app/libapp.a(test_sotp.c.obj)
 .text.test_sotp_main
                0x00000000630152a0       0x38 ../app/libapp.a(test_sotp.c.obj)
                0x00000000630152a0                test_sotp_main
 .text.z_zassert.constprop.0
                0x00000000630152d8       0x3c ../app/libapp.a(test_bcm58202_spi_legacy.c.obj)
 .text.test_spi_legacyfunc_transceive
                0x0000000063015314      0x190 ../app/libapp.a(test_bcm58202_spi_legacy.c.obj)
                0x0000000063015314                test_spi_legacyfunc_transceive
 .text.test_spi_legacyfunc_read
                0x00000000630154a4      0x184 ../app/libapp.a(test_bcm58202_spi_legacy.c.obj)
                0x00000000630154a4                test_spi_legacyfunc_read
 .text.test_spi_legacyfunc_write
                0x0000000063015628      0x100 ../app/libapp.a(test_bcm58202_spi_legacy.c.obj)
                0x0000000063015628                test_spi_legacyfunc_write
 .text.test_spi_legacyfunc_slave_select
                0x0000000063015728       0xac ../app/libapp.a(test_bcm58202_spi_legacy.c.obj)
                0x0000000063015728                test_spi_legacyfunc_slave_select
 .text.test_spi_legacyfunc_configure
                0x00000000630157d4       0x78 ../app/libapp.a(test_bcm58202_spi_legacy.c.obj)
                0x00000000630157d4                test_spi_legacyfunc_configure
 .text.test_spi_legacyapi_transceive
                0x000000006301584c      0x180 ../app/libapp.a(test_bcm58202_spi_legacy.c.obj)
                0x000000006301584c                test_spi_legacyapi_transceive
 .text.test_spi_legacyapi_write
                0x00000000630159cc       0xbc ../app/libapp.a(test_bcm58202_spi_legacy.c.obj)
                0x00000000630159cc                test_spi_legacyapi_write
 .text.test_spi_legacyapi_read
                0x0000000063015a88       0xbc ../app/libapp.a(test_bcm58202_spi_legacy.c.obj)
                0x0000000063015a88                test_spi_legacyapi_read
 .text.test_spi_legacyapi_slave_select
                0x0000000063015b44       0x64 ../app/libapp.a(test_bcm58202_spi_legacy.c.obj)
                0x0000000063015b44                test_spi_legacyapi_slave_select
 .text.test_spi_legacyapi_configure
                0x0000000063015ba8       0x6c ../app/libapp.a(test_bcm58202_spi_legacy.c.obj)
                0x0000000063015ba8                test_spi_legacyapi_configure
 .text.test_spi_legacy
                0x0000000063015c14       0xb0 ../app/libapp.a(test_bcm58202_spi_legacy.c.obj)
                0x0000000063015c14                test_spi_legacy
 .text.timer_cb
                0x0000000063015cc4        0xc ../app/libapp.a(test_timer.c.obj)
 .text.z_zassert.constprop.0
                0x0000000063015cd0       0x3c ../app/libapp.a(test_timer.c.obj)
 .text.timer_suspend_resume_test
                0x0000000063015d0c      0x134 ../app/libapp.a(test_timer.c.obj)
 .text.timer_irq_test
                0x0000000063015e40       0xc8 ../app/libapp.a(test_timer.c.obj)
 .text.timer_poll_test
                0x0000000063015f08       0xdc ../app/libapp.a(test_timer.c.obj)
 .text.timer_test_battery
                0x0000000063015fe4      0x204 ../app/libapp.a(test_timer.c.obj)
 .text.test_timer
                0x00000000630161e8       0x18 ../app/libapp.a(test_timer.c.obj)
                0x00000000630161e8                test_timer
 .text.z_zassert.constprop.9
                0x0000000063016200       0x3c ../app/libapp.a(test_unicam.c.obj)
 .text.lcd_spi_write
                0x000000006301623c       0x54 ../app/libapp.a(test_unicam.c.obj)
 .text.write_command
                0x0000000063016290       0x28 ../app/libapp.a(test_unicam.c.obj)
 .text.display_image_segment
                0x00000000630162b8      0x12c ../app/libapp.a(test_unicam.c.obj)
                0x00000000630162b8                display_image_segment
 .text.test_unicam_driver
                0x00000000630163e4      0x860 ../app/libapp.a(test_unicam.c.obj)
                0x00000000630163e4                test_unicam_driver
 .text.test_unicam
                0x0000000063016c44       0x58 ../app/libapp.a(test_unicam.c.obj)
                0x0000000063016c44                test_unicam
 .text.z_zassert.constprop.4
                0x0000000063016c9c       0x40 ../app/libapp.a(test_lcd.c.obj)
 .text.test_lcd_driver
                0x0000000063016cdc      0x1ec ../app/libapp.a(test_lcd.c.obj)
                0x0000000063016cdc                test_lcd_driver
 .text.test_lcd
                0x0000000063016ec8       0x80 ../app/libapp.a(test_lcd.c.obj)
                0x0000000063016ec8                test_lcd
 .text.test_isr
                0x0000000063016f48       0x18 ../app/libapp.a(test_wdt.c.obj)
                0x0000000063016f48                test_isr
 .text.z_zassert.constprop.2
                0x0000000063016f60       0x3c ../app/libapp.a(test_wdt.c.obj)
 .text.test_wdt_main
                0x0000000063016f9c      0x340 ../app/libapp.a(test_wdt.c.obj)
 .text.test_wdt
                0x00000000630172dc       0x18 ../app/libapp.a(test_wdt.c.obj)
                0x00000000630172dc                test_wdt
 .text.interrupt_handler
                0x00000000630172f4       0x3c ../app/libapp.a(test_usbd_cdc_acm.c.obj)
 .text.write_data
                0x0000000063017330       0x5c ../app/libapp.a(test_usbd_cdc_acm.c.obj)
 .text.z_zassert.constprop.2
                0x000000006301738c       0x48 ../app/libapp.a(test_usbd_cdc_acm.c.obj)
 .text.test_usbd_cdc_acm
                0x00000000630173d4      0x21c ../app/libapp.a(test_usbd_cdc_acm.c.obj)
                0x00000000630173d4                test_usbd_cdc_acm
 .text.z_zassert.constprop.0
                0x00000000630175f0       0x40 ../app/libapp.a(test_usbh_zephyr.c.obj)
 .text.usb_host_test
                0x0000000063017630       0x68 ../app/libapp.a(test_usbh_zephyr.c.obj)
                0x0000000063017630                usb_host_test
 .text.test_usbh
                0x0000000063017698       0x80 ../app/libapp.a(test_usbh_zephyr.c.obj)
                0x0000000063017698                test_usbh
 .text.z_zassert.constprop.1
                0x0000000063017718       0x3c ../app/libapp.a(cpu.c.obj)
 .text.all_cpu_tests
                0x0000000063017754      0x164 ../app/libapp.a(cpu.c.obj)
 .text.dcache_test
                0x00000000630178b8       0xc8 ../app/libapp.a(cpu.c.obj)
 .text.test_cpu
                0x0000000063017980       0x18 ../app/libapp.a(cpu.c.obj)
                0x0000000063017980                test_cpu
 .text.test_spi_func_fp_sensor_enumerate
                0x0000000063017998       0x24 ../app/libapp.a(test_fp_spi.c.obj)
                0x0000000063017998                test_spi_func_fp_sensor_enumerate
 .text.test_fp_spi
                0x00000000630179bc       0x18 ../app/libapp.a(test_fp_spi.c.obj)
                0x00000000630179bc                test_fp_spi
 .text.z_sys_mem_pool_block_free
                0x00000000630179d4      0x1b8 libzephyr.a(mempool.c.obj)
                0x00000000630179d4                z_sys_mem_pool_block_free
 .text.char_out
                0x0000000063017b8c       0x10 libzephyr.a(printk.c.obj)
 .text._printk_dec_ulong
                0x0000000063017b9c       0xa0 libzephyr.a(printk.c.obj)
 .text.__printk_hook_install
                0x0000000063017c3c        0xc libzephyr.a(printk.c.obj)
                0x0000000063017c3c                __printk_hook_install
 .text.vprintk  0x0000000063017c48       0x20 libzephyr.a(printk.c.obj)
                0x0000000063017c48                vprintk
 .text.ring_buf_put
                0x0000000063017c68       0x64 libzephyr.a(ring_buffer.c.obj)
                0x0000000063017c68                ring_buf_put
 .text.ring_buf_get
                0x0000000063017ccc       0x64 libzephyr.a(ring_buffer.c.obj)
                0x0000000063017ccc                ring_buf_get
 .text.bcm5820x_init
                0x0000000063017d30       0x20 libzephyr.a(soc.c.obj)
 .text.log_backend_is_active
                0x0000000063017d50       0x30 libzephyr.a(log_core.c.obj)
 .text.log_backend_id_get
                0x0000000063017d80       0x2c libzephyr.a(log_core.c.obj)
 .text.log_generic
                0x0000000063017dac       0x5c libzephyr.a(log_core.c.obj)
                0x0000000063017dac                log_generic
 .text.log_core_init
                0x0000000063017e08       0x54 libzephyr.a(log_core.c.obj)
                0x0000000063017e08                log_core_init
 .text.log_source_name_get
                0x0000000063017e5c       0x1c libzephyr.a(log_core.c.obj)
                0x0000000063017e5c                log_source_name_get
 .text.log_filter_get
                0x0000000063017e78       0x6c libzephyr.a(log_core.c.obj)
                0x0000000063017e78                log_filter_get
 .text.log_filter_set
                0x0000000063017ee4       0xf4 libzephyr.a(log_core.c.obj)
                0x0000000063017ee4                log_filter_set
 .text.log_backend_enable
                0x0000000063017fd8       0x7c libzephyr.a(log_core.c.obj)
                0x0000000063017fd8                log_backend_enable
 .text.log_init
                0x0000000063018054       0x7c libzephyr.a(log_core.c.obj)
                0x0000000063018054                log_init
 .text.log_panic
                0x00000000630180d0       0x4c libzephyr.a(log_core.c.obj)
                0x00000000630180d0                log_panic
 .text.log_backend_disable
                0x000000006301811c       0x54 libzephyr.a(log_core.c.obj)
                0x000000006301811c                log_backend_disable
 .text.log_is_strdup
                0x0000000063018170       0x1c libzephyr.a(log_core.c.obj)
                0x0000000063018170                log_is_strdup
 .text.log_free
                0x000000006301818c       0x34 libzephyr.a(log_core.c.obj)
                0x000000006301818c                log_free
 .text.msg_free
                0x00000000630181c0       0x64 libzephyr.a(log_msg.c.obj)
 .text.print_formatted
                0x0000000063018224       0x24 libzephyr.a(log_output.c.obj)
 .text.prefix_print
                0x0000000063018248      0x11c libzephyr.a(log_output.c.obj)
 .text.hexdump_line_print
                0x0000000063018364       0xb8 libzephyr.a(log_output.c.obj)
 .text.postfix_print
                0x000000006301841c       0x3c libzephyr.a(log_output.c.obj)
 .text.out_func
                0x0000000063018458       0x50 libzephyr.a(log_output.c.obj)
 .text.log_output_string
                0x00000000630184a8       0x74 libzephyr.a(log_output.c.obj)
                0x00000000630184a8                log_output_string
 .text.log_output_hexdump
                0x000000006301851c       0x74 libzephyr.a(log_output.c.obj)
                0x000000006301851c                log_output_hexdump
 .text.log_output_timestamp_freq_set
                0x0000000063018590       0x30 libzephyr.a(log_output.c.obj)
                0x0000000063018590                log_output_timestamp_freq_set
 .text.severity_lvl_get
                0x00000000630185c0       0x24 libzephyr.a(log_cmds.c.obj)
 .text.backend_name_get
                0x00000000630185e4       0x30 libzephyr.a(log_cmds.c.obj)
 .text.cmd_log_backends_list
                0x0000000063018614       0x64 libzephyr.a(log_cmds.c.obj)
 .text.module_name_get
                0x0000000063018678       0x20 libzephyr.a(log_cmds.c.obj)
 .text.log_status
                0x0000000063018698       0xd4 libzephyr.a(log_cmds.c.obj)
 .text.log_backend_deactivate
                0x000000006301876c       0x30 libzephyr.a(log_cmds.c.obj)
 .text.log_backend_activate
                0x000000006301879c       0x34 libzephyr.a(log_cmds.c.obj)
 .text.filters_set
                0x00000000630187d0       0xd8 libzephyr.a(log_cmds.c.obj)
 .text.shell_backend_cmd_execute
                0x00000000630188a8       0x7c libzephyr.a(log_cmds.c.obj)
 .text.cmd_log_backend_status
                0x0000000063018924       0x10 libzephyr.a(log_cmds.c.obj)
 .text.cmd_log_backend_halt
                0x0000000063018934        0xc libzephyr.a(log_cmds.c.obj)
 .text.cmd_log_backend_go
                0x0000000063018940        0xc libzephyr.a(log_cmds.c.obj)
 .text.cmd_log_backend_enable
                0x000000006301894c        0xc libzephyr.a(log_cmds.c.obj)
 .text.cmd_log_backend_disable
                0x0000000063018958        0xc libzephyr.a(log_cmds.c.obj)
 .text.shell_state_precheck
                0x0000000063018964       0x20 libzephyr.a(log_cmds.c.obj)
 .text.log_enable
                0x0000000063018984       0x64 libzephyr.a(log_cmds.c.obj)
 .text.cmd_kernel_version
                0x00000000630189e8       0x2c libzephyr.a(kernel_service.c.obj)
 .text.cmd_kernel_uptime
                0x0000000063018a14       0x1c libzephyr.a(kernel_service.c.obj)
 .text.cmd_kernel_cycles
                0x0000000063018a30       0x1c libzephyr.a(kernel_service.c.obj)
 .text.kill_handler
                0x0000000063018a4c       0x80 libzephyr.a(shell.c.obj)
 .text.history_handle
                0x0000000063018acc       0xa4 libzephyr.a(shell.c.obj)
 .text.execute  0x0000000063018b70      0x260 libzephyr.a(shell.c.obj)
 .text.shell_process
                0x0000000063018dd0      0x79c libzephyr.a(shell.c.obj)
                0x0000000063018dd0                shell_process
 .text.shell_init
                0x000000006301956c      0x13c libzephyr.a(shell.c.obj)
                0x000000006301956c                shell_init
 .text.shell_start
                0x00000000630196a8       0x80 libzephyr.a(shell.c.obj)
                0x00000000630196a8                shell_start
 .text.shell_thread
                0x0000000063019728       0xd8 libzephyr.a(shell.c.obj)
                0x0000000063019728                shell_thread
 .text.shell_fprintf
                0x0000000063019800      0x148 libzephyr.a(shell.c.obj)
                0x0000000063019800                shell_fprintf
 .text.shell_fprintf_fmt
                0x0000000063019948       0x28 libzephyr.a(shell_fprintf.c.obj)
                0x0000000063019948                shell_fprintf_fmt
 .text.shell_cmd_get
                0x0000000063019970       0xa4 libzephyr.a(shell_utils.c.obj)
                0x0000000063019970                shell_cmd_get
 .text.clear_eos.isra.6
                0x0000000063019a14       0x10 libzephyr.a(shell_ops.c.obj)
 .text.shell_op_cursor_vert_move
                0x0000000063019a24       0x24 libzephyr.a(shell_ops.c.obj)
                0x0000000063019a24                shell_op_cursor_vert_move
 .text.shell_op_cursor_horiz_move
                0x0000000063019a48       0x24 libzephyr.a(shell_ops.c.obj)
                0x0000000063019a48                shell_op_cursor_horiz_move
 .text.shell_op_cond_next_line
                0x0000000063019a6c       0x28 libzephyr.a(shell_ops.c.obj)
                0x0000000063019a6c                shell_op_cond_next_line
 .text.shell_op_cursor_position_synchronize
                0x0000000063019a94       0x54 libzephyr.a(shell_ops.c.obj)
                0x0000000063019a94                shell_op_cursor_position_synchronize
 .text.shell_print_cmd
                0x0000000063019ae8       0x10 libzephyr.a(shell_ops.c.obj)
                0x0000000063019ae8                shell_print_cmd
 .text.shell_write
                0x0000000063019af8       0xe0 libzephyr.a(shell_ops.c.obj)
                0x0000000063019af8                shell_write
 .text.shell_vt100_color_set
                0x0000000063019bd8       0x60 libzephyr.a(shell_ops.c.obj)
                0x0000000063019bd8                shell_vt100_color_set
 .text.shell_vt100_colors_restore
                0x0000000063019c38       0x58 libzephyr.a(shell_ops.c.obj)
                0x0000000063019c38                shell_vt100_colors_restore
 .text.shell_internal_fprintf
                0x0000000063019c90       0xd4 libzephyr.a(shell_ops.c.obj)
                0x0000000063019c90                shell_internal_fprintf
 .text.shell_op_word_remove
                0x0000000063019d64       0xac libzephyr.a(shell_ops.c.obj)
                0x0000000063019d64                shell_op_word_remove
 .text.reprint_from_cursor
                0x0000000063019e10       0x54 libzephyr.a(shell_ops.c.obj)
 .text.shell_op_char_insert
                0x0000000063019e64       0x64 libzephyr.a(shell_ops.c.obj)
                0x0000000063019e64                shell_op_char_insert
 .text.shell_print_prompt_and_cmd
                0x0000000063019ec8       0x30 libzephyr.a(shell_ops.c.obj)
                0x0000000063019ec8                shell_print_prompt_and_cmd
 .text.enable_shell_uart
                0x0000000063019ef8       0x28 libzephyr.a(shell_uart.c.obj)
 .text.init     0x0000000063019f20       0x30 libzephyr.a(shell_uart.c.obj)
 .text.uart_callback
                0x0000000063019f50      0x170 libzephyr.a(shell_uart.c.obj)
 .text.formatted_text_print.constprop.2
                0x000000006301a0c0       0xf8 libzephyr.a(shell_help.c.obj)
 .text.shell_help_subcmd_print
                0x000000006301a1b8       0xd8 libzephyr.a(shell_help.c.obj)
                0x000000006301a1b8                shell_help_subcmd_print
 .text.shell_help_cmd_print
                0x000000006301a290       0x4c libzephyr.a(shell_help.c.obj)
                0x000000006301a290                shell_help_cmd_print
 .text.cmd_clear
                0x000000006301a2dc       0x2c libzephyr.a(shell_cmds.c.obj)
 .text.cmd_resize_default
                0x000000006301a308       0x24 libzephyr.a(shell_cmds.c.obj)
 .text.cmd_shell_stats_show
                0x000000006301a32c       0x18 libzephyr.a(shell_cmds.c.obj)
 .text.cmd_help
                0x000000006301a344       0x24 libzephyr.a(shell_cmds.c.obj)
 .text.cmd_history
                0x000000006301a368       0x48 libzephyr.a(shell_cmds.c.obj)
 .text.cmd_echo
                0x000000006301a3b0       0x54 libzephyr.a(shell_cmds.c.obj)
 .text.cmd_resize
                0x000000006301a404      0x184 libzephyr.a(shell_cmds.c.obj)
 .text.shell_wildcard_process
                0x000000006301a588      0x104 libzephyr.a(shell_wildcard.c.obj)
                0x000000006301a588                shell_wildcard_process
 .text.usb_handle_vendor_request
                0x000000006301a68c       0x14 libzephyr.a(usb_device.c.obj)
 .text.forward_status_cb
                0x000000006301a6a0       0x40 libzephyr.a(usb_device.c.obj)
 .text.usb_data_to_host
                0x000000006301a6e0       0x2c libzephyr.a(usb_device.c.obj)
 .text.usb_handle_request.constprop.6
                0x000000006301a70c       0x2c libzephyr.a(usb_device.c.obj)
 .text.usb_handle_control_transfer
                0x000000006301a738       0xf0 libzephyr.a(usb_device.c.obj)
 .text.k_work_submit_to_queue.constprop.8
                0x000000006301a828       0x38 libzephyr.a(usb_device.c.obj)
 .text.usb_handle_standard_request
                0x000000006301a860      0x2b4 libzephyr.a(usb_device.c.obj)
 .text.usb_set_config
                0x000000006301ab14       0x48 libzephyr.a(usb_device.c.obj)
                0x000000006301ab14                usb_set_config
 .text.usb_enable
                0x000000006301ab5c       0xe4 libzephyr.a(usb_device.c.obj)
                0x000000006301ab5c                usb_enable
 .text.usb_fix_descriptor
                0x000000006301ac40      0x2c4 libzephyr.a(usb_descriptor.c.obj)
 .text.usbd_get_device_descriptor
                0x000000006301af04       0x50 libzephyr.a(usb_descriptor.c.obj)
                0x000000006301af04                usbd_get_device_descriptor
 .text.cdc_acm_send_notification
                0x000000006301af54       0x5c libzephyr.a(cdc_acm.c.obj)
 .text.cdc_acm_class_handle_req
                0x000000006301afb0       0x90 libzephyr.a(cdc_acm.c.obj)
                0x000000006301afb0                cdc_acm_class_handle_req
 .text.cdc_acm_bulk_in.part.7
                0x000000006301b040       0x34 libzephyr.a(cdc_acm.c.obj)
 .text.cdc_acm_int_in
                0x000000006301b074       0x34 libzephyr.a(cdc_acm.c.obj)
 .text.cdc_acm_dev_status_cb
                0x000000006301b0a8       0x6c libzephyr.a(cdc_acm.c.obj)
 .text.cdc_acm_poll_out
                0x000000006301b114       0x24 libzephyr.a(cdc_acm.c.obj)
 .text.cdc_acm_init
                0x000000006301b138       0xd0 libzephyr.a(cdc_acm.c.obj)
 .text.k_work_submit_to_queue.constprop.10
                0x000000006301b208       0x38 libzephyr.a(cdc_acm.c.obj)
 .text.cdc_acm_bulk_out
                0x000000006301b240       0xd4 libzephyr.a(cdc_acm.c.obj)
 .text.cdc_acm_bulk_in
                0x000000006301b314       0x58 libzephyr.a(cdc_acm.c.obj)
 .text.console_out
                0x000000006301b36c       0x34 libzephyr.a(uart_console.c.obj)
 .text.uart_console_hook_install
                0x000000006301b3a0       0x18 libzephyr.a(uart_console.c.obj)
                0x000000006301b3a0                uart_console_hook_install
 .text.uart_console_init
                0x000000006301b3b8       0x1c libzephyr.a(uart_console.c.obj)
 .text.compare_parameters
                0x000000006301b3d4      0x148 libzephyr.a(clocks_citadel_a7.c.obj)
                0x000000006301b3d4                compare_parameters
 .text.a7pll_determine_rate.isra.0
                0x000000006301b51c      0x17c libzephyr.a(clocks_citadel_a7.c.obj)
 .text.apply_parameters
                0x000000006301b698      0x124 libzephyr.a(clocks_citadel_a7.c.obj)
                0x000000006301b698                apply_parameters
 .text.citadel_a7_clock_control_set_subsys_rate
                0x000000006301b7bc       0x40 libzephyr.a(clocks_citadel_a7.c.obj)
                0x000000006301b7bc                citadel_a7_clock_control_set_subsys_rate
 .text.citadel_a7_clock_control_init
                0x000000006301b7fc       0x98 libzephyr.a(clocks_citadel_a7.c.obj)
 .text.bcm58202_clock_control_get_subsys_rate
                0x000000006301b894       0x5c libzephyr.a(clocks_bcm58202.c.obj)
 .text.bcm58202_clock_control_off
                0x000000006301b8f0       0x68 libzephyr.a(clocks_bcm58202.c.obj)
 .text.bcm58202_clock_control_on
                0x000000006301b958       0x68 libzephyr.a(clocks_bcm58202.c.obj)
 .text.bcm58202_clock_control_set_subsys_rate
                0x000000006301b9c0       0x9c libzephyr.a(clocks_bcm58202.c.obj)
 .text.iomux_citadel_set
                0x000000006301ba5c       0x8c libzephyr.a(iomux_bcm58202.c.obj)
 .text.adc0_ch0_isr
                0x000000006301bae8       0x24 libzephyr.a(adc.c.obj)
 .text.adc0_ch1_isr
                0x000000006301bb0c       0x24 libzephyr.a(adc.c.obj)
 .text.adc1_ch0_isr
                0x000000006301bb30       0x24 libzephyr.a(adc.c.obj)
 .text.adc1_ch1_isr
                0x000000006301bb54       0x24 libzephyr.a(adc.c.obj)
 .text.adc2_ch0_isr
                0x000000006301bb78       0x24 libzephyr.a(adc.c.obj)
 .text.adc2_ch1_isr
                0x000000006301bb9c       0x24 libzephyr.a(adc.c.obj)
 .text.bcm5820x_adc_get_snapshot
                0x000000006301bbc0       0x60 libzephyr.a(adc.c.obj)
                0x000000006301bbc0                bcm5820x_adc_get_snapshot
 .text.bcm5820x_adc_powerdown
                0x000000006301bc20       0x10 libzephyr.a(adc.c.obj)
                0x000000006301bc20                bcm5820x_adc_powerdown
 .text.bcm5820x_adc_get_data
                0x000000006301bc30       0x48 libzephyr.a(adc.c.obj)
                0x000000006301bc30                bcm5820x_adc_get_data
 .text.bcm5820x_adc_set_clk_div
                0x000000006301bc78       0x28 libzephyr.a(adc.c.obj)
                0x000000006301bc78                bcm5820x_adc_set_clk_div
 .text.bcm5820x_adc_get_clk_div
                0x000000006301bca0        0xc libzephyr.a(adc.c.obj)
                0x000000006301bca0                bcm5820x_adc_get_clk_div
 .text.bcm5820x_adc_set_rate
                0x000000006301bcac       0x28 libzephyr.a(adc.c.obj)
                0x000000006301bcac                bcm5820x_adc_set_rate
 .text.bcm5820x_adc_empty_fifo
                0x000000006301bcd4       0x3c libzephyr.a(adc.c.obj)
                0x000000006301bcd4                bcm5820x_adc_empty_fifo
 .text.bcm5820x_adc_enable_tdm
                0x000000006301bd10       0xa8 libzephyr.a(adc.c.obj)
                0x000000006301bd10                bcm5820x_adc_enable_tdm
 .text.bcm5820x_adc_disable_tdm
                0x000000006301bdb8       0x78 libzephyr.a(adc.c.obj)
                0x000000006301bdb8                bcm5820x_adc_disable_tdm
 .text.bcm5820x_adc_init_all
                0x000000006301be30       0x98 libzephyr.a(adc.c.obj)
                0x000000006301be30                bcm5820x_adc_init_all
 .text.bcm5820x_adc_init
                0x000000006301bec8       0xd8 libzephyr.a(adc.c.obj)
                0x000000006301bec8                bcm5820x_adc_init
 .text.bbl_init
                0x000000006301bfa0      0x224 libzephyr.a(bbl_bcm5820x.c.obj)
 .text.bbl_tamper_isr
                0x000000006301c1c4      0x380 libzephyr.a(bbl_bcm5820x.c.obj)
 .text.bbl_bcm5820x_tamper_detect_configure
                0x000000006301c544      0x548 libzephyr.a(bbl_bcm5820x.c.obj)
 .text.spru_poll_status
                0x000000006301ca8c       0x28 libzephyr.a(spru_bbl_access.c.obj)
 .text.spru_interface_reset
                0x000000006301cab4       0x24 libzephyr.a(spru_bbl_access.c.obj)
                0x000000006301cab4                spru_interface_reset
 .text.bbl_write_reg
                0x000000006301cad8       0x80 libzephyr.a(spru_bbl_access.c.obj)
                0x000000006301cad8                bbl_write_reg
 .text.bbl_read_reg
                0x000000006301cb58       0x84 libzephyr.a(spru_bbl_access.c.obj)
                0x000000006301cb58                bbl_read_reg
 .text.bbl_write_mem
                0x000000006301cbdc       0x80 libzephyr.a(spru_bbl_access.c.obj)
                0x000000006301cbdc                bbl_write_mem
 .text.bbl_read_mem
                0x000000006301cc5c       0x84 libzephyr.a(spru_bbl_access.c.obj)
                0x000000006301cc5c                bbl_read_mem
 .text.bbl_access_enable
                0x000000006301cce0       0xb4 libzephyr.a(spru_bbl_access.c.obj)
                0x000000006301cce0                bbl_access_enable
 .text.spru_get_rtc_time_at_startup
                0x000000006301cd94       0x1c libzephyr.a(spru_bbl_access.c.obj)
                0x000000006301cd94                spru_get_rtc_time_at_startup
 .text.crypto_rng_readout
                0x000000006301cdb0       0x2c libzephyr.a(crypto_rng.c.obj)
 .text.crypto_rng_raw_generate
                0x000000006301cddc       0x9c libzephyr.a(crypto_rng.c.obj)
                0x000000006301cddc                crypto_rng_raw_generate
 .text.crypto_rng_init
                0x000000006301ce78      0x154 libzephyr.a(crypto_rng.c.obj)
                0x000000006301ce78                crypto_rng_init
 .text.crypto_rng_selftest
                0x000000006301cfcc      0x30c libzephyr.a(crypto_selftest.c.obj)
                0x000000006301cfcc                crypto_rng_selftest
 .text.crypto_selftest_sha1
                0x000000006301d2d8       0xa0 libzephyr.a(crypto_selftest.c.obj)
                0x000000006301d2d8                crypto_selftest_sha1
 .text.crypto_test_sha256_parts
                0x000000006301d378       0xdc libzephyr.a(crypto_selftest.c.obj)
                0x000000006301d378                crypto_test_sha256_parts
 .text.crypto_selftest_sha256
                0x000000006301d454       0xc8 libzephyr.a(crypto_selftest.c.obj)
                0x000000006301d454                crypto_selftest_sha256
 .text.crypto_selftest_hmac_sha256
                0x000000006301d51c       0xec libzephyr.a(crypto_selftest.c.obj)
                0x000000006301d51c                crypto_selftest_hmac_sha256
 .text.crypto_selftest_sha3_224
                0x000000006301d608       0xc8 libzephyr.a(crypto_selftest.c.obj)
                0x000000006301d608                crypto_selftest_sha3_224
 .text.crypto_selftest_sha3_256
                0x000000006301d6d0       0xc0 libzephyr.a(crypto_selftest.c.obj)
                0x000000006301d6d0                crypto_selftest_sha3_256
 .text.crypto_selftest_sha3_384
                0x000000006301d790       0xc0 libzephyr.a(crypto_selftest.c.obj)
                0x000000006301d790                crypto_selftest_sha3_384
 .text.crypto_selftest_sha3_512
                0x000000006301d850       0xc0 libzephyr.a(crypto_selftest.c.obj)
                0x000000006301d850                crypto_selftest_sha3_512
 .text.crypto_selftest_aes_cbc
                0x000000006301d910      0x10c libzephyr.a(crypto_selftest.c.obj)
                0x000000006301d910                crypto_selftest_aes_cbc
 .text.crypto_selftest_aes_ctr
                0x000000006301da1c      0x114 libzephyr.a(crypto_selftest.c.obj)
                0x000000006301da1c                crypto_selftest_aes_ctr
 .text.crypto_selftest_aes_128_ccm
                0x000000006301db30      0x1b4 libzephyr.a(crypto_selftest.c.obj)
                0x000000006301db30                crypto_selftest_aes_128_ccm
 .text.crypto_selftest_aes_cbc_sha256_hmac
                0x000000006301dce4       0xa8 libzephyr.a(crypto_selftest.c.obj)
                0x000000006301dce4                crypto_selftest_aes_cbc_sha256_hmac
 .text.crypto_selftest_des
                0x000000006301dd8c      0x114 libzephyr.a(crypto_selftest.c.obj)
                0x000000006301dd8c                crypto_selftest_des
 .text.crypto_selftest_3des
                0x000000006301dea0      0x114 libzephyr.a(crypto_selftest.c.obj)
                0x000000006301dea0                crypto_selftest_3des
 .text.crypto_smau_dmac_configuration.isra.2
                0x000000006301dfb4      0x2a4 libzephyr.a(crypto_smau.c.obj)
 .text.crypto_smau_cipher_init
                0x000000006301e258      0x3d8 libzephyr.a(crypto_smau.c.obj)
                0x000000006301e258                crypto_smau_cipher_init
 .text.crypto_smau_cipher_start
                0x000000006301e630      0x4d8 libzephyr.a(crypto_smau.c.obj)
                0x000000006301e630                crypto_smau_cipher_start
 .text.dpa_disable
                0x000000006301eb08       0x34 libzephyr.a(crypto_symmetric.c.obj)
 .text.bcm_rng_readwords
                0x000000006301eb3c       0x8c libzephyr.a(crypto_symmetric.c.obj)
                0x000000006301eb3c                bcm_rng_readwords
 .text.dpa_xor_array
                0x000000006301ebc8       0xa4 libzephyr.a(crypto_symmetric.c.obj)
 .text.aes_dpa_enable
                0x000000006301ec6c       0xa4 libzephyr.a(crypto_symmetric.c.obj)
                0x000000006301ec6c                aes_dpa_enable
 .text.dpa_init
                0x000000006301ed10      0x118 libzephyr.a(crypto_symmetric.c.obj)
                0x000000006301ed10                dpa_init
 .text.crypto_symmetric_des_encrypt
                0x000000006301ee28      0x61c libzephyr.a(crypto_symmetric.c.obj)
                0x000000006301ee28                crypto_symmetric_des_encrypt
 .text.crypto_symmetric_des_decrypt
                0x000000006301f444      0x610 libzephyr.a(crypto_symmetric.c.obj)
                0x000000006301f444                crypto_symmetric_des_decrypt
 .text.dma_pl080_init
                0x000000006301fa54       0x78 libzephyr.a(dma_pl080.c.obj)
 .text.dma_pl080_chan_config
                0x000000006301facc      0x348 libzephyr.a(dma_pl080.c.obj)
 .text.dmu_bcm58202_device_ctrl
                0x000000006301fe14       0x6c libzephyr.a(dmu_bcm58202.c.obj)
 .text.bcm5820x_ft_get_data
                0x000000006301fe80       0x2c libzephyr.a(ft.c.obj)
                0x000000006301fe80                bcm5820x_ft_get_data
 .text.bcm5820x_ft_wait_for_sos
                0x000000006301feac       0x10 libzephyr.a(ft.c.obj)
                0x000000006301feac                bcm5820x_ft_wait_for_sos
 .text.bcm5820x_ft_disable
                0x000000006301febc       0x84 libzephyr.a(ft.c.obj)
                0x000000006301febc                bcm5820x_ft_disable
 .text.bcm5820x_ft_enable
                0x000000006301ff40      0x108 libzephyr.a(ft.c.obj)
                0x000000006301ff40                bcm5820x_ft_enable
 .text.ft_isr   0x0000000063020048       0xb0 libzephyr.a(ft.c.obj)
 .text.bcm5820x_ft_init
                0x00000000630200f8       0x68 libzephyr.a(ft.c.obj)
                0x00000000630200f8                bcm5820x_ft_init
 .text.ft_convert_char
                0x0000000063020160       0xd8 libzephyr.a(ft_parse.c.obj)
                0x0000000063020160                ft_convert_char
 .text.ft_check_lrc
                0x0000000063020238      0x114 libzephyr.a(ft_parse.c.obj)
                0x0000000063020238                ft_check_lrc
 .text.ft_decode
                0x000000006302034c       0xbc libzephyr.a(ft_parse.c.obj)
                0x000000006302034c                ft_decode
 .text.gpio_iosys_bcm58202_config
                0x0000000063020408       0xac libzephyr.a(gpio_bcm58202.c.obj)
 .text.gpio_iosys_bcm58202_config_get
                0x00000000630204b4       0x94 libzephyr.a(gpio_bcm58202.c.obj)
 .text.gpio_iosys_bcm58202_write
                0x0000000063020548       0x34 libzephyr.a(gpio_bcm58202.c.obj)
 .text.gpio_iosys_bcm58202_read
                0x000000006302057c       0x30 libzephyr.a(gpio_bcm58202.c.obj)
 .text._gpio_bcm58202_isr
                0x00000000630205ac       0x68 libzephyr.a(gpio_bcm58202.c.obj)
 .text.gpio_bcm58202_isr
                0x0000000063020614       0x30 libzephyr.a(gpio_bcm58202.c.obj)
 .text.gpio_bcm58202_manage_callback
                0x0000000063020644       0x84 libzephyr.a(gpio_bcm58202.c.obj)
 .text.i2c_bcm58202_busy_poll.isra.1
                0x00000000630206c8       0x5c libzephyr.a(i2c_bcm58202.c.obj)
 .text.i2c_bcm58202_transfer_multi
                0x0000000063020724      0x204 libzephyr.a(i2c_bcm58202.c.obj)
 .text.i2c_slave_set_address
                0x0000000063020928       0x68 libzephyr.a(i2c_bcm58202.c.obj)
                0x0000000063020928                i2c_slave_set_address
 .text.i2c_slave_get_address
                0x0000000063020990       0x8c libzephyr.a(i2c_bcm58202.c.obj)
                0x0000000063020990                i2c_slave_get_address
 .text.rb1_out  0x0000000063020a1c       0x34 libzephyr.a(msr_swipe.c.obj)
 .text.rb2_out  0x0000000063020a50       0x34 libzephyr.a(msr_swipe.c.obj)
 .text.rb3_out  0x0000000063020a84       0x34 libzephyr.a(msr_swipe.c.obj)
 .text.bcm5820x_msr_swipe_init
                0x0000000063020ab8       0x1c libzephyr.a(msr_swipe.c.obj)
                0x0000000063020ab8                bcm5820x_msr_swipe_init
 .text.bcm5820x_msr_swipe_configure_adc_info
                0x0000000063020ad4       0x60 libzephyr.a(msr_swipe.c.obj)
                0x0000000063020ad4                bcm5820x_msr_swipe_configure_adc_info
 .text.msr_adc_msrr_tr3cb
                0x0000000063020b34       0xbc libzephyr.a(msr_swipe.c.obj)
 .text.msr_adc_msrr_tr2cb
                0x0000000063020bf0       0xbc libzephyr.a(msr_swipe.c.obj)
 .text.msr_adc_msrr_tr1cb
                0x0000000063020cac       0xbc libzephyr.a(msr_swipe.c.obj)
 .text.bcm5820x_msr_swipe_disable_adc
                0x0000000063020d68       0x58 libzephyr.a(msr_swipe.c.obj)
                0x0000000063020d68                bcm5820x_msr_swipe_disable_adc
 .text.msr_full_cycle_log.isra.2
                0x0000000063020dc0       0xcc libzephyr.a(msr_swipe.c.obj)
 .text.bcm5820x_msr_swipe_gather_data
                0x0000000063020e8c      0x720 libzephyr.a(msr_swipe.c.obj)
                0x0000000063020e8c                bcm5820x_msr_swipe_gather_data
 .text.bcm5820x_msr_swipe_init_with_adc
                0x00000000630215ac      0x378 libzephyr.a(msr_swipe.c.obj)
                0x00000000630215ac                bcm5820x_msr_swipe_init_with_adc
 .text.lcd_ili9341_init
                0x0000000063021924       0x5c libzephyr.a(lcd_ili9341.c.obj)
 .text.write_data.isra.6
                0x0000000063021980       0xb4 libzephyr.a(lcd_ili9341.c.obj)
 .text.write_command
                0x0000000063021a34       0xa0 libzephyr.a(lcd_ili9341.c.obj)
 .text.lcd_ili9341_read_data
                0x0000000063021ad4       0xc8 libzephyr.a(lcd_ili9341.c.obj)
 .text.lcd_ili9341_configure
                0x0000000063021b9c      0x50c libzephyr.a(lcd_ili9341.c.obj)
 .text.restore_gic_distributor_shared
                0x00000000630220a8      0x20c libzephyr.a(save_restore.c.obj)
                0x00000000630220a8                restore_gic_distributor_shared
 .text.platform_save_context
                0x00000000630222b4       0x8c libzephyr.a(save_restore.c.obj)
                0x00000000630222b4                platform_save_context
 .text.platform_restore_context
                0x0000000063022340       0xa8 libzephyr.a(save_restore.c.obj)
                0x0000000063022340                platform_restore_context
 .text.cpu_wakeup
                0x00000000630223e8       0x28 libzephyr.a(save_restore.c.obj)
                0x00000000630223e8                cpu_wakeup
 .text.mproc_mbox_isr
                0x0000000063022410       0xd4 libzephyr.a(mproc_pm.c.obj)
 .text.bcm5820x_set_aongpio_wakeup_source
                0x00000000630224e4       0x88 libzephyr.a(mproc_pm.c.obj)
 .text.mproc_get_current_pm_state
                0x000000006302256c        0xc libzephyr.a(mproc_pm.c.obj)
                0x000000006302256c                mproc_get_current_pm_state
 .text.mproc_get_pm_state_desc
                0x0000000063022578       0x14 libzephyr.a(mproc_pm.c.obj)
                0x0000000063022578                mproc_get_pm_state_desc
 .text.bcm5820x_get_rtc_wakeup_time
                0x000000006302258c        0xc libzephyr.a(mproc_pm.c.obj)
                0x000000006302258c                bcm5820x_get_rtc_wakeup_time
 .text.bcm5820x_mailbox_isr_init
                0x0000000063022598       0x30 libzephyr.a(mproc_pm.c.obj)
 .text.mproc_pm_get_mcu_idram_content_info
                0x00000000630225c8       0xa0 libzephyr.a(mproc_pm.c.obj)
 .text.mproc_sync_m0_isr_args_from_idram
                0x0000000063022668       0x30 libzephyr.a(mproc_pm.c.obj)
 .text.citadel_pm_set_low_power_flag
                0x0000000063022698       0x7c libzephyr.a(mproc_pm.c.obj)
 .text.bcm5820x_set_tamper_wakeup_source
                0x0000000063022714      0x1e8 libzephyr.a(mproc_pm.c.obj)
 .text.bcm5820x_set_rtc_wakeup_source
                0x00000000630228fc      0x158 libzephyr.a(mproc_pm.c.obj)
 .text.clk_a7_set
                0x0000000063022a54       0x94 libzephyr.a(mproc_pm.c.obj)
 .text.calc_crc32.constprop.17
                0x0000000063022ae8       0x88 libzephyr.a(mproc_pm.c.obj)
 .text.mproc_save_smau_setting
                0x0000000063022b70      0x128 libzephyr.a(mproc_pm.c.obj)
 .text.dmu_get_soc_revision
                0x0000000063022c98       0x44 libzephyr.a(mproc_pm.c.obj)
                0x0000000063022c98                dmu_get_soc_revision
 .text.mproc_sync_m0_isr_args_to_idram.isra.11
                0x0000000063022cdc       0x88 libzephyr.a(mproc_pm.c.obj)
 .text.dmu_get_soc_state
                0x0000000063022d64       0x7c libzephyr.a(mproc_pm.c.obj)
                0x0000000063022d64                dmu_get_soc_state
 .text.citadel_pm_fastxip_support
                0x0000000063022de0       0x94 libzephyr.a(mproc_pm.c.obj)
 .text.dmu_clear_mcu_interrupt
                0x0000000063022e74       0x20 libzephyr.a(mproc_pm.c.obj)
                0x0000000063022e74                dmu_clear_mcu_interrupt
 .text.dmu_clear_mcu_event
                0x0000000063022e94       0x14 libzephyr.a(mproc_pm.c.obj)
                0x0000000063022e94                dmu_clear_mcu_event
 .text.dmu_set_mcu_event
                0x0000000063022ea8       0x20 libzephyr.a(mproc_pm.c.obj)
                0x0000000063022ea8                dmu_set_mcu_event
 .text.citadel_install_new_m0_isr
                0x0000000063022ec8      0x124 libzephyr.a(mproc_pm.c.obj)
 .text.mproc_send_mailbox_msg_to_mcu
                0x0000000063022fec       0xa8 libzephyr.a(mproc_pm.c.obj)
 .text.bcm5820x_enter_default_state
                0x0000000063023094       0x4c libzephyr.a(mproc_pm.c.obj)
 .text.bcm5820x_pm_init
                0x00000000630230e0       0xd4 libzephyr.a(mproc_pm.c.obj)
                0x00000000630230e0                bcm5820x_pm_init
 .text.bcm5820x_enter_target_state
                0x00000000630231b4      0x8f8 libzephyr.a(mproc_pm.c.obj)
 .text.pwm_bcm58202_get_cycles_per_sec
                0x0000000063023aac       0x3c libzephyr.a(pwm_bcm58602.c.obj)
 .text.pwm_bcm58202_init
                0x0000000063023ae8       0x38 libzephyr.a(pwm_bcm58602.c.obj)
                0x0000000063023ae8                pwm_bcm58202_init
 .text.pwm_one_pulse_bcm58202_pin_set
                0x0000000063023b20      0x124 libzephyr.a(pwm_bcm58602.c.obj)
 .text.pwm_bcm58202_pin_set
                0x0000000063023c44      0x15c libzephyr.a(pwm_bcm58602.c.obj)
 .text.bbl_rtc_init
                0x0000000063023da0      0x234 libzephyr.a(rtc_bcm5820x.c.obj)
 .text.bbl_rtc_disable
                0x0000000063023fd4       0x50 libzephyr.a(rtc_bcm5820x.c.obj)
 .text.bbl_rtc_enable
                0x0000000063024024       0x50 libzephyr.a(rtc_bcm5820x.c.obj)
 .text.bbl_rtc_set_alarm
                0x0000000063024074       0x70 libzephyr.a(rtc_bcm5820x.c.obj)
 .text.bbl_rtc_read
                0x00000000630240e4       0x54 libzephyr.a(rtc_bcm5820x.c.obj)
 .text.cit_sc_channel_time_set
                0x0000000063024138       0x58 libzephyr.a(sc_cit.c.obj)
 .text.sc_cit_init
                0x0000000063024190      0x1d0 libzephyr.a(sc_cit.c.obj)
 .text.cit_get_default_channel_settings
                0x0000000063024360       0x18 libzephyr.a(sc_cit_main.c.obj)
                0x0000000063024360                cit_get_default_channel_settings
 .text.cit_channel_set_parameters
                0x0000000063024378      0x1ec libzephyr.a(sc_cit_main.c.obj)
                0x0000000063024378                cit_channel_set_parameters
 .text.cit_channel_open
                0x0000000063024564       0x88 libzephyr.a(sc_cit_main.c.obj)
                0x0000000063024564                cit_channel_open
 .text.cit_channel_card_reset
                0x00000000630245ec       0x98 libzephyr.a(sc_cit_main.c.obj)
                0x00000000630245ec                cit_channel_card_reset
 .text.cit_config_timer
                0x0000000063024684      0x1a0 libzephyr.a(sc_cit_main.c.obj)
                0x0000000063024684                cit_config_timer
 .text.cit_timer_isr_control
                0x0000000063024824       0x88 libzephyr.a(sc_cit_main.c.obj)
                0x0000000063024824                cit_timer_isr_control
 .text.cit_ch_receive
                0x00000000630248ac       0x80 libzephyr.a(sc_cit_main.c.obj)
                0x00000000630248ac                cit_ch_receive
 .text.cit_tpdu_transceive
                0x000000006302492c      0x4b0 libzephyr.a(sc_cit_main.c.obj)
                0x000000006302492c                cit_tpdu_transceive
 .text.cit_channel_pps
                0x0000000063024ddc      0x140 libzephyr.a(sc_cit_main.c.obj)
                0x0000000063024ddc                cit_channel_pps
 .text.cit_channel_reset_ifd
                0x0000000063024f1c      0x138 libzephyr.a(sc_cit_main.c.obj)
                0x0000000063024f1c                cit_channel_reset_ifd
 .text.cit_channel_reset_bwt
                0x0000000063025054       0x38 libzephyr.a(sc_cit_main.c.obj)
                0x0000000063025054                cit_channel_reset_bwt
 .text.cit_channel_set_bwt_integer
                0x000000006302508c       0x70 libzephyr.a(sc_cit_main.c.obj)
                0x000000006302508c                cit_channel_set_bwt_integer
 .text.cit_channel_set_card_type_character
                0x00000000630250fc       0x84 libzephyr.a(sc_cit_main.c.obj)
                0x00000000630250fc                cit_channel_set_card_type_character
 .text.cit_channel_apdu_commands
                0x0000000063025180      0x120 libzephyr.a(sc_cit_main.c.obj)
                0x0000000063025180                cit_channel_apdu_commands
 .text.cit_apdu_transceive_t1
                0x00000000630252a0      0x338 libzephyr.a(sc_cit_main.c.obj)
                0x00000000630252a0                cit_apdu_transceive_t1
 .text.cit_apdu_transceive_t0
                0x00000000630255d8       0xfc libzephyr.a(sc_cit_main.c.obj)
                0x00000000630255d8                cit_apdu_transceive_t0
 .text.cit_adjust_wwt
                0x00000000630256d4       0x44 libzephyr.a(sc_cit_priv.c.obj)
                0x00000000630256d4                cit_adjust_wwt
 .text.cit_program_clocks
                0x0000000063025718       0x94 libzephyr.a(sc_cit_priv.c.obj)
                0x0000000063025718                cit_program_clocks
 .text.sc_f_d_adjust_without_update
                0x00000000630257ac       0x80 libzephyr.a(sc_cit_priv.c.obj)
                0x00000000630257ac                sc_f_d_adjust_without_update
 .text.cit_channel_byte_read
                0x000000006302582c       0xbc libzephyr.a(sc_cit_priv.c.obj)
                0x000000006302582c                cit_channel_byte_read
 .text.cit_channel_handler_isr
                0x00000000630258e8      0x3dc libzephyr.a(sc_cit_priv.c.obj)
                0x00000000630258e8                cit_channel_handler_isr
 .text.cit_channel_enable_intrs
                0x0000000063025cc4       0xf0 libzephyr.a(sc_cit_priv.c.obj)
                0x0000000063025cc4                cit_channel_enable_intrs
 .text.cit_channel_set_frequency
                0x0000000063025db4      0x16c libzephyr.a(sc_cit_priv.c.obj)
                0x0000000063025db4                cit_channel_set_frequency
 .text.cit_channel_set_transaction_time
                0x0000000063025f20       0x54 libzephyr.a(sc_cit_priv.c.obj)
                0x0000000063025f20                cit_channel_set_transaction_time
 .text.cit_wait_timer_event
                0x0000000063025f74       0xe0 libzephyr.a(sc_cit_priv.c.obj)
                0x0000000063025f74                cit_wait_timer_event
 .text.cit_channel_activating
                0x0000000063026054      0x210 libzephyr.a(sc_cit_priv.c.obj)
                0x0000000063026054                cit_channel_activating
 .text.cit_channel_t0t1_transmit
                0x0000000063026264      0x154 libzephyr.a(sc_cit_priv.c.obj)
                0x0000000063026264                cit_channel_t0t1_transmit
 .text.cit_channel_t14_irdeto_transmit
                0x00000000630263b8       0xd8 libzephyr.a(sc_cit_priv.c.obj)
                0x00000000630263b8                cit_channel_t14_irdeto_transmit
 .text.cit_channel_t0_read_data
                0x0000000063026490      0x178 libzephyr.a(sc_cit_priv.c.obj)
                0x0000000063026490                cit_channel_t0_read_data
 .text.cit_channel_t1_read_data
                0x0000000063026608      0x140 libzephyr.a(sc_cit_priv.c.obj)
                0x0000000063026608                cit_channel_t1_read_data
 .text.cit_acos_get_card_info
                0x0000000063026748       0xa8 libzephyr.a(sc_acos2.c.obj)
                0x0000000063026748                cit_acos_get_card_info
 .text.cit_iso_atr_receive_decode
                0x00000000630267f0      0x540 libzephyr.a(sc_cit_atrpriv.c.obj)
                0x00000000630267f0                cit_iso_atr_receive_decode
 .text.cit_emv_validate_tb3
                0x0000000063026d30      0x110 libzephyr.a(sc_cit_atrpriv.c.obj)
                0x0000000063026d30                cit_emv_validate_tb3
 .text.cit_emv_atr_receive_decode
                0x0000000063026e40      0x864 libzephyr.a(sc_cit_atrpriv.c.obj)
                0x0000000063026e40                cit_emv_atr_receive_decode
 .text.cit_get_clkdiv
                0x00000000630276a4       0x14 libzephyr.a(sc_bcm58202_clk.c.obj)
                0x00000000630276a4                cit_get_clkdiv
 .text.cit_get_etu_clkdiv
                0x00000000630276b8       0x14 libzephyr.a(sc_bcm58202_clk.c.obj)
                0x00000000630276b8                cit_get_etu_clkdiv
 .text.cit_get_prescale
                0x00000000630276cc       0x14 libzephyr.a(sc_bcm58202_clk.c.obj)
                0x00000000630276cc                cit_get_prescale
 .text.cit_get_bauddiv
                0x00000000630276e0       0x14 libzephyr.a(sc_bcm58202_clk.c.obj)
                0x00000000630276e0                cit_get_bauddiv
 .text.sdio_isr
                0x00000000630276f4       0x40 libzephyr.a(sdio_bcm5820x.c.obj)
 .text.bcm5820x_sd_set_speed
                0x0000000063027734      0x180 libzephyr.a(sdio_bcm5820x.c.obj)
 .text.bcm5820x_sd_init
                0x00000000630278b4      0x168 libzephyr.a(sdio_bcm5820x.c.obj)
 .text.bcm5820x_sd_send_cmd
                0x0000000063027a1c      0x3bc libzephyr.a(sdio_bcm5820x.c.obj)
 .text.sotp_fuse_read.constprop.0
                0x0000000063027dd8       0xa4 libzephyr.a(sotp.c.obj)
 .text.sotp_mem_read
                0x0000000063027e7c       0xb0 libzephyr.a(sotp.c.obj)
                0x0000000063027e7c                sotp_mem_read
 .text.sotp_read_dev_config
                0x0000000063027f2c       0x4c libzephyr.a(sotp.c.obj)
                0x0000000063027f2c                sotp_read_dev_config
 .text.sotp_read_key
                0x0000000063027f78       0x50 libzephyr.a(sotp.c.obj)
                0x0000000063027f78                sotp_read_key
 .text.read_crmu_otp_max_vco
                0x0000000063027fc8       0x68 libzephyr.a(sotp.c.obj)
                0x0000000063027fc8                read_crmu_otp_max_vco
 .text.read_bvc_from_chip_otp
                0x0000000063028030       0x68 libzephyr.a(sotp.c.obj)
                0x0000000063028030                read_bvc_from_chip_otp
 .text.sotp_read_chip_id
                0x0000000063028098       0x74 libzephyr.a(sotp.c.obj)
                0x0000000063028098                sotp_read_chip_id
 .text.calc_crc32
                0x000000006302810c       0x74 libzephyr.a(sotp.c.obj)
                0x000000006302810c                calc_crc32
 .text.spi_config_sspcr0.isra.3
                0x0000000063028180      0x1c0 libzephyr.a(spi_bcm58202_legacy.c.obj)
 .text.spi_config_mfio_pad_control.isra.2
                0x0000000063028340       0xc8 libzephyr.a(spi_bcm58202_legacy.c.obj)
 .text.bcm58202_spi_init
                0x0000000063028408       0x88 libzephyr.a(spi_bcm58202_legacy.c.obj)
 .text.set_sensor_reg
                0x0000000063028490       0x24 libzephyr.a(li_v024m.c.obj)
 .text.li_v024m_configure
                0x00000000630284b4      0x1b4 libzephyr.a(li_v024m.c.obj)
                0x00000000630284b4                li_v024m_configure
 .text.li_v024m_start_stream
                0x0000000063028668       0x50 libzephyr.a(li_v024m.c.obj)
                0x0000000063028668                li_v024m_start_stream
 .text.get_bpp  0x00000000630286b8       0x24 libzephyr.a(unicam_bcm5820x_csi.c.obj)
 .text.bcm5820x_unicam_csi_init
                0x00000000630286dc      0x1b0 libzephyr.a(unicam_bcm5820x_csi.c.obj)
 .text.add_msg_to_fifo
                0x000000006302888c       0x28 libzephyr.a(unicam_bcm5820x_csi.c.obj)
 .text.unicam_isr
                0x00000000630288b4       0xd0 libzephyr.a(unicam_bcm5820x_csi.c.obj)
 .text.bcm5820x_unicam_csi_start_stream
                0x0000000063028984       0xf4 libzephyr.a(unicam_bcm5820x_csi.c.obj)
 .text.img_buff_read_task_fn
                0x0000000063028a78      0x10c libzephyr.a(unicam_bcm5820x_csi.c.obj)
 .text.bcm5820x_unicam_csi_get_frame
                0x0000000063028b84      0x154 libzephyr.a(unicam_bcm5820x_csi.c.obj)
 .text.bcm5820x_unicam_csi_configure
                0x0000000063028cd8      0x460 libzephyr.a(unicam_bcm5820x_csi.c.obj)
 .text.bcm5820x_unicam_csi_stop_stream
                0x0000000063029138       0xe0 libzephyr.a(unicam_bcm5820x_csi.c.obj)
 .text.unicam_set_lane_timer_values
                0x0000000063029218       0x1c libzephyr.a(unicam_bcm5820x_csi.c.obj)
                0x0000000063029218                unicam_set_lane_timer_values
 .text.wdt_unlock
                0x0000000063029234       0x5c libzephyr.a(wdt_bcm5820x.c.obj)
 .text.wdt_lock
                0x0000000063029290       0x5c libzephyr.a(wdt_bcm5820x.c.obj)
 .text.wdt_bcm5820x_stop
                0x00000000630292ec       0xe8 libzephyr.a(wdt_bcm5820x.c.obj)
 .text.wdt_bcm5820x_feed
                0x00000000630293d4      0x11c libzephyr.a(wdt_bcm5820x.c.obj)
 .text.wdt_bcm5820x_start
                0x00000000630294f0      0x2a4 libzephyr.a(wdt_bcm5820x.c.obj)
 .text.usbd_clear_nak
                0x0000000063029794       0x50 libzephyr.a(usb_dc_bcm5820x.c.obj)
 .text.usbd_set_nak
                0x00000000630297e4       0x44 libzephyr.a(usb_dc_bcm5820x.c.obj)
 .text.usbd_pll_enable
                0x0000000063029828       0x38 libzephyr.a(usb_dc_bcm5820x.c.obj)
 .text.usbd_hw_init
                0x0000000063029860       0xc0 libzephyr.a(usb_dc_bcm5820x.c.obj)
 .text.usbd_hw_reset
                0x0000000063029920       0x70 libzephyr.a(usb_dc_bcm5820x.c.obj)
 .text.usb_dc_bcm5820x_init
                0x0000000063029990      0x228 libzephyr.a(usb_dc_bcm5820x.c.obj)
 .text.config_tx_dma
                0x0000000063029bb8       0x90 libzephyr.a(usb_dc_bcm5820x.c.obj)
 .text.usbd_rx_dma_enable
                0x0000000063029c48       0x5c libzephyr.a(usb_dc_bcm5820x.c.obj)
 .text.usbd_cancel
                0x0000000063029ca4       0x74 libzephyr.a(usb_dc_bcm5820x.c.obj)
                0x0000000063029ca4                usbd_cancel
 .text.get_rxtx_err_string
                0x0000000063029d18       0x48 libzephyr.a(usb_dc_bcm5820x.c.obj)
                0x0000000063029d18                get_rxtx_err_string
 .text.handle_ep_errors
                0x0000000063029d60      0x200 libzephyr.a(usb_dc_bcm5820x.c.obj)
                0x0000000063029d60                handle_ep_errors
 .text.handle_set_config
                0x0000000063029f60       0x58 libzephyr.a(usb_dc_bcm5820x.c.obj)
                0x0000000063029f60                handle_set_config
 .text.handle_set_interface
                0x0000000063029fb8       0x50 libzephyr.a(usb_dc_bcm5820x.c.obj)
                0x0000000063029fb8                handle_set_interface
 .text.handle_device_interrupts
                0x000000006302a008       0xb4 libzephyr.a(usb_dc_bcm5820x.c.obj)
                0x000000006302a008                handle_device_interrupts
 .text.usbd_isr
                0x000000006302a0bc      0x418 libzephyr.a(usb_dc_bcm5820x.c.obj)
 .text.usb_dc_attach
                0x000000006302a4d4       0xe0 libzephyr.a(usb_dc_bcm5820x.c.obj)
                0x000000006302a4d4                usb_dc_attach
 .text.usb_dc_set_status_callback
                0x000000006302a5b4        0xc libzephyr.a(usb_dc_bcm5820x.c.obj)
                0x000000006302a5b4                usb_dc_set_status_callback
 .text.usb_dc_ep_configure
                0x000000006302a5c0      0x1d0 libzephyr.a(usb_dc_bcm5820x.c.obj)
                0x000000006302a5c0                usb_dc_ep_configure
 .text.usb_dc_ep_set_stall
                0x000000006302a790       0x6c libzephyr.a(usb_dc_bcm5820x.c.obj)
                0x000000006302a790                usb_dc_ep_set_stall
 .text.usb_dc_ep_clear_stall
                0x000000006302a7fc       0x6c libzephyr.a(usb_dc_bcm5820x.c.obj)
                0x000000006302a7fc                usb_dc_ep_clear_stall
 .text.usb_dc_ep_is_stalled
                0x000000006302a868       0x60 libzephyr.a(usb_dc_bcm5820x.c.obj)
                0x000000006302a868                usb_dc_ep_is_stalled
 .text.usb_dc_ep_enable
                0x000000006302a8c8       0xbc libzephyr.a(usb_dc_bcm5820x.c.obj)
                0x000000006302a8c8                usb_dc_ep_enable
 .text.usb_dc_ep_set_callback
                0x000000006302a984       0x30 libzephyr.a(usb_dc_bcm5820x.c.obj)
                0x000000006302a984                usb_dc_ep_set_callback
 .text.usb_dc_ep_read_wait
                0x000000006302a9b4      0x17c libzephyr.a(usb_dc_bcm5820x.c.obj)
                0x000000006302a9b4                usb_dc_ep_read_wait
 .text.usb_dc_ep_read_continue
                0x000000006302ab30       0xa8 libzephyr.a(usb_dc_bcm5820x.c.obj)
                0x000000006302ab30                usb_dc_ep_read_continue
 .text.usb_dc_ep_write
                0x000000006302abd8       0xa8 libzephyr.a(usb_dc_bcm5820x.c.obj)
                0x000000006302abd8                usb_dc_ep_write
 .text.usb_dc_ep_mps
                0x000000006302ac80       0x1c libzephyr.a(usb_dc_bcm5820x.c.obj)
                0x000000006302ac80                usb_dc_ep_mps
 .text.usb_dc_ep_check_cap
                0x000000006302ac9c       0x80 libzephyr.a(usb_dc_bcm5820x.c.obj)
                0x000000006302ac9c                usb_dc_ep_check_cap
 .text.ohci_stop
                0x000000006302ad1c        0xc libzephyr.a(ohci.c.obj)
 .text.ohci_queueept
                0x000000006302ad28       0x34 libzephyr.a(ohci.c.obj)
 .text.ohci_ept_setaddr
                0x000000006302ad5c       0x24 libzephyr.a(ohci.c.obj)
 .text.ohci_ept_setmps
                0x000000006302ad80       0x30 libzephyr.a(ohci.c.obj)
 .text.ohci_ept_cleartoggle
                0x000000006302adb0       0x30 libzephyr.a(ohci.c.obj)
 .text.ohci_start
                0x000000006302ade0       0xf0 libzephyr.a(ohci.c.obj)
 .text.ohci_allocxfer
                0x000000006302aed0       0x3c libzephyr.a(ohci.c.obj)
 .text.ohci_allocept
                0x000000006302af0c       0x48 libzephyr.a(ohci.c.obj)
 .text.ohci_ept_create
                0x000000006302af54       0xd4 libzephyr.a(ohci.c.obj)
 .text.ohci_freexfer.isra.3
                0x000000006302b028       0x14 libzephyr.a(ohci.c.obj)
 .text.ohci_cancel_xfer
                0x000000006302b03c      0x10c libzephyr.a(ohci.c.obj)
 .text.ohci_ept_delete
                0x000000006302b148      0x11c libzephyr.a(ohci.c.obj)
 .text.ohci_intr
                0x000000006302b264      0x3bc libzephyr.a(ohci.c.obj)
 .text.ohci_xfer
                0x000000006302b620      0x68c libzephyr.a(ohci.c.obj)
 .text.ohci_create
                0x000000006302bcac      0x1a4 libzephyr.a(ohci.c.obj)
 .text.ehci_stop
                0x000000006302be50       0x10 libzephyr.a(ehci.c.obj)
 .text.ehci_init_fList
                0x000000006302be60       0x2c libzephyr.a(ehci.c.obj)
 .text.ehci_init_ItdList
                0x000000006302be8c       0x28 libzephyr.a(ehci.c.obj)
 .text.ehci_ept_delete
                0x000000006302beb4       0x50 libzephyr.a(ehci.c.obj)
 .text.ehci_ept_setmps
                0x000000006302bf04       0x24 libzephyr.a(ehci.c.obj)
 .text.ehci_start
                0x000000006302bf28       0xa8 libzephyr.a(ehci.c.obj)
 .text.ehci_enableSchedule.isra.1
                0x000000006302bfd0       0x78 libzephyr.a(ehci.c.obj)
 .text.ehci_ept_create
                0x000000006302c048       0x7c libzephyr.a(ehci.c.obj)
 .text.ehci_create
                0x000000006302c0c4      0x174 libzephyr.a(ehci.c.obj)
 .text.ehci_qtd_create.constprop.13
                0x000000006302c238       0xac libzephyr.a(ehci.c.obj)
 .text.dump_itd
                0x000000006302c2e4       0x9c libzephyr.a(ehci.c.obj)
                0x000000006302c2e4                dump_itd
 .text.ehci_setupiTD
                0x000000006302c380      0x124 libzephyr.a(ehci.c.obj)
                0x000000006302c380                ehci_setupiTD
 .text.ehci_xfer
                0x000000006302c4a4      0x698 libzephyr.a(ehci.c.obj)
 .text.ehci_reg_dump
                0x000000006302cb3c      0x18c libzephyr.a(ehci.c.obj)
                0x000000006302cb3c                ehci_reg_dump
 .text.ehci_intr
                0x000000006302ccc8      0x250 libzephyr.a(ehci.c.obj)
 .text.usbhub_attach
                0x000000006302cf18       0xd4 libzephyr.a(usbhub.c.obj)
 .text.usbhub_scan1
                0x000000006302cfec      0x2cc libzephyr.a(usbhub.c.obj)
 .text.usb_scan
                0x000000006302d2b8        0xc libzephyr.a(usbhub.c.obj)
                0x000000006302d2b8                usb_scan
 .text.usb_find_driver
                0x000000006302d2c4       0xa0 libzephyr.a(usbdriver.c.obj)
                0x000000006302d2c4                usb_find_driver
 .text.usb_create_pipe
                0x000000006302d364       0xac libzephyr.a(usb_host.c.obj)
                0x000000006302d364                usb_create_pipe
 .text.usb_destroy_all_pipes
                0x000000006302d410       0x44 libzephyr.a(usb_host.c.obj)
                0x000000006302d410                usb_destroy_all_pipes
 .text.usb_create_device
                0x000000006302d454       0xe4 libzephyr.a(usb_host.c.obj)
                0x000000006302d454                usb_create_device
 .text.usb_make_request
                0x000000006302d538       0xa0 libzephyr.a(usb_host.c.obj)
                0x000000006302d538                usb_make_request
 .text.usb_free_request
                0x000000006302d5d8       0x14 libzephyr.a(usb_host.c.obj)